BL51 BANKED LINKER/LOCATER V6.22              06/01/2016  09:49:50  PAGE 1


BL51 BANKED LINKER/LOCATER V6.22, INVOKED BY:
C:\KEIL\C51\BIN\BL51.EXE D:\Work Files\C Code\New Hardware\Multiple Profiles\m
>> aincode.obj, D:\Work Files\C Code\New Hardware\Multiple Profiles\can.obj, D
>> :\Work Files\C Code\New Hardware\Multiple Profiles\spi.obj, D:\Work Files\C
>>  Code\New Hardware\Multiple Profiles\timers.obj, D:\Work Files\C Code\New H
>> ardware\Multiple Profiles\user.obj TO D:\Work Files\C Code\New Hardware\Mul
>> tiple Profiles\maincodeOMF RS (256) PL (68) PW (78)


MEMORY MODEL: SMALL


INPUT MODULES INCLUDED:
  D:\Work Files\C Code\New Hardware\Multiple Profiles\maincode.obj (MAINCODE)
  D:\Work Files\C Code\New Hardware\Multiple Profiles\can.obj (CAN)
  D:\Work Files\C Code\New Hardware\Multiple Profiles\spi.obj (SPI)
  D:\Work Files\C Code\New Hardware\Multiple Profiles\timers.obj (TIMERS)
  D:\Work Files\C Code\New Hardware\Multiple Profiles\user.obj (USER)
  C:\KEIL\C51\LIB\C51S.LIB (?C_STARTUP)
  C:\KEIL\C51\LIB\C51S.LIB (?C?COPY)
  C:\KEIL\C51\LIB\C51S.LIB (?C?CLDPTR)
  C:\KEIL\C51\LIB\C51S.LIB (?C?CLDOPTR)
  C:\KEIL\C51\LIB\C51S.LIB (?C?CSTPTR)
  C:\KEIL\C51\LIB\C51S.LIB (?C?IILDX)
  C:\KEIL\C51\LIB\C51S.LIB (?C?SLDIV)
  C:\KEIL\C51\LIB\C51S.LIB (?C?LNOT)
  C:\KEIL\C51\LIB\C51S.LIB (?C?ULCMP)
  C:\KEIL\C51\LIB\C51S.LIB (?C?ULSHR)
  C:\KEIL\C51\LIB\C51S.LIB (?C?LSHL)
  C:\KEIL\C51\LIB\C51S.LIB (?C?LLDOPTR)
  C:\KEIL\C51\LIB\C51S.LIB (?C?LSTOPTR)
  C:\KEIL\C51\LIB\C51S.LIB (?C?LSTXDATA)
  C:\KEIL\C51\LIB\C51S.LIB (?C?LSTKXDATA)
  C:\KEIL\C51\LIB\C51S.LIB (?C?OFFXADD)
  C:\KEIL\C51\LIB\C51S.LIB (?C?LCASE)
  C:\KEIL\C51\LIB\C51S.LIB (?C?ULDIV)
  C:\KEIL\C51\LIB\C51S.LIB (?C?LLDIDATA)
  C:\KEIL\C51\LIB\C51S.LIB (?C?LLDXDATA)
  C:\KEIL\C51\LIB\C51S.LIB (?C?LLDPDATA)
  C:\KEIL\C51\LIB\C51S.LIB (?C?LLDCODE)
  C:\KEIL\C51\LIB\C51S.LIB (?C?LSTIDATA)
  C:\KEIL\C51\LIB\C51S.LIB (?C?LSTPDATA)


LINK MAP OF MODULE:  D:\Work Files\C Code\New Hardware\Multiple Profiles\mainc
>> odeOMF (MAINCODE)


            TYPE    BASE      LENGTH    RELOCATION   SEGMENT NAME
            -----------------------------------------------------

            * * * * * * *   D A T A   M E M O R Y   * * * * * * *
            REG     0000H     0008H     ABSOLUTE     "REG BANK 0"
            DATA    0008H     000EH     UNIT         ?DT?MAINCODE
            DATA    0016H     0004H     UNIT         ?DT?TIMERS
            DATA    001AH     0001H     UNIT         ?DT?SPI
                    001BH     0005H                  *** GAP ***
            BIT     0020H.0   0000H.5   UNIT         ?BI?MAINCODE
            BIT     0020H.5   0000H.3   UNIT         _BIT_GROUP_
            DATA    0021H     0048H     UNIT         _DATA_GROUP_
            IDATA   0069H     0001H     UNIT         ?STACK

            * * * * * * *  X D A T A   M E M O R Y  * * * * * * *
            XDATA   0000H     0326H     UNIT         ?XD?MAINCODE
            XDATA   0326H     0003H     UNIT         ?XD?CAN

BL51 BANKED LINKER/LOCATER V6.22            06/01/2016  09:49:50  PAGE 2


            * * * * * * *   C O D E   M E M O R Y   * * * * * * *
            CODE    0000H     0003H     ABSOLUTE     
            CODE    0003H     0003H     ABSOLUTE     
            CODE    0006H     0060H     UNIT         ?PR?_INIT_MSG_OBJECT_RX?C
>> AN
            CODE    0066H     000CH     UNIT         ?C_C51STARTUP
            CODE    0072H     0001H     UNIT         ?PR?USER8?USER
            CODE    0073H     0003H     ABSOLUTE     
            CODE    0076H     0022H     UNIT         ?PR?_CAN1START_TRANSMIT?S
>> PI
            CODE    0098H     0003H     UNIT         ?CO?SPI
            CODE    009BH     0003H     ABSOLUTE     
            CODE    009EH     17FAH     UNIT         ?PR?USER2?USER
            CODE    1898H     176DH     UNIT         ?PR?USER1?USER
            CODE    3005H     040EH     UNIT         ?PR?CHECKBUTTS?MAINCODE
            CODE    3413H     03C8H     UNIT         ?PR?_PROCESSRX?MAINCODE
            CODE    37DBH     0399H     UNIT         ?C?LIB_CODE
            CODE    3B74H     033BH     UNIT         ?PR?CHECKMESGS?TIMERS
            CODE    3EAFH     01C7H     UNIT         ?PR?_RX_CAN_FRAME?CAN
            CODE    4076H     0199H     UNIT         ?PR?_CAN1READ_CANMSG?SPI
            CODE    420FH     0164H     UNIT         ?PR?READINPUTS?TIMERS
            CODE    4373H     015AH     UNIT         ?PR?_ADDMESSAGE?MAINCODE
            CODE    44CDH     012BH     UNIT         ?PR?MAIN?MAINCODE
            CODE    45F8H     0125H     UNIT         ?PR?_ALTERMESSAGEBYTE?MAI
>> NCODE
            CODE    471DH     010FH     UNIT         ?PR?_INITRXFRAMEID?CAN
            CODE    482CH     0100H     UNIT         ?PR?_SIMPLEBUTTONCONFIG?M
>> AINCODE
            CODE    492CH     00EEH     UNIT         ?PR?_RXMESSAGECONFIG2?MAI
>> NCODE
            CODE    4A1AH     00EDH     UNIT         ?PR?CAN1INITCANBUFFERS?SP
>> I
            CODE    4B07H     00E7H     UNIT         ?PR?_TX_CAN_FRAME?CAN
            CODE    4BEEH     00E3H     UNIT         ?PR?_RXMESSAGECONFIG1?MAI
>> NCODE
            CODE    4CD1H     00E3H     UNIT         ?PR?_CAN1WRITE_CANMSG?SPI
>> 
            CODE    4DB4H     00DEH     UNIT         ?PR?CHECKRELAY?MAINCODE
            CODE    4E92H     00BDH     UNIT         ?PR?_CAN1INIT_FILTERSNMAS
>> KS?SPI
            CODE    4F4FH     0099H     UNIT         ?PR?CLEARUSERVARS?MAINCOD
>> E
            CODE    4FE8H     0092H     UNIT         ?PR?_CLEAR_MESSAGE_OBJECT
>> ?CAN
            CODE    507AH     0087H     UNIT         ?PR?_CAN1WRITE_ID?SPI
            CODE    5101H     007FH     UNIT         ?PR?_RELAYCTRL?MAINCODE
            CODE    5180H     007BH     UNIT         ?PR?INT_CAN?CAN
            CODE    51FBH     006FH     UNIT         ?PR?_MEMMANAGE?MAINCODE
            CODE    526AH     0060H     UNIT         ?PR?_CAN1INIT?SPI
            CODE    52CAH     0055H     UNIT         ?PR?INT_T3_OV?TIMERS
            CODE    531FH     0052H     UNIT         ?PR?_CAN1CONFIGRATE?SPI
            CODE    5371H     0051H     UNIT         ?PR?_ROTARY2VALUE?TIMERS
            CODE    53C2H     0049H     UNIT         ?PR?_CAN1GETNEXTFREETXBUF
>> ?SPI
            CODE    540BH     0044H     UNIT         ?C?LDIV
            CODE    544FH     0039H     UNIT         ?PR?_START_TIMER3?TIMERS
            CODE    5488H     002FH     UNIT         ?PR?_TXFRAME?CAN
            CODE    54B7H     002FH     UNIT         ?PR?_CAN1SETREGISTERS?SPI
>> 
            CODE    54E6H     002FH     UNIT         ?PR?USER3?USER
            CODE    5515H     002FH     UNIT         ?PR?USER4?USER
            CODE    5544H     002FH     UNIT         ?PR?USER5?USER
            CODE    5573H     002FH     UNIT         ?PR?USER6?USER
            CODE    55A2H     002FH     UNIT         ?PR?USER7?USER
            CODE    55D1H     002AH     UNIT         ?PR?_CONFIG_CAN_TIMING?CA
BL51 BANKED LINKER/LOCATER V6.22            06/01/2016  09:49:50  PAGE 3


>> N
            CODE    55FBH     0029H     UNIT         ?PR?CONFIG_IO?MAINCODE
            CODE    5624H     0022H     UNIT         ?CO?USER
            CODE    5646H     0021H     UNIT         ?PR?_MSECDELAY?TIMERS
            CODE    5667H     001EH     UNIT         ?PR?_CAN1READREGISTER?SPI
>> 
            CODE    5685H     001DH     UNIT         ?PR?_CAN1MODIFYREGISTER?S
>> PI
            CODE    56A2H     001DH     UNIT         ?PR?_CAN1SETCANCTRL_MODE?
>> SPI
            CODE    56BFH     001CH     UNIT         ?PR?OSCILLATOR_INIT?TIMER
>> S
            CODE    56DBH     0019H     UNIT         ?PR?SPI_RXBYTE?SPI
            CODE    56F4H     0017H     UNIT         ?PR?_CAN1SETREGISTER?SPI
            CODE    570BH     0017H     UNIT         ?PR?CAN1READSTATUS?SPI
            CODE    5722H     0017H     UNIT         ?PR?CAN1READRXSTAT?SPI
            CODE    5739H     0016H     UNIT         ?PR?_SPICAN?SPI
            CODE    574FH     0016H     UNIT         ?PR?CAN1RESET?SPI
            CODE    5765H     000FH     UNIT         ?PR?_SPI_TXBYTE?SPI
            CODE    5774H     000FH     UNIT         ?PR?_CODEDELAY?TIMERS
            CODE    5783H     000EH     UNIT         ?PR?SPI_INIT?SPI
            CODE    5791H     000BH     UNIT         ?PR?_CAN1BEGIN?SPI
            CODE    579CH     0005H     UNIT         ?PR?INT_CAN1?SPI



OVERLAY MAP OF MODULE:   D:\Work Files\C Code\New Hardware\Multiple Profiles\m
>> aincodeOMF (MAINCODE)


SEGMENT                                     BIT_GROUP          DATA_GROUP 
  +--> CALLED SEGMENT                    START    LENGTH     START    LENGTH
----------------------------------------------------------------------------
?PR?INT_CAN?CAN                          -----    -----      0021H    0002H
  +--> ?PR?_RX_CAN_FRAME?CAN

?PR?_RX_CAN_FRAME?CAN                    -----    -----      0023H    0001H

*** NEW ROOT ***************************************************

?PR?INT_T3_OV?TIMERS                     -----    -----      -----    -----
  +--> ?PR?READINPUTS?TIMERS
  +--> ?PR?CHECKMESGS?TIMERS

?PR?READINPUTS?TIMERS                    -----    -----      0024H    000AH
  +--> ?PR?_CODEDELAY?TIMERS
  +--> ?PR?_ROTARY2VALUE?TIMERS

?PR?_ROTARY2VALUE?TIMERS                 -----    -----      002EH    0001H

?PR?CHECKMESGS?TIMERS                    0020H.5  0000H.1    0024H    0003H
  +--> ?PR?_TXFRAME?CAN

?PR?_TXFRAME?CAN                         -----    -----      0027H    0002H
  +--> ?PR?_TX_CAN_FRAME?CAN
  +--> ?PR?_CAN1GETNEXTFREETXBUF?SPI
  +--> ?PR?_CAN1WRITE_CANMSG?SPI
  +--> ?PR?_CAN1START_TRANSMIT?SPI

?PR?_CAN1GETNEXTFREETXBUF?SPI            -----    -----      0029H    0006H
  +--> ?CO?SPI
  +--> ?PR?_CAN1READREGISTER?SPI

?PR?_CAN1READREGISTER?SPI                -----    -----      -----    -----
  +--> ?PR?_SPICAN?SPI
BL51 BANKED LINKER/LOCATER V6.22            06/01/2016  09:49:50  PAGE 4


  +--> ?PR?_SPI_TXBYTE?SPI
  +--> ?PR?SPI_RXBYTE?SPI

?PR?_CAN1WRITE_CANMSG?SPI                -----    -----      0029H    0004H
  +--> ?PR?_SPICAN?SPI
  +--> ?PR?_SPI_TXBYTE?SPI

?PR?_CAN1START_TRANSMIT?SPI              -----    -----      -----    -----
  +--> ?PR?_SPICAN?SPI
  +--> ?PR?_SPI_TXBYTE?SPI

*** NEW ROOT ***************************************************

?C_C51STARTUP                            -----    -----      -----    -----
  +--> ?PR?MAIN?MAINCODE

?PR?MAIN?MAINCODE                        -----    -----      -----    -----
  +--> ?PR?CONFIG_IO?MAINCODE
  +--> ?PR?OSCILLATOR_INIT?TIMERS
  +--> ?PR?SPI_INIT?SPI
  +--> ?PR?_CAN1BEGIN?SPI
  +--> ?PR?_CONFIG_CAN_TIMING?CAN
  +--> ?PR?CLEARUSERVARS?MAINCODE
  +--> ?PR?_START_TIMER3?TIMERS
  +--> ?PR?_MSECDELAY?TIMERS
  +--> ?PR?USER1?USER
  +--> ?PR?USER2?USER
  +--> ?PR?USER3?USER
  +--> ?PR?USER4?USER
  +--> ?PR?USER5?USER
  +--> ?PR?USER6?USER
  +--> ?PR?USER7?USER
  +--> ?PR?USER8?USER

?PR?OSCILLATOR_INIT?TIMERS               -----    -----      002FH    0001H
  +--> ?PR?_CODEDELAY?TIMERS

?PR?_CAN1BEGIN?SPI                       -----    -----      -----    -----
  +--> ?PR?_CAN1INIT?SPI

?PR?_CAN1INIT?SPI                        -----    -----      002FH    0001H
  +--> ?PR?CAN1RESET?SPI
  +--> ?PR?_CAN1SETCANCTRL_MODE?SPI
  +--> ?PR?_CAN1CONFIGRATE?SPI
  +--> ?PR?CAN1INITCANBUFFERS?SPI
  +--> ?PR?_CAN1SETREGISTER?SPI
  +--> ?PR?_CAN1MODIFYREGISTER?SPI
  +--> ?PR?_CAN1INIT_FILTERSNMASKS?SPI

?PR?CAN1RESET?SPI                        -----    -----      -----    -----
  +--> ?PR?_SPICAN?SPI
  +--> ?PR?_SPI_TXBYTE?SPI
  +--> ?PR?_CODEDELAY?TIMERS

?PR?_CAN1SETCANCTRL_MODE?SPI             -----    -----      -----    -----
  +--> ?PR?_CAN1MODIFYREGISTER?SPI
  +--> ?PR?_CAN1READREGISTER?SPI

?PR?_CAN1MODIFYREGISTER?SPI              -----    -----      -----    -----
  +--> ?PR?_SPICAN?SPI
  +--> ?PR?_SPI_TXBYTE?SPI

?PR?_CAN1CONFIGRATE?SPI                  -----    -----      -----    -----
  +--> ?PR?_CAN1SETREGISTER?SPI

BL51 BANKED LINKER/LOCATER V6.22            06/01/2016  09:49:50  PAGE 5


?PR?_CAN1SETREGISTER?SPI                 -----    -----      -----    -----
  +--> ?PR?_SPICAN?SPI
  +--> ?PR?_SPI_TXBYTE?SPI

?PR?CAN1INITCANBUFFERS?SPI               -----    -----      0030H    0008H
  +--> ?PR?_CAN1WRITE_ID?SPI
  +--> ?PR?_CAN1SETREGISTER?SPI

?PR?_CAN1WRITE_ID?SPI                    -----    -----      0038H    0009H
  +--> ?PR?_CAN1SETREGISTERS?SPI

?PR?_CAN1SETREGISTERS?SPI                -----    -----      0041H    0005H
  +--> ?PR?_SPICAN?SPI
  +--> ?PR?_SPI_TXBYTE?SPI

?PR?_CAN1INIT_FILTERSNMASKS?SPI          -----    -----      0030H    0005H
  +--> ?PR?_CAN1SETCANCTRL_MODE?SPI
  +--> ?PR?_CAN1WRITE_ID?SPI

?PR?CLEARUSERVARS?MAINCODE               -----    -----      -----    -----
  +--> ?PR?_CLEAR_MESSAGE_OBJECT?CAN

?PR?_CLEAR_MESSAGE_OBJECT?CAN            -----    -----      002FH    0001H

?PR?USER1?USER                           0020H.6  0000H.1    002FH    001CH
  +--> ?CO?USER
  +--> ?PR?_MEMMANAGE?MAINCODE
  +--> ?PR?_ADDMESSAGE?MAINCODE
  +--> ?PR?_SIMPLEBUTTONCONFIG?MAINCODE
  +--> ?PR?_RXMESSAGECONFIG1?MAINCODE
  +--> ?PR?_RXMESSAGECONFIG2?MAINCODE
  +--> ?PR?_PROCESSRX?MAINCODE
  +--> ?PR?CAN1READSTATUS?SPI
  +--> ?PR?_CAN1READ_CANMSG?SPI
  +--> ?PR?_CAN1READREGISTER?SPI
  +--> ?PR?_ALTERMESSAGEBYTE?MAINCODE
  +--> ?PR?_CAN1MODIFYREGISTER?SPI
  +--> ?PR?CAN1READRXSTAT?SPI
  +--> ?PR?CHECKRELAY?MAINCODE
  +--> ?PR?CHECKBUTTS?MAINCODE

?PR?_MEMMANAGE?MAINCODE                  -----    -----      004BH    0005H

?PR?_ADDMESSAGE?MAINCODE                 -----    -----      004BH    000CH

?PR?_SIMPLEBUTTONCONFIG?MAINCODE         -----    -----      004BH    000FH

?PR?_RXMESSAGECONFIG1?MAINCODE           -----    -----      004BH    000DH
  +--> ?PR?_INITRXFRAMEID?CAN

?PR?_INITRXFRAMEID?CAN                   -----    -----      0058H    000AH
  +--> ?PR?_INIT_MSG_OBJECT_RX?CAN

?PR?_INIT_MSG_OBJECT_RX?CAN              -----    -----      0062H    0005H

?PR?_RXMESSAGECONFIG2?MAINCODE           -----    -----      004BH    000FH

?PR?_PROCESSRX?MAINCODE                  0020H.7  0000H.1    004BH    0011H
  +--> ?PR?_ALTERMESSAGEBYTE?MAINCODE

?PR?_ALTERMESSAGEBYTE?MAINCODE           -----    -----      005CH    000DH

?PR?CAN1READSTATUS?SPI                   -----    -----      -----    -----
  +--> ?PR?_SPICAN?SPI
  +--> ?PR?_SPI_TXBYTE?SPI
BL51 BANKED LINKER/LOCATER V6.22            06/01/2016  09:49:50  PAGE 6


  +--> ?PR?SPI_RXBYTE?SPI

?PR?_CAN1READ_CANMSG?SPI                 -----    -----      004BH    0006H
  +--> ?PR?_SPICAN?SPI
  +--> ?PR?_SPI_TXBYTE?SPI
  +--> ?PR?SPI_RXBYTE?SPI

?PR?CAN1READRXSTAT?SPI                   -----    -----      -----    -----
  +--> ?PR?_SPICAN?SPI
  +--> ?PR?_SPI_TXBYTE?SPI
  +--> ?PR?SPI_RXBYTE?SPI

?PR?CHECKRELAY?MAINCODE                  0020H.7  0000H.1    004BH    0001H
  +--> ?PR?_RELAYCTRL?MAINCODE

?PR?_RELAYCTRL?MAINCODE                  -----    -----      -----    -----
  +--> ?PR?_CAN1MODIFYREGISTER?SPI

?PR?CHECKBUTTS?MAINCODE                  -----    -----      004BH    0010H
  +--> ?PR?_ALTERMESSAGEBYTE?MAINCODE

?PR?USER2?USER                           0020H.6  0000H.1    002FH    001CH
  +--> ?CO?USER
  +--> ?PR?_MEMMANAGE?MAINCODE
  +--> ?PR?_ADDMESSAGE?MAINCODE
  +--> ?PR?_SIMPLEBUTTONCONFIG?MAINCODE
  +--> ?PR?_RXMESSAGECONFIG1?MAINCODE
  +--> ?PR?_RXMESSAGECONFIG2?MAINCODE
  +--> ?PR?_PROCESSRX?MAINCODE
  +--> ?PR?CAN1READSTATUS?SPI
  +--> ?PR?_CAN1READ_CANMSG?SPI
  +--> ?PR?_CAN1READREGISTER?SPI
  +--> ?PR?_ALTERMESSAGEBYTE?MAINCODE
  +--> ?PR?_CAN1MODIFYREGISTER?SPI
  +--> ?PR?CAN1READRXSTAT?SPI
  +--> ?PR?CHECKRELAY?MAINCODE
  +--> ?PR?CHECKBUTTS?MAINCODE

?PR?USER3?USER                           -----    -----      002FH    0001H
  +--> ?PR?_MSECDELAY?TIMERS

?PR?USER4?USER                           -----    -----      002FH    0001H
  +--> ?PR?_MSECDELAY?TIMERS

?PR?USER5?USER                           -----    -----      002FH    0001H
  +--> ?PR?_MSECDELAY?TIMERS

?PR?USER6?USER                           -----    -----      002FH    0001H
  +--> ?PR?_MSECDELAY?TIMERS

?PR?USER7?USER                           -----    -----      002FH    0001H
  +--> ?PR?_MSECDELAY?TIMERS



SYMBOL TABLE OF MODULE:  D:\Work Files\C Code\New Hardware\Multiple Profiles\m
>> aincodeOMF (MAINCODE)

  VALUE           TYPE          NAME
  ----------------------------------

  -------         MODULE        MAINCODE
  C:0000H         SYMBOL        _ICE_DUMMY_
  D:0080H         PUBLIC        P0
  X:0000H         PUBLIC        MaxRxTraps
BL51 BANKED LINKER/LOCATER V6.22            06/01/2016  09:49:50  PAGE 7


  D:0008H         PUBLIC        Mesgs
  D:00FFH         PUBLIC        WDTCN
  D:00A0H         PUBLIC        P2
  D:00B0H         PUBLIC        P3
  B:00A8H.7       PUBLIC        EA
  D:00E7H         PUBLIC        EIE2
  B:00A0H.3       PUBLIC        LED1
  D:00E8H         PUBLIC        ADC0CN
  D:0084H         PUBLIC        SFRPAGE
  D:00A4H         PUBLIC        P0MDOUT
  D:00E8H         PUBLIC        ADC2CN
  D:00A5H         PUBLIC        P1MDOUT
  D:00A8H         PUBLIC        IE
  D:00A6H         PUBLIC        P2MDOUT
  D:00A7H         PUBLIC        P3MDOUT
  D:00F7H         PUBLIC        EIP2
  D:000AH         PUBLIC        keyChange
  D:00F8H         PUBLIC        CAN0CN
  D:00D8H         PUBLIC        PCA0CN
  C:5101H         PUBLIC        _RelayCtrl
  X:0001H         PUBLIC        RelayCnf
  D:00B8H         PUBLIC        IP
  D:00E1H         PUBLIC        XBR0
  D:00E2H         PUBLIC        XBR1
  D:00E3H         PUBLIC        XBR2
  D:00E4H         PUBLIC        XBR3
  C:4BEEH         PUBLIC        _RxMessageConfig1
  C:492CH         PUBLIC        _RxMessageConfig2
  D:00C0H         PUBLIC        SMB0CN
  C:44CDH         PUBLIC        main
  B:0020H.2       PUBLIC        CANintMode
  X:0009H         PUBLIC        MaxMesgs
  X:000AH         PUBLIC        rxframe0
  D:0088H         PUBLIC        CPT0CN
  X:01CAH         PUBLIC        rxframe1
  C:4F4FH         PUBLIC        ClearUserVars
  D:00ADH         PUBLIC        P1MDIN
  D:0088H         PUBLIC        CPT1CN
  D:00AEH         PUBLIC        P2MDIN
  D:0088H         PUBLIC        CPT2CN
  D:00AFH         PUBLIC        P3MDIN
  C:3413H         PUBLIC        _ProcessRx
  D:00F8H         PUBLIC        SPI0CN
  B:00B0H.4       PUBLIC        RELAY1
  B:00B0H.5       PUBLIC        RELAY2
  X:02AAH         PUBLIC        MesgCnt
  X:02ABH         PUBLIC        OneTime
  D:0088H         PUBLIC        TCON
  D:00C8H         PUBLIC        TMR2CN
  D:00C8H         PUBLIC        TMR3CN
  D:00C8H         PUBLIC        TMR4CN
  B:00A0H.2       PUBLIC        SEL_CAN_C
  D:000EH         PUBLIC        keys
  X:02D5H         PUBLIC        ButtCnt
  C:482CH         PUBLIC        _SimpleButtonConfig
  X:02D6H         PUBLIC        RelayChange
  B:0020H.3       PUBLIC        RxCAN0
  B:0020H.4       PUBLIC        RxCAN1
  X:02D7H         PUBLIC        RxCAN1IDs
  C:4373H         PUBLIC        _AddMessage
  D:0012H         PUBLIC        RxMesg
  C:45F8H         PUBLIC        _AlterMessageByte
  C:4DB4H         PUBLIC        CheckRelay
  D:0098H         PUBLIC        SCON0
  D:0098H         PUBLIC        SCON1
BL51 BANKED LINKER/LOCATER V6.22            06/01/2016  09:49:50  PAGE 8


  D:00C0H         PUBLIC        CAN0STA
  C:51FBH         PUBLIC        _MemManage
  X:0317H         PUBLIC        RxCnt
  C:55FBH         PUBLIC        config_IO
  D:0014H         PUBLIC        Buttons
  C:3005H         PUBLIC        CheckButts
  D:00D0H         PUBLIC        PSW
  X:0318H         PUBLIC        txframe
  -------         PROC          MAIN
  C:44CDH         LINE#         30
  C:44CDH         LINE#         31
  C:44CDH         LINE#         32
  C:44D0H         LINE#         33
  C:44D3H         LINE#         35
  C:44D6H         LINE#         36
  C:44D9H         LINE#         40
  C:44DCH         LINE#         41
  C:44E1H         LINE#         45
  C:44E3H         LINE#         46
  C:44EAH         LINE#         48
  C:44EDH         LINE#         49
  C:44F0H         LINE#         52
  C:44F3H         LINE#         53
  C:44F6H         LINE#         56
  C:44F9H         LINE#         60
  C:4500H         LINE#         64
  C:4502H         LINE#         65
  C:4509H         LINE#         66
  C:450BH         LINE#         68
  C:450BH         LINE#         69
  C:450BH         LINE#         70
  C:454BH         LINE#         71
  C:454BH         LINE#         72
  C:454BH         LINE#         73
  C:454EH         LINE#         74
  C:4550H         LINE#         75
  C:4550H         LINE#         76
  C:4553H         LINE#         77
  C:4555H         LINE#         78
  C:4555H         LINE#         79
  C:4558H         LINE#         80
  C:455AH         LINE#         81
  C:455AH         LINE#         82
  C:455DH         LINE#         83
  C:455FH         LINE#         84
  C:455FH         LINE#         85
  C:4562H         LINE#         86
  C:4564H         LINE#         87
  C:4564H         LINE#         88
  C:4567H         LINE#         89
  C:4569H         LINE#         90
  C:4569H         LINE#         91
  C:456CH         LINE#         92
  C:456EH         LINE#         93
  C:456EH         LINE#         94
  C:4571H         LINE#         95
  C:4571H         LINE#         96
  C:4571H         LINE#         99
  C:4580H         LINE#         100
  C:4598H         LINE#         101
  C:45BEH         LINE#         102
  C:45E0H         LINE#         104
  C:45F2H         LINE#         106
  C:45F5H         LINE#         107
  -------         ENDPROC       MAIN
BL51 BANKED LINKER/LOCATER V6.22            06/01/2016  09:49:50  PAGE 9


  -------         PROC          _MEMMANAGE
  D:0004H         SYMBOL        Bcnt
  D:0001H         SYMBOL        Mcnt
  D:0003H         SYMBOL        Rcnt
  D:004EH         SYMBOL        FirstAddress
  C:51FBH         LINE#         110
  C:51FFH         LINE#         111
  C:51FFH         LINE#         112
  C:5236H         LINE#         113
  C:5236H         LINE#         114
  C:523CH         LINE#         115
  C:524EH         LINE#         116
  C:5264H         LINE#         117
  C:5267H         LINE#         118
  C:5267H         LINE#         120
  C:5269H         LINE#         121
  -------         ENDPROC       _MEMMANAGE
  -------         PROC          CLEARUSERVARS
  -------         DO            
  D:0003H         SYMBOL        i
  D:0007H         SYMBOL        j
  -------         ENDDO         
  C:4F4FH         LINE#         123
  C:4F4FH         LINE#         124
  C:4F4FH         LINE#         127
  C:4F51H         LINE#         128
  C:4F51H         LINE#         129
  C:4F61H         LINE#         130
  C:4F76H         LINE#         131
  C:4F86H         LINE#         132
  C:4F87H         LINE#         133
  C:4FA5H         LINE#         134
  C:4FA9H         LINE#         136
  C:4FABH         LINE#         137
  C:4FADH         LINE#         139
  C:4FAFH         LINE#         140
  C:4FB1H         LINE#         141
  C:4FB6H         LINE#         142
  C:4FB6H         LINE#         143
  C:4FC0H         LINE#         145
  C:4FC9H         LINE#         146
  C:4FD2H         LINE#         148
  C:4FD7H         LINE#         149
  C:4FDBH         LINE#         150
  C:4FDFH         LINE#         151
  C:4FE4H         LINE#         152
  C:4FE7H         LINE#         153
  -------         ENDPROC       CLEARUSERVARS
  -------         PROC          CONFIG_IO
  -------         DO            
  D:0007H         SYMBOL        SFRPAGE_SAVE
  -------         ENDDO         
  C:55FBH         LINE#         155
  C:55FBH         LINE#         156
  C:55FBH         LINE#         157
  C:55FDH         LINE#         159
  C:5600H         LINE#         161
  C:5603H         LINE#         162
  C:5606H         LINE#         163
  C:5609H         LINE#         164
  C:560CH         LINE#         166
  C:560FH         LINE#         168
  C:5612H         LINE#         169
  C:5615H         LINE#         171
  C:5618H         LINE#         172
BL51 BANKED LINKER/LOCATER V6.22            06/01/2016  09:49:50  PAGE 10


  C:561BH         LINE#         174
  C:561EH         LINE#         175
  C:5621H         LINE#         177
  C:5623H         LINE#         178
  -------         ENDPROC       CONFIG_IO
  -------         PROC          CHECKRELAY
  -------         DO            
  D:004BH         SYMBOL        i
  B:0020H.7       SYMBOL        Invert
  -------         ENDDO         
  C:4DB4H         LINE#         180
  C:4DB4H         LINE#         181
  C:4DB4H         LINE#         185
  C:4DB7H         LINE#         186
  C:4DB7H         LINE#         187
  C:4DCEH         LINE#         189
  C:4DE4H         LINE#         190
  C:4DE4H         LINE#         191
  C:4DF0H         LINE#         192
  C:4E08H         LINE#         193
  C:4E08H         LINE#         194
  C:4E1BH         LINE#         195
  C:4E1BH         LINE#         196
  C:4E2DH         LINE#         197
  C:4E38H         LINE#         199
  C:4E38H         LINE#         200
  C:4E45H         LINE#         201
  C:4E56H         LINE#         202
  C:4E6DH         LINE#         203
  C:4E6DH         LINE#         204
  C:4E85H         LINE#         205
  C:4E85H         LINE#         206
  C:4E91H         LINE#         207
  -------         ENDPROC       CHECKRELAY
  -------         PROC          CHECKBUTTS
  -------         DO            
  D:004BH         SYMBOL        button
  D:004CH         SYMBOL        i
  D:004DH         SYMBOL        j
  D:004EH         SYMBOL        x
  D:004FH         SYMBOL        value
  D:0057H         SYMBOL        changebits
  -------         ENDDO         
  C:3005H         LINE#         209
  C:3005H         LINE#         210
  C:3005H         LINE#         216
  C:301AH         LINE#         218
  C:3027H         LINE#         219
  C:3043H         LINE#         221
  C:3068H         LINE#         223
  C:3071H         LINE#         224
  C:3071H         LINE#         226
  C:3074H         LINE#         227
  C:3092H         LINE#         228
  C:309AH         LINE#         229
  C:30C7H         LINE#         230
  C:30E6H         LINE#         232
  C:3132H         LINE#         234
  C:3140H         LINE#         235
  C:3140H         LINE#         236
  C:315BH         LINE#         237
  C:315BH         LINE#         238
  C:3182H         LINE#         239
  C:3202H         LINE#         240
  C:3247H         LINE#         241
BL51 BANKED LINKER/LOCATER V6.22            06/01/2016  09:49:50  PAGE 11


  C:324AH         LINE#         243
  C:324AH         LINE#         244
  C:326AH         LINE#         245
  C:326AH         LINE#         246
  C:328DH         LINE#         247
  C:32DDH         LINE#         248
  C:32F8H         LINE#         249
  C:32F8H         LINE#         250
  C:32F8H         LINE#         252
  C:32F8H         LINE#         253
  C:32FBH         LINE#         255
  C:32FBH         LINE#         256
  C:3316H         LINE#         257
  C:3316H         LINE#         258
  C:3357H         LINE#         259
  C:3361H         LINE#         260
  C:3361H         LINE#         261
  C:3364H         LINE#         262
  C:33ADH         LINE#         263
  C:33BFH         LINE#         264
  C:33ECH         LINE#         266
  C:3412H         LINE#         267
  C:3412H         LINE#         268
  C:3412H         LINE#         269
  C:3412H         LINE#         270
  C:3412H         LINE#         271
  -------         ENDPROC       CHECKBUTTS
  -------         PROC          _PROCESSRX
  D:004BH         SYMBOL        port
  D:004CH         SYMBOL        index
  -------         DO            
  D:004DH         SYMBOL        i
  D:004EH         SYMBOL        j
  D:004FH         SYMBOL        x
  D:0050H         SYMBOL        value
  D:0058H         SYMBOL        RxMsg
  D:0059H         SYMBOL        rx
  B:0020H.7       SYMBOL        test
  -------         ENDDO         
  C:3413H         LINE#         276
  C:3417H         LINE#         277
  C:3417H         LINE#         282
  C:3419H         LINE#         284
  C:341DH         LINE#         285
  C:3428H         LINE#         287
  C:3431H         LINE#         289
  C:3434H         LINE#         290
  C:3438H         LINE#         291
  C:343BH         LINE#         294
  C:3460H         LINE#         296
  C:3469H         LINE#         297
  C:3469H         LINE#         299
  C:3469H         LINE#         300
  C:346CH         LINE#         301
  C:346CH         LINE#         303
  C:3490H         LINE#         304
  C:3498H         LINE#         305
  C:3498H         LINE#         307
  C:34BFH         LINE#         308
  C:3528H         LINE#         309
  C:352FH         LINE#         311
  C:3540H         LINE#         313
  C:3546H         LINE#         314
  C:3546H         LINE#         315
  C:3549H         LINE#         316
BL51 BANKED LINKER/LOCATER V6.22            06/01/2016  09:49:50  PAGE 12


  C:3563H         LINE#         317
  C:3567H         LINE#         318
  C:3585H         LINE#         320
  C:35DAH         LINE#         322
  C:35E8H         LINE#         323
  C:35E8H         LINE#         324
  C:360FH         LINE#         325
  C:368FH         LINE#         326
  C:36DEH         LINE#         327
  C:36DEH         LINE#         329
  C:36DEH         LINE#         330
  C:371FH         LINE#         331
  C:3729H         LINE#         332
  C:3729H         LINE#         333
  C:374DH         LINE#         334
  C:3793H         LINE#         335
  C:37A4H         LINE#         336
  C:37DAH         LINE#         337
  C:37DAH         LINE#         338
  C:37DAH         LINE#         339
  C:37DAH         LINE#         340
  C:37DAH         LINE#         341
  -------         ENDPROC       _PROCESSRX
  -------         PROC          _ADDMESSAGE
  D:0007H         SYMBOL        port
  D:004CH         SYMBOL        ID
  D:0050H         SYMBOL        Rate
  D:0052H         SYMBOL        cnt
  D:0053H         SYMBOL        dat
  -------         DO            
  D:0056H         SYMBOL        i
  -------         ENDDO         
  C:4373H         LINE#         349
  C:4373H         LINE#         350
  C:4373H         LINE#         353
  C:4388H         LINE#         355
  C:43ACH         LINE#         356
  C:43CBH         LINE#         357
  C:43E7H         LINE#         358
  C:4402H         LINE#         359
  C:440FH         LINE#         360
  C:440FH         LINE#         361
  C:444FH         LINE#         362
  C:4489H         LINE#         363
  C:448EH         LINE#         364
  C:44B4H         LINE#         366
  C:44BEH         LINE#         367
  C:44C4H         LINE#         369
  C:44CCH         LINE#         370
  -------         ENDPROC       _ADDMESSAGE
  -------         PROC          _ALTERMESSAGEBYTE
  D:0007H         SYMBOL        port
  D:005DH         SYMBOL        ID
  D:0061H         SYMBOL        index
  D:0062H         SYMBOL        value
  D:0065H         SYMBOL        numbytes
  D:0066H         SYMBOL        count
  -------         DO            
  D:0067H         SYMBOL        i
  D:0068H         SYMBOL        j
  -------         ENDDO         
  C:45F8H         LINE#         379
  C:45F8H         LINE#         380
  C:45F8H         LINE#         383
  C:460DH         LINE#         385
BL51 BANKED LINKER/LOCATER V6.22            06/01/2016  09:49:50  PAGE 13


  C:4646H         LINE#         387
  C:4654H         LINE#         388
  C:4654H         LINE#         389
  C:4677H         LINE#         390
  C:4677H         LINE#         391
  C:46B6H         LINE#         392
  C:46BAH         LINE#         393
  C:46D8H         LINE#         395
  C:4717H         LINE#         396
  C:471CH         LINE#         397
  C:471CH         LINE#         398
  -------         ENDPROC       _ALTERMESSAGEBYTE
  -------         PROC          _SIMPLEBUTTONCONFIG
  D:0003H         SYMBOL        button
  D:0005H         SYMBOL        port
  D:004DH         SYMBOL        ID
  D:0051H         SYMBOL        mask
  D:0054H         SYMBOL        value
  D:0057H         SYMBOL        count
  -------         DO            
  D:0059H         SYMBOL        i
  -------         ENDDO         
  C:482CH         LINE#         407
  C:482EH         LINE#         408
  C:482EH         LINE#         411
  C:4843H         LINE#         413
  C:485EH         LINE#         414
  C:4878H         LINE#         415
  C:4889H         LINE#         416
  C:488CH         LINE#         417
  C:488CH         LINE#         418
  C:48CCH         LINE#         419
  C:490CH         LINE#         420
  C:4917H         LINE#         421
  C:4920H         LINE#         422
  C:4923H         LINE#         424
  C:492BH         LINE#         425
  -------         ENDPROC       _SIMPLEBUTTONCONFIG
  -------         PROC          _RXMESSAGECONFIG1
  D:0007H         SYMBOL        port
  D:004CH         SYMBOL        ID
  D:0050H         SYMBOL        mask
  D:0053H         SYMBOL        value
  D:0056H         SYMBOL        count
  -------         DO            
  D:0057H         SYMBOL        i
  -------         ENDDO         
  C:4BEEH         LINE#         434
  C:4BEEH         LINE#         435
  C:4BEEH         LINE#         438
  C:4C18H         LINE#         440
  C:4C33H         LINE#         441
  C:4C3DH         LINE#         442
  C:4C3DH         LINE#         443
  C:4C73H         LINE#         444
  C:4CB3H         LINE#         445
  C:4CB8H         LINE#         447
  C:4CC5H         LINE#         448
  C:4CC8H         LINE#         450
  C:4CD0H         LINE#         451
  -------         ENDPROC       _RXMESSAGECONFIG1
  -------         PROC          _RXMESSAGECONFIG2
  D:004BH         SYMBOL        index
  D:0005H         SYMBOL        outport
  D:004DH         SYMBOL        outID
BL51 BANKED LINKER/LOCATER V6.22            06/01/2016  09:49:50  PAGE 14


  D:0051H         SYMBOL        outmask
  D:0054H         SYMBOL        outvalue
  D:0057H         SYMBOL        count
  D:0058H         SYMBOL        altercount
  -------         DO            
  D:0059H         SYMBOL        i
  -------         ENDDO         
  C:492CH         LINE#         460
  C:492EH         LINE#         461
  C:492EH         LINE#         464
  C:4943H         LINE#         465
  C:4967H         LINE#         466
  C:4983H         LINE#         467
  C:499FH         LINE#         468
  C:49A9H         LINE#         469
  C:49A9H         LINE#         470
  C:49DFH         LINE#         471
  C:4A15H         LINE#         472
  C:4A19H         LINE#         473
  -------         ENDPROC       _RXMESSAGECONFIG2
  -------         PROC          _RELAYCTRL
  D:0007H         SYMBOL        num
  D:0003H         SYMBOL        type
  -------         DO            
  D:0005H         SYMBOL        relay
  B:0020H.0       SYMBOL        R3
  B:0020H.1       SYMBOL        R4
  -------         ENDDO         
  C:5101H         LINE#         480
  C:5103H         LINE#         481
  C:5103H         LINE#         482
  C:5105H         LINE#         485
  C:5114H         LINE#         486
  C:5114H         LINE#         487
  C:5114H         LINE#         488
  C:511AH         LINE#         489
  C:5121H         LINE#         491
  C:5126H         LINE#         492
  C:5128H         LINE#         493
  C:5128H         LINE#         494
  C:512EH         LINE#         495
  C:5135H         LINE#         497
  C:513AH         LINE#         498
  C:513CH         LINE#         499
  C:513CH         LINE#         500
  C:5142H         LINE#         501
  C:5149H         LINE#         503
  C:514EH         LINE#         505
  C:5150H         LINE#         506
  C:5158H         LINE#         507
  C:515AH         LINE#         508
  C:515AH         LINE#         509
  C:5160H         LINE#         510
  C:5167H         LINE#         512
  C:516CH         LINE#         514
  C:516EH         LINE#         515
  C:5177H         LINE#         516
  C:5177H         LINE#         517
  C:5177H         LINE#         519
  C:517AH         LINE#         520
  C:517FH         LINE#         521
  -------         ENDPROC       _RELAYCTRL
  -------         ENDMOD        MAINCODE

  -------         MODULE        CAN
BL51 BANKED LINKER/LOCATER V6.22            06/01/2016  09:49:50  PAGE 15


  C:0000H         SYMBOL        _ICE_DUMMY_
  C:471DH         PUBLIC        _initRxFrameID
  D:0080H         PUBLIC        P0
  D:00A0H         PUBLIC        P2
  D:00B0H         PUBLIC        P3
  D:00E7H         PUBLIC        EIE2
  C:0006H         PUBLIC        _init_msg_object_rx
  D:00E8H         PUBLIC        ADC0CN
  D:0084H         PUBLIC        SFRPAGE
  D:00E8H         PUBLIC        ADC2CN
  D:00A8H         PUBLIC        IE
  D:00F8H         PUBLIC        CAN0CN
  D:00D8H         PUBLIC        PCA0CN
  D:00B8H         PUBLIC        IP
  C:55D1H         PUBLIC        _config_CAN_timing
  C:5180H         PUBLIC        INT_CAN
  D:00C0H         PUBLIC        SMB0CN
  D:00D9H         PUBLIC        CAN0DATH
  D:00D8H         PUBLIC        CAN0DATL
  D:0088H         PUBLIC        CPT0CN
  D:0088H         PUBLIC        CPT1CN
  D:0088H         PUBLIC        CPT2CN
  D:00F8H         PUBLIC        SPI0CN
  C:4FE8H         PUBLIC        _clear_message_object
  D:0088H         PUBLIC        TCON
  D:00C8H         PUBLIC        TMR2CN
  D:00C8H         PUBLIC        TMR3CN
  D:00C8H         PUBLIC        TMR4CN
  C:5488H         PUBLIC        _TxFrame
  X:0326H         PUBLIC        IntReg
  B:00A8H.0       PUBLIC        EX0
  D:00DAH         PUBLIC        CAN0ADR
  D:00D8H         PUBLIC        CAN0DAT
  D:0098H         PUBLIC        SCON0
  D:0098H         PUBLIC        SCON1
  D:00C0H         PUBLIC        CAN0STA
  C:3EAFH         PUBLIC        _rx_can_frame
  C:4B07H         PUBLIC        _tx_can_frame
  X:0327H         PUBLIC        RxBuffCnt
  D:00D0H         PUBLIC        PSW
  -------         PROC          _TXFRAME
  D:0027H         SYMBOL        port
  -------         DO            
  D:0028H         SYMBOL        TxBuff
  -------         ENDDO         
  C:5488H         LINE#         26
  C:548AH         LINE#         27
  C:548AH         LINE#         30
  C:548EH         LINE#         31
  C:548EH         LINE#         32
  C:5494H         LINE#         33
  C:5499H         LINE#         34
  C:5499H         LINE#         35
  C:549EH         LINE#         36
  C:549EH         LINE#         37
  C:54ACH         LINE#         38
  C:54ACH         LINE#         39
  C:54B1H         LINE#         40
  C:54B6H         LINE#         41
  C:54B6H         LINE#         42
  C:54B6H         LINE#         43
  -------         ENDPROC       _TXFRAME
  -------         PROC          _INITRXFRAMEID
  D:0058H         SYMBOL        port
  D:0059H         SYMBOL        arbID
BL51 BANKED LINKER/LOCATER V6.22            06/01/2016  09:49:50  PAGE 16


  -------         DO            
  D:005DH         SYMBOL        i
  D:005EH         SYMBOL        rx
  D:0061H         SYMBOL        BuffSize
  -------         ENDDO         
  C:471DH         LINE#         55
  C:471FH         LINE#         56
  C:471FH         LINE#         61
  C:4723H         LINE#         62
  C:4723H         LINE#         63
  C:472CH         LINE#         64
  C:472FH         LINE#         65
  C:4731H         LINE#         67
  C:4731H         LINE#         68
  C:473AH         LINE#         69
  C:473DH         LINE#         70
  C:473DH         LINE#         72
  C:4784H         LINE#         74
  C:47B2H         LINE#         75
  C:47B2H         LINE#         76
  C:47D8H         LINE#         77
  C:47DCH         LINE#         78
  C:47DCH         LINE#         79
  C:47EDH         LINE#         80
  C:47EDH         LINE#         81
  C:47F2H         LINE#         82
  C:47F2H         LINE#         83
  C:480CH         LINE#         84
  C:480EH         LINE#         85
  C:480EH         LINE#         86
  C:481CH         LINE#         87
  C:481CH         LINE#         89
  C:4829H         LINE#         90
  C:482BH         LINE#         91
  -------         ENDPROC       _INITRXFRAMEID
  -------         PROC          _CLEAR_MESSAGE_OBJECT
  D:0001H         SYMBOL        port
  D:0002H         SYMBOL        mesgobj
  D:0003H         SYMBOL        count
  -------         DO            
  D:002FH         SYMBOL        BuffSize
  -------         ENDDO         
  C:4FE8H         LINE#         104
  C:4FECH         LINE#         105
  C:4FECH         LINE#         108
  C:4FEFH         LINE#         109
  C:4FEFH         LINE#         110
  C:4FF2H         LINE#         111
  C:4FF5H         LINE#         112
  C:4FF8H         LINE#         113
  C:4FFBH         LINE#         114
  C:4FFDH         LINE#         116
  C:5000H         LINE#         118
  C:5009H         LINE#         119
  C:5009H         LINE#         120
  C:500CH         LINE#         121
  C:500CH         LINE#         122
  C:500FH         LINE#         123
  C:5011H         LINE#         124
  C:5027H         LINE#         125
  C:5038H         LINE#         126
  C:5038H         LINE#         127
  C:503BH         LINE#         128
  C:503BH         LINE#         129
  C:5050H         LINE#         130
BL51 BANKED LINKER/LOCATER V6.22            06/01/2016  09:49:50  PAGE 17


  C:5065H         LINE#         131
  C:5075H         LINE#         132
  C:5075H         LINE#         134
  C:5076H         LINE#         135
  C:5077H         LINE#         136
  C:5079H         LINE#         137
  -------         ENDPROC       _CLEAR_MESSAGE_OBJECT
  -------         PROC          _CONFIG_CAN_TIMING
  D:0006H         SYMBOL        CANbaud
  C:55D1H         LINE#         149
  C:55D1H         LINE#         150
  C:55D1H         LINE#         151
  C:55D4H         LINE#         152
  C:55D7H         LINE#         153
  C:55DAH         LINE#         155
  C:55DAH         LINE#         156
  C:55DAH         LINE#         157
  C:55E6H         LINE#         158
  C:55E6H         LINE#         159
  C:55E6H         LINE#         160
  C:55E9H         LINE#         161
  C:55ECH         LINE#         162
  C:55EDH         LINE#         163
  C:55EDH         LINE#         164
  C:55F0H         LINE#         165
  C:55F3H         LINE#         166
  C:55F4H         LINE#         167
  C:55F4H         LINE#         168
  C:55F4H         LINE#         169
  C:55F7H         LINE#         170
  C:55FAH         LINE#         171
  C:55FAH         LINE#         172
  C:55FAH         LINE#         173
  C:55FAH         LINE#         174
  C:55FAH         LINE#         175
  C:55FAH         LINE#         178
  C:55FAH         LINE#         179
  C:55FAH         LINE#         180
  C:55FAH         LINE#         183
  -------         ENDPROC       _CONFIG_CAN_TIMING
  -------         PROC          _RX_CAN_FRAME
  D:0023H         SYMBOL        IntReg
  C:3EAFH         LINE#         197
  C:3EB1H         LINE#         198
  C:3EB1H         LINE#         199
  C:3EB4H         LINE#         201
  C:3EC7H         LINE#         203
  C:3ECAH         LINE#         204
  C:3ECDH         LINE#         205
  C:3ED0H         LINE#         206
  C:3EE3H         LINE#         208
  C:3EF1H         LINE#         212
  C:3EF4H         LINE#         215
  C:3EFCH         LINE#         216
  C:3EFCH         LINE#         218
  C:3EFFH         LINE#         219
  C:3F25H         LINE#         220
  C:3F28H         LINE#         221
  C:3F85H         LINE#         222
  C:3F87H         LINE#         225
  C:3FA9H         LINE#         229
  C:3FACH         LINE#         230
  C:3FC3H         LINE#         233
  C:3FC6H         LINE#         234
  C:3FD9H         LINE#         235
BL51 BANKED LINKER/LOCATER V6.22            06/01/2016  09:49:50  PAGE 18


  C:3FDCH         LINE#         236
  C:3FEFH         LINE#         238
  C:3FF2H         LINE#         239
  C:4005H         LINE#         240
  C:4008H         LINE#         241
  C:401BH         LINE#         243
  C:401EH         LINE#         244
  C:4031H         LINE#         245
  C:4034H         LINE#         246
  C:4047H         LINE#         248
  C:404AH         LINE#         249
  C:405DH         LINE#         250
  C:4060H         LINE#         251
  C:4073H         LINE#         253
  C:4075H         LINE#         254
  -------         ENDPROC       _RX_CAN_FRAME
  -------         PROC          INT_CAN
  -------         DO            
  D:0007H         SYMBOL        IntReg
  D:0021H         SYMBOL        hldSFRpage
  D:0022H         SYMBOL        status
  -------         ENDDO         
  C:5180H         LINE#         264
  C:519DH         LINE#         267
  C:51A0H         LINE#         270
  C:51A3H         LINE#         272
  C:51A6H         LINE#         274
  C:51A8H         LINE#         275
  C:51ABH         LINE#         276
  C:51ABH         LINE#         277
  C:51ADH         LINE#         278
  C:51B0H         LINE#         281
  C:51B3H         LINE#         284
  C:51B5H         LINE#         286
  C:51B5H         LINE#         288
  C:51B7H         LINE#         289
  C:51BFH         LINE#         290
  C:51BFH         LINE#         291
  C:51C1H         LINE#         293
  C:51C1H         LINE#         299
  C:51C4H         LINE#         301
  C:51CAH         LINE#         302
  C:51CAH         LINE#         303
  C:51CDH         LINE#         304
  C:51D0H         LINE#         305
  C:51D0H         LINE#         308
  C:51D3H         LINE#         309
  C:51D3H         LINE#         311
  C:51D6H         LINE#         312
  C:51D8H         LINE#         314
  C:51D8H         LINE#         315
  C:51DBH         LINE#         316
  C:51DDH         LINE#         317
  C:51DDH         LINE#         319
  C:51E0H         LINE#         320
  -------         ENDPROC       INT_CAN
  -------         PROC          _TX_CAN_FRAME
  D:0001H         SYMBOL        KWPopts
  -------         DO            
  D:0002H         SYMBOL        timeout
  -------         ENDDO         
  C:4B07H         LINE#         331
  C:4B09H         LINE#         332
  C:4B09H         LINE#         333
  C:4B0DH         LINE#         335
BL51 BANKED LINKER/LOCATER V6.22            06/01/2016  09:49:50  PAGE 19


  C:4B10H         LINE#         337
  C:4B13H         LINE#         338
  C:4B16H         LINE#         340
  C:4B19H         LINE#         341
  C:4B1FH         LINE#         342
  C:4B22H         LINE#         345
  C:4B2CH         LINE#         346
  C:4B2CH         LINE#         348
  C:4B3AH         LINE#         349
  C:4B53H         LINE#         350
  C:4B55H         LINE#         352
  C:4B55H         LINE#         354
  C:4B5AH         LINE#         355
  C:4B74H         LINE#         356
  C:4B74H         LINE#         358
  C:4B77H         LINE#         360
  C:4B84H         LINE#         361
  C:4B88H         LINE#         362
  C:4B8AH         LINE#         364
  C:4B8DH         LINE#         365
  C:4B9DH         LINE#         366
  C:4BADH         LINE#         367
  C:4BBDH         LINE#         368
  C:4BCDH         LINE#         370
  C:4BD0H         LINE#         371
  C:4BD6H         LINE#         373
  C:4BD9H         LINE#         375
  C:4BDDH         LINE#         376
  C:4BDDH         LINE#         377
  C:4BE4H         LINE#         378
  C:4BEBH         LINE#         379
  C:4BEBH         LINE#         381
  C:4BEDH         LINE#         382
  -------         ENDPROC       _TX_CAN_FRAME
  -------         PROC          _INIT_MSG_OBJECT_RX
  D:0003H         SYMBOL        MsgNum
  D:0063H         SYMBOL        arbID
  C:0006H         LINE#         421
  C:0008H         LINE#         422
  C:0008H         LINE#         423
  C:000BH         LINE#         424
  C:000EH         LINE#         425
  C:0014H         LINE#         426
  C:0017H         LINE#         428
  C:001DH         LINE#         429
  C:001DH         LINE#         431
  C:0028H         LINE#         432
  C:003EH         LINE#         433
  C:0040H         LINE#         435
  C:0040H         LINE#         437
  C:0045H         LINE#         438
  C:005AH         LINE#         439
  C:005AH         LINE#         442
  C:0060H         LINE#         443
  C:0063H         LINE#         444
  C:0065H         LINE#         446
  -------         ENDPROC       _INIT_MSG_OBJECT_RX
  -------         ENDMOD        CAN

  -------         MODULE        SPI
  C:0000H         SYMBOL        _ICE_DUMMY_
  D:009DH         PUBLIC        SPI0CKR
  D:0080H         PUBLIC        P0
  B:00F8H.0       PUBLIC        SPIEN
  D:00A0H         PUBLIC        P2
BL51 BANKED LINKER/LOCATER V6.22            06/01/2016  09:49:50  PAGE 20


  D:00B0H         PUBLIC        P3
  C:5783H         PUBLIC        SPI_init
  D:00E8H         PUBLIC        ADC0CN
  D:0084H         PUBLIC        SFRPAGE
  C:5791H         PUBLIC        _CAN1begin
  D:00E8H         PUBLIC        ADC2CN
  C:531FH         PUBLIC        _CAN1configRate
  C:5722H         PUBLIC        CAN1readRxStat
  D:00A8H         PUBLIC        IE
  C:0076H         PUBLIC        _CAN1start_transmit
  D:00F8H         PUBLIC        CAN0CN
  D:00D8H         PUBLIC        PCA0CN
  D:00B8H         PUBLIC        IP
  C:56F4H         PUBLIC        _CAN1setRegister
  C:573DH         PUBLIC        _spiCAN
  D:00C0H         PUBLIC        SMB0CN
  D:0088H         PUBLIC        CPT0CN
  C:574FH         PUBLIC        CAN1reset
  D:0088H         PUBLIC        CPT1CN
  C:570BH         PUBLIC        CAN1readStatus
  D:0088H         PUBLIC        CPT2CN
  D:00F8H         PUBLIC        SPI0CN
  B:00F8H.7       PUBLIC        SPIF
  D:0088H         PUBLIC        TCON
  B:00F8H.2       PUBLIC        NSSMD0
  D:00C8H         PUBLIC        TMR2CN
  D:00C8H         PUBLIC        TMR3CN
  C:53C2H         PUBLIC        _CAN1getNextFreeTXBuf
  D:00C8H         PUBLIC        TMR4CN
  C:526AH         PUBLIC        _CAN1init
  C:0098H         SYMBOL        _?ix1000
  D:001AH         PUBLIC        hldSFRPAGE
  C:56A2H         PUBLIC        _CAN1setCANCTRL_Mode
  C:4E92H         PUBLIC        _CAN1init_FiltersNMasks
  B:00A8H.0       PUBLIC        EX0
  C:56E9H         PUBLIC        SPI_Rxbyte
  C:579CH         PUBLIC        INT_CAN1
  C:576AH         PUBLIC        _SPI_Txbyte
  C:5685H         PUBLIC        _CAN1modifyRegister
  C:4076H         PUBLIC        _CAN1read_canMsg
  C:4A1AH         PUBLIC        CAN1initCANBuffers
  C:507AH         PUBLIC        _CAN1write_id
  D:0098H         PUBLIC        SCON0
  D:0098H         PUBLIC        SCON1
  D:00C0H         PUBLIC        CAN0STA
  C:5667H         PUBLIC        _CAN1readRegister
  D:009AH         PUBLIC        SPI0CFG
  C:4CD1H         PUBLIC        _CAN1write_canMsg
  C:54B7H         PUBLIC        _CAN1setRegisterS
  D:009BH         PUBLIC        SPI0DAT
  D:00D0H         PUBLIC        PSW
  -------         PROC          SPI_INIT
  C:5783H         LINE#         20
  C:5783H         LINE#         21
  C:5783H         LINE#         22
  C:5786H         LINE#         24
  C:5788H         LINE#         26
  C:578BH         LINE#         28
  C:578DH         LINE#         30
  C:5790H         LINE#         31
  -------         ENDPROC       SPI_INIT
  -------         PROC          L?0115
  -------         ENDPROC       L?0115
  -------         PROC          SPI_RXBYTE
  C:56E9H         LINE#         35
BL51 BANKED LINKER/LOCATER V6.22            06/01/2016  09:49:50  PAGE 21


  C:56E9H         LINE#         36
  C:56E9H         LINE#         39
  C:56EBH         LINE#         40
  C:56EEH         LINE#         41
  C:56F1H         LINE#         42
  C:56F3H         LINE#         44
  -------         ENDPROC       SPI_RXBYTE
  C:5765H         SYMBOL        L?0119
  -------         PROC          L?0118
  -------         ENDPROC       L?0118
  C:5765H         SYMBOL        L?0119
  -------         PROC          _SPI_TXBYTE
  D:0007H         SYMBOL        value
  C:576AH         LINE#         47
  C:576AH         LINE#         48
  C:576AH         LINE#         51
  C:576CH         LINE#         52
  C:576EH         LINE#         53
  C:5771H         LINE#         54
  C:5773H         LINE#         55
  -------         ENDPROC       _SPI_TXBYTE
  C:5739H         SYMBOL        L?0117
  -------         PROC          L?0116
  -------         ENDPROC       L?0116
  C:5739H         SYMBOL        L?0117
  -------         PROC          _SPICAN
  D:0007H         SYMBOL        Enable
  C:573DH         LINE#         58
  C:573DH         LINE#         59
  C:573DH         LINE#         60
  C:5740H         LINE#         61
  C:5740H         LINE#         62
  C:5743H         LINE#         63
  C:5746H         LINE#         64
  C:5748H         LINE#         65
  C:5749H         LINE#         67
  C:5749H         LINE#         68
  C:574BH         LINE#         69
  C:574EH         LINE#         70
  C:574EH         LINE#         71
  -------         ENDPROC       _SPICAN
  -------         PROC          CAN1RESET
  C:574FH         LINE#         80
  C:574FH         LINE#         81
  C:574FH         LINE#         82
  C:5754H         LINE#         83
  C:5759H         LINE#         84
  C:575EH         LINE#         86
  -------         ENDPROC       CAN1RESET
  -------         PROC          _CAN1READREGISTER
  D:0006H         SYMBOL        address
  -------         DO            
  D:0005H         SYMBOL        ret
  -------         ENDDO         
  C:5667H         LINE#         93
  C:5667H         LINE#         94
  C:5667H         LINE#         97
  C:566AH         LINE#         98
  C:566CH         LINE#         99
  C:5671H         LINE#         100
  C:5673H         LINE#         101
  C:5678H         LINE#         102
  C:567DH         LINE#         104
  C:5682H         LINE#         105
  C:5684H         LINE#         106
BL51 BANKED LINKER/LOCATER V6.22            06/01/2016  09:49:50  PAGE 22


  -------         ENDPROC       _CAN1READREGISTER
  -------         PROC          _CAN1SETREGISTER
  D:0005H         SYMBOL        address
  D:0006H         SYMBOL        value
  C:56F4H         LINE#         133
  C:56F8H         LINE#         134
  C:56F8H         LINE#         135
  C:56FDH         LINE#         136
  C:5701H         LINE#         137
  C:5703H         LINE#         138
  C:5706H         LINE#         140
  -------         ENDPROC       _CAN1SETREGISTER
  -------         PROC          _CAN1SETREGISTERS
  D:0006H         SYMBOL        address
  D:0042H         SYMBOL        values
  D:0045H         SYMBOL        n
  -------         DO            
  D:0006H         SYMBOL        i
  -------         ENDDO         
  C:54B7H         LINE#         147
  C:54BDH         LINE#         148
  C:54BDH         LINE#         151
  C:54C0H         LINE#         152
  C:54C1H         LINE#         153
  C:54C4H         LINE#         155
  C:54CCH         LINE#         156
  C:54CCH         LINE#         157
  C:54DEH         LINE#         158
  C:54E1H         LINE#         160
  -------         ENDPROC       _CAN1SETREGISTERS
  -------         PROC          _CAN1MODIFYREGISTER
  D:0006H         SYMBOL        address
  D:0005H         SYMBOL        mask
  D:0004H         SYMBOL        value
  C:5685H         LINE#         167
  C:5689H         LINE#         168
  C:5689H         LINE#         169
  C:568EH         LINE#         170
  C:5690H         LINE#         171
  C:5693H         LINE#         172
  C:5698H         LINE#         173
  C:569DH         LINE#         175
  -------         ENDPROC       _CAN1MODIFYREGISTER
  -------         PROC          CAN1READSTATUS
  -------         DO            
  D:0006H         SYMBOL        ret
  -------         ENDDO         
  C:570BH         LINE#         182
  C:570BH         LINE#         183
  C:570BH         LINE#         185
  C:5710H         LINE#         186
  C:5715H         LINE#         187
  C:571AH         LINE#         189
  C:571FH         LINE#         190
  C:5721H         LINE#         191
  -------         ENDPROC       CAN1READSTATUS
  -------         PROC          CAN1READRXSTAT
  -------         DO            
  D:0006H         SYMBOL        ret
  -------         ENDDO         
  C:5722H         LINE#         197
  C:5722H         LINE#         198
  C:5722H         LINE#         200
  C:5727H         LINE#         201
  C:572CH         LINE#         202
BL51 BANKED LINKER/LOCATER V6.22            06/01/2016  09:49:50  PAGE 23


  C:5731H         LINE#         204
  C:5736H         LINE#         205
  C:5738H         LINE#         206
  -------         ENDPROC       CAN1READRXSTAT
  -------         PROC          _CAN1SETCANCTRL_MODE
  D:0002H         SYMBOL        newmode
  -------         DO            
  D:0007H         SYMBOL        i
  -------         ENDDO         
  C:56A2H         LINE#         212
  C:56A4H         LINE#         213
  C:56A4H         LINE#         216
  C:56ADH         LINE#         218
  C:56B2H         LINE#         219
  C:56B5H         LINE#         221
  C:56B9H         LINE#         222
  C:56B9H         LINE#         223
  C:56BCH         LINE#         224
  C:56BCH         LINE#         226
  C:56BEH         LINE#         227
  -------         ENDPROC       _CAN1SETCANCTRL_MODE
  -------         PROC          _CAN1CONFIGRATE
  D:0007H         SYMBOL        canSpeed
  -------         DO            
  D:0001H         SYMBOL        set
  D:0002H         SYMBOL        cfg1
  D:0003H         SYMBOL        cfg2
  D:0004H         SYMBOL        cfg3
  -------         ENDDO         
  C:531FH         LINE#         233
  C:531FH         LINE#         234
  C:531FH         LINE#         236
  C:5321H         LINE#         237
  C:5331H         LINE#         238
  C:5331H         LINE#         239
  C:5331H         LINE#         240
  C:5333H         LINE#         241
  C:5335H         LINE#         242
  C:5337H         LINE#         243
  C:5339H         LINE#         245
  C:5339H         LINE#         246
  C:533BH         LINE#         247
  C:533BH         LINE#         248
  C:533BH         LINE#         249
  C:533DH         LINE#         251
  C:533DH         LINE#         252
  C:533FH         LINE#         253
  C:533FH         LINE#         254
  C:533FH         LINE#         255
  C:5341H         LINE#         257
  C:5341H         LINE#         258
  C:5343H         LINE#         259
  C:5345H         LINE#         260
  C:5347H         LINE#         261
  C:5349H         LINE#         263
  C:5349H         LINE#         264
  C:534BH         LINE#         265
  C:534DH         LINE#         266
  C:534FH         LINE#         267
  C:5351H         LINE#         270
  C:5351H         LINE#         271
  C:5353H         LINE#         272
  C:5353H         LINE#         273
  C:5353H         LINE#         275
  C:5356H         LINE#         276
BL51 BANKED LINKER/LOCATER V6.22            06/01/2016  09:49:50  PAGE 24


  C:535DH         LINE#         277
  C:5364H         LINE#         278
  C:536BH         LINE#         279
  C:536EH         LINE#         280
  C:536EH         LINE#         281
  C:536EH         LINE#         282
  C:5370H         LINE#         283
  C:5370H         LINE#         284
  -------         ENDPROC       _CAN1CONFIGRATE
  -------         PROC          _CAN1WRITE_ID
  D:0001H         SYMBOL        mcp_addr
  D:0039H         SYMBOL        id
  -------         DO            
  D:0002H         SYMBOL        canid
  D:003DH         SYMBOL        tbufdata
  -------         ENDDO         
  C:507AH         LINE#         290
  C:507CH         LINE#         291
  C:507CH         LINE#         295
  C:5087H         LINE#         297
  C:5090H         LINE#         298
  C:5090H         LINE#         299
  C:5095H         LINE#         300
  C:5097H         LINE#         301
  C:50A6H         LINE#         302
  C:50ABH         LINE#         303
  C:50BDH         LINE#         304
  C:50C0H         LINE#         305
  C:50CEH         LINE#         306
  C:50D0H         LINE#         308
  C:50D0H         LINE#         309
  C:50DEH         LINE#         310
  C:50EEH         LINE#         311
  C:50F1H         LINE#         312
  C:50F3H         LINE#         313
  C:50F3H         LINE#         314
  -------         ENDPROC       _CAN1WRITE_ID
  -------         PROC          CAN1INITCANBUFFERS
  -------         DO            
  D:0001H         SYMBOL        i
  D:0004H         SYMBOL        a1
  D:0003H         SYMBOL        a2
  D:0002H         SYMBOL        a3
  D:0030H         SYMBOL        ulMask
  D:0034H         SYMBOL        ulFilt
  -------         ENDDO         
  C:4A1AH         LINE#         343
  C:4A1AH         LINE#         344
  C:4A1AH         LINE#         348
  C:4A2EH         LINE#         351
  C:4A45H         LINE#         352
  C:4A5CH         LINE#         355
  C:4A73H         LINE#         356
  C:4A84H         LINE#         357
  C:4A9BH         LINE#         358
  C:4AACH         LINE#         359
  C:4AC3H         LINE#         360
  C:4AD4H         LINE#         361
  C:4ADBH         LINE#         362
  C:4AE2H         LINE#         367
  C:4AE4H         LINE#         368
  C:4AE6H         LINE#         369
  C:4AE8H         LINE#         370
  C:4AEAH         LINE#         371
  C:4AF1H         LINE#         372
BL51 BANKED LINKER/LOCATER V6.22            06/01/2016  09:49:50  PAGE 25


  C:4AF8H         LINE#         373
  C:4AFFH         LINE#         374
  C:4B00H         LINE#         375
  C:4B01H         LINE#         376
  C:4B02H         LINE#         377
  C:4B06H         LINE#         378
  -------         ENDPROC       CAN1INITCANBUFFERS
  -------         PROC          _CAN1INIT
  D:002FH         SYMBOL        canSpeed
  -------         DO            
  D:0007H         SYMBOL        res
  -------         ENDDO         
  C:526AH         LINE#         384
  C:526CH         LINE#         385
  C:526CH         LINE#         389
  C:526FH         LINE#         393
  C:5277H         LINE#         394
  C:5278H         LINE#         396
  C:5280H         LINE#         397
  C:5281H         LINE#         400
  C:5284H         LINE#         401
  C:528BH         LINE#         403
  C:5292H         LINE#         407
  C:529BH         LINE#         410
  C:52A4H         LINE#         413
  C:52B2H         LINE#         414
  C:52C0H         LINE#         416
  C:52C8H         LINE#         417
  C:52C9H         LINE#         419
  C:52C9H         LINE#         420
  -------         ENDPROC       _CAN1INIT
  -------         PROC          _CAN1BEGIN
  D:0007H         SYMBOL        speedset
  C:5791H         LINE#         426
  C:5791H         LINE#         427
  C:5791H         LINE#         429
  C:5797H         LINE#         430
  C:5799H         LINE#         432
  C:579BH         LINE#         433
  -------         ENDPROC       _CAN1BEGIN
  -------         PROC          _CAN1INIT_FILTERSNMASKS
  D:0001H         SYMBOL        num
  D:0031H         SYMBOL        ulData
  -------         DO            
  D:0007H         SYMBOL        res
  -------         ENDDO         
  C:4E92H         LINE#         439
  C:4E94H         LINE#         440
  C:4E94H         LINE#         441
  C:4E94H         LINE#         443
  C:4E9FH         LINE#         444
  C:4EA0H         LINE#         446
  C:4EC8H         LINE#         447
  C:4EC8H         LINE#         448
  C:4EC8H         LINE#         449
  C:4ED6H         LINE#         450
  C:4ED8H         LINE#         452
  C:4ED8H         LINE#         453
  C:4EE6H         LINE#         454
  C:4EE8H         LINE#         456
  C:4EE8H         LINE#         457
  C:4EF6H         LINE#         458
  C:4EF8H         LINE#         460
  C:4EF8H         LINE#         461
  C:4F06H         LINE#         462
BL51 BANKED LINKER/LOCATER V6.22            06/01/2016  09:49:50  PAGE 26


  C:4F08H         LINE#         464
  C:4F08H         LINE#         465
  C:4F16H         LINE#         466
  C:4F18H         LINE#         468
  C:4F18H         LINE#         469
  C:4F26H         LINE#         470
  C:4F28H         LINE#         472
  C:4F28H         LINE#         473
  C:4F36H         LINE#         474
  C:4F38H         LINE#         476
  C:4F38H         LINE#         477
  C:4F49H         LINE#         478
  C:4F49H         LINE#         479
  C:4F49H         LINE#         481
  C:4F4EH         LINE#         482
  -------         ENDPROC       _CAN1INIT_FILTERSNMASKS
  -------         PROC          _CAN1READ_CANMSG
  D:0006H         SYMBOL        RxBuff
  -------         DO            
  D:004BH         SYMBOL        i
  D:004CH         SYMBOL        j
  D:004DH         SYMBOL        canID
  -------         ENDDO         
  C:4076H         LINE#         488
  C:4076H         LINE#         489
  C:4076H         LINE#         493
  C:4079H         LINE#         494
  C:407EH         LINE#         496
  C:4083H         LINE#         497
  C:4088H         LINE#         498
  C:40BAH         LINE#         500
  C:40C2H         LINE#         501
  C:40C2H         LINE#         503
  C:40E2H         LINE#         504
  C:4105H         LINE#         505
  C:4139H         LINE#         506
  C:414BH         LINE#         507
  C:414DH         LINE#         509
  C:414DH         LINE#         510
  C:4152H         LINE#         511
  C:4157H         LINE#         512
  C:4157H         LINE#         514
  C:4191H         LINE#         517
  C:419CH         LINE#         518
  C:419CH         LINE#         519
  C:41B6H         LINE#         520
  C:41CAH         LINE#         521
  C:41E4H         LINE#         522
  C:4207H         LINE#         523
  C:4207H         LINE#         526
  C:420CH         LINE#         528
  C:420EH         LINE#         529
  -------         ENDPROC       _CAN1READ_CANMSG
  -------         PROC          _CAN1GETNEXTFREETXBUF
  D:0029H         SYMBOL        txbuf_n
  -------         DO            
  D:0004H         SYMBOL        i
  D:0007H         SYMBOL        ctrlval
  D:002CH         SYMBOL        ctrlregs
  -------         ENDDO         
  C:53C2H         LINE#         536
  C:53C8H         LINE#         537
  C:53C8H         LINE#         540
  C:53DBH         LINE#         542
  C:53E5H         LINE#         545
BL51 BANKED LINKER/LOCATER V6.22            06/01/2016  09:49:50  PAGE 27


  C:53E6H         LINE#         546
  C:53E6H         LINE#         547
  C:53EFH         LINE#         548
  C:53F3H         LINE#         549
  C:53F3H         LINE#         550
  C:5401H         LINE#         552
  C:5404H         LINE#         553
  C:5404H         LINE#         554
  C:5408H         LINE#         555
  C:540AH         LINE#         556
  -------         ENDPROC       _CAN1GETNEXTFREETXBUF
  -------         PROC          _CAN1WRITE_CANMSG
  D:0001H         SYMBOL        buffer_sidh_addr
  -------         DO            
  D:0002H         SYMBOL        canid
  D:0029H         SYMBOL        tbufdata
  D:0006H         SYMBOL        i
  -------         ENDDO         
  C:4CD1H         LINE#         563
  C:4CD3H         LINE#         564
  C:4CD3H         LINE#         569
  C:4CE3H         LINE#         570
  C:4CF2H         LINE#         571
  C:4CF2H         LINE#         572
  C:4CF5H         LINE#         573
  C:4CF7H         LINE#         574
  C:4D0EH         LINE#         575
  C:4D13H         LINE#         576
  C:4D25H         LINE#         577
  C:4D28H         LINE#         578
  C:4D36H         LINE#         579
  C:4D38H         LINE#         581
  C:4D38H         LINE#         582
  C:4D46H         LINE#         583
  C:4D56H         LINE#         584
  C:4D59H         LINE#         585
  C:4D5BH         LINE#         586
  C:4D5BH         LINE#         588
  C:4D60H         LINE#         589
  C:4D6DH         LINE#         590
  C:4D6DH         LINE#         591
  C:4D6DH         LINE#         592
  C:4D6FH         LINE#         593
  C:4D71H         LINE#         594
  C:4D71H         LINE#         595
  C:4D73H         LINE#         596
  C:4D75H         LINE#         597
  C:4D75H         LINE#         598
  C:4D7AH         LINE#         599
  C:4D7AH         LINE#         600
  C:4D7AH         LINE#         601
  C:4D7CH         LINE#         602
  C:4D89H         LINE#         603
  C:4D91H         LINE#         604
  C:4D9DH         LINE#         605
  C:4DAFH         LINE#         607
  -------         ENDPROC       _CAN1WRITE_CANMSG
  -------         PROC          _CAN1START_TRANSMIT
  D:0006H         SYMBOL        mcp_addr
  C:0076H         LINE#         615
  C:0076H         LINE#         616
  C:0076H         LINE#         617
  C:0079H         LINE#         619
  C:0086H         LINE#         620
  C:0086H         LINE#         621
BL51 BANKED LINKER/LOCATER V6.22            06/01/2016  09:49:50  PAGE 28


  C:0086H         LINE#         622
  C:0088H         LINE#         623
  C:008AH         LINE#         624
  C:008AH         LINE#         625
  C:008CH         LINE#         626
  C:008EH         LINE#         627
  C:008EH         LINE#         628
  C:0093H         LINE#         629
  C:0093H         LINE#         630
  C:0093H         LINE#         632
  -------         ENDPROC       _CAN1START_TRANSMIT
  -------         PROC          INT_CAN1
  C:579CH         LINE#         644
  C:579CH         LINE#         646
  C:579EH         LINE#         647
  C:57A0H         LINE#         648
  -------         ENDPROC       INT_CAN1
  -------         ENDMOD        SPI

  -------         MODULE        TIMERS
  C:0000H         SYMBOL        _ICE_DUMMY_
  D:0080H         PUBLIC        P0
  D:0090H         PUBLIC        P1
  B:00B0H.7       PUBLIC        ROTARY_SOFT
  D:00A0H         PUBLIC        P2
  D:0016H         PUBLIC        msticks
  D:00B0H         PUBLIC        P3
  C:420FH         PUBLIC        ReadInputs
  D:00E7H         PUBLIC        EIE2
  D:00E8H         PUBLIC        ADC0CN
  D:0084H         PUBLIC        SFRPAGE
  D:00E8H         PUBLIC        ADC2CN
  D:00A8H         PUBLIC        IE
  D:00F8H         PUBLIC        CAN0CN
  D:00D8H         PUBLIC        PCA0CN
  D:00B8H         PUBLIC        IP
  C:56BFH         PUBLIC        Oscillator_Init
  B:00B0H.6       PUBLIC        ROTARY_IGN
  D:00C0H         PUBLIC        SMB0CN
  D:00CCH         PUBLIC        TMR3
  C:544FH         PUBLIC        _Start_Timer3
  B:0080H.5       PUBLIC        ROW1
  D:0088H         PUBLIC        CPT0CN
  B:0080H.6       PUBLIC        ROW2
  D:0088H         PUBLIC        CPT1CN
  D:0088H         PUBLIC        CPT2CN
  D:00F8H         PUBLIC        SPI0CN
  C:5774H         PUBLIC        _codedelay
  D:00C9H         PUBLIC        TMR3CF
  D:0088H         PUBLIC        TCON
  D:00C8H         PUBLIC        TMR2CN
  D:00C8H         PUBLIC        TMR3CN
  D:00C8H         PUBLIC        TMR4CN
  D:0097H         PUBLIC        CLKSEL
  B:00C8H.7       PUBLIC        TF3
  D:008CH         PUBLIC        OSCXCN
  C:5371H         PUBLIC        _Rotary2value
  C:52CAH         PUBLIC        INT_T3_OV
  B:00C8H.2       PUBLIC        TR3
  D:00CAH         PUBLIC        RCAP3
  C:3B74H         PUBLIC        CheckMesgs
  D:0098H         PUBLIC        SCON0
  D:0098H         PUBLIC        SCON1
  D:00C0H         PUBLIC        CAN0STA
  D:00D0H         PUBLIC        PSW
BL51 BANKED LINKER/LOCATER V6.22            06/01/2016  09:49:50  PAGE 29


  C:5646H         PUBLIC        _mSecDelay
  -------         PROC          OSCILLATOR_INIT
  -------         DO            
  D:002FH         SYMBOL        SFPRPAGE_SAVE
  -------         ENDDO         
  C:56BFH         LINE#         17
  C:56BFH         LINE#         18
  C:56BFH         LINE#         19
  C:56C2H         LINE#         24
  C:56C5H         LINE#         26
  C:56C8H         LINE#         27
  C:56CFH         LINE#         29
  C:56D4H         LINE#         31
  C:56D7H         LINE#         33
  C:56DAH         LINE#         34
  -------         ENDPROC       OSCILLATOR_INIT
  -------         PROC          _MSECDELAY
  D:0006H         SYMBOL        delay
  C:5646H         LINE#         37
  C:5646H         LINE#         38
  C:5646H         LINE#         39
  C:564EH         LINE#         42
  C:565AH         LINE#         45
  C:5666H         LINE#         47
  -------         ENDPROC       _MSECDELAY
  -------         PROC          _CODEDELAY
  D:0006H         SYMBOL        delay
  C:5774H         LINE#         49
  C:5774H         LINE#         50
  C:5774H         LINE#         51
  C:577BH         LINE#         52
  C:577BH         LINE#         53
  C:5780H         LINE#         54
  C:5782H         LINE#         55
  -------         ENDPROC       _CODEDELAY
  -------         PROC          _START_TIMER3
  D:0006H         SYMBOL        OneSecConst
  -------         DO            
  D:0006H         SYMBOL        Reload
  -------         ENDDO         
  C:544FH         LINE#         59
  C:544FH         LINE#         60
  C:544FH         LINE#         65
  C:5452H         LINE#         67
  C:5464H         LINE#         69
  C:5467H         LINE#         70
  C:546AH         LINE#         72
  C:5473H         LINE#         73
  C:5479H         LINE#         78
  C:547CH         LINE#         79
  C:547EH         LINE#         85
  C:5487H         LINE#         86
  -------         ENDPROC       _START_TIMER3
  -------         PROC          INT_T3_OV
  C:52CAH         LINE#         89
  C:52E7H         LINE#         91
  C:52E9H         LINE#         92
  C:52FEH         LINE#         94
  C:5301H         LINE#         96
  C:5304H         LINE#         97
  -------         ENDPROC       INT_T3_OV
  -------         PROC          _ROTARY2VALUE
  D:002EH         SYMBOL        inbits
  D:0005H         SYMBOL        old
  C:5371H         LINE#         100
BL51 BANKED LINKER/LOCATER V6.22            06/01/2016  09:49:50  PAGE 30


  C:5373H         LINE#         101
  C:5373H         LINE#         102
  C:5395H         LINE#         103
  C:5395H         LINE#         104
  C:5395H         LINE#         105
  C:5398H         LINE#         106
  C:539AH         LINE#         107
  C:539AH         LINE#         108
  C:539DH         LINE#         109
  C:539FH         LINE#         110
  C:539FH         LINE#         111
  C:53A2H         LINE#         112
  C:53A4H         LINE#         113
  C:53A4H         LINE#         114
  C:53A7H         LINE#         115
  C:53A9H         LINE#         116
  C:53A9H         LINE#         117
  C:53ACH         LINE#         118
  C:53AEH         LINE#         119
  C:53AEH         LINE#         120
  C:53B1H         LINE#         121
  C:53B3H         LINE#         122
  C:53B3H         LINE#         123
  C:53B6H         LINE#         124
  C:53B8H         LINE#         125
  C:53B8H         LINE#         126
  C:53BBH         LINE#         127
  C:53BDH         LINE#         128
  C:53BDH         LINE#         129
  C:53BFH         LINE#         130
  C:53BFH         LINE#         131
  C:53C1H         LINE#         132
  -------         ENDPROC       _ROTARY2VALUE
  -------         PROC          READINPUTS
  -------         DO            
  D:0024H         SYMBOL        Col1
  D:0028H         SYMBOL        Col2
  D:0006H         SYMBOL        col
  D:002CH         SYMBOL        Ign
  D:002DH         SYMBOL        Soft
  D:0001H         SYMBOL        port1
  D:0003H         SYMBOL        port2
  D:0002H         SYMBOL        port3
  D:0005H         SYMBOL        temp
  -------         ENDDO         
  C:420FH         LINE#         134
  C:420FH         LINE#         135
  C:420FH         LINE#         142
  C:4211H         LINE#         143
  C:4213H         LINE#         144
  C:421AH         LINE#         146
  C:421CH         LINE#         147
  C:421EH         LINE#         148
  C:4220H         LINE#         149
  C:4222H         LINE#         150
  C:4224H         LINE#         152
  C:4231H         LINE#         153
  C:4248H         LINE#         155
  C:4250H         LINE#         156
  C:426EH         LINE#         159
  C:4270H         LINE#         160
  C:4272H         LINE#         161
  C:4279H         LINE#         163
  C:427BH         LINE#         164
  C:427DH         LINE#         165
BL51 BANKED LINKER/LOCATER V6.22            06/01/2016  09:49:50  PAGE 31


  C:427FH         LINE#         166
  C:4281H         LINE#         167
  C:4283H         LINE#         169
  C:4291H         LINE#         170
  C:42A8H         LINE#         172
  C:42B0H         LINE#         173
  C:42C2H         LINE#         175
  C:432AH         LINE#         176
  C:4372H         LINE#         177
  -------         ENDPROC       READINPUTS
  -------         PROC          CHECKMESGS
  -------         DO            
  D:0024H         SYMBOL        i
  D:0025H         SYMBOL        j
  D:0026H         SYMBOL        port
  B:0020H.5       SYMBOL        found
  -------         ENDDO         
  C:3B74H         LINE#         180
  C:3B74H         LINE#         181
  C:3B74H         LINE#         183
  C:3B76H         LINE#         185
  C:3B79H         LINE#         186
  C:3B79H         LINE#         187
  C:3B9CH         LINE#         188
  C:3B9CH         LINE#         189
  C:3BB2H         LINE#         190
  C:3BB7H         LINE#         191
  C:3BBAH         LINE#         192
  C:3BDEH         LINE#         193
  C:3BF2H         LINE#         194
  C:3C00H         LINE#         195
  C:3C2DH         LINE#         197
  C:3C32H         LINE#         198
  C:3C48H         LINE#         199
  C:3C4AH         LINE#         200
  C:3C4AH         LINE#         201
  C:3C56H         LINE#         203
  C:3C67H         LINE#         204
  C:3C67H         LINE#         205
  C:3CB1H         LINE#         206
  C:3CB1H         LINE#         207
  C:3CCEH         LINE#         209
  C:3CEBH         LINE#         210
  C:3D0EH         LINE#         211
  C:3D2CH         LINE#         212
  C:3D3AH         LINE#         213
  C:3D71H         LINE#         215
  C:3D76H         LINE#         216
  C:3D78H         LINE#         218
  C:3D97H         LINE#         219
  C:3D97H         LINE#         220
  C:3D9DH         LINE#         221
  C:3D9DH         LINE#         222
  C:3DB9H         LINE#         223
  C:3DD5H         LINE#         224
  C:3DD5H         LINE#         225
  C:3DF8H         LINE#         226
  C:3E48H         LINE#         227
  C:3E48H         LINE#         228
  C:3E48H         LINE#         229
  C:3E48H         LINE#         231
  C:3E4BH         LINE#         232
  C:3E4BH         LINE#         233
  C:3E65H         LINE#         234
  C:3E65H         LINE#         235
BL51 BANKED LINKER/LOCATER V6.22            06/01/2016  09:49:50  PAGE 32


  C:3E69H         LINE#         236
  C:3E80H         LINE#         237
  C:3E80H         LINE#         238
  C:3E89H         LINE#         239
  C:3E89H         LINE#         241
  C:3EA9H         LINE#         242
  C:3EAEH         LINE#         243
  -------         ENDPROC       CHECKMESGS
  -------         ENDMOD        TIMERS

  -------         MODULE        USER
  C:0000H         SYMBOL        _ICE_DUMMY_
  D:0080H         PUBLIC        P0
  D:00A0H         PUBLIC        P2
  D:00B0H         PUBLIC        P3
  B:00A0H.3       PUBLIC        LED1
  D:00E8H         PUBLIC        ADC0CN
  D:00E8H         PUBLIC        ADC2CN
  D:00A8H         PUBLIC        IE
  D:00F8H         PUBLIC        CAN0CN
  D:00D8H         PUBLIC        PCA0CN
  D:00B8H         PUBLIC        IP
  D:00C0H         PUBLIC        SMB0CN
  D:0088H         PUBLIC        CPT0CN
  D:0088H         PUBLIC        CPT1CN
  D:0088H         PUBLIC        CPT2CN
  D:00F8H         PUBLIC        SPI0CN
  D:0088H         PUBLIC        TCON
  D:00C8H         PUBLIC        TMR2CN
  D:00C8H         PUBLIC        TMR3CN
  D:00C8H         PUBLIC        TMR4CN
[...]
  C:0C47H         LINE#         1957
  C:0C49H         LINE#         1958
  C:0C4BH         LINE#         1959
  C:0C4DH         LINE#         1960
  C:0C50H         LINE#         1961
  C:0C54H         LINE#         1962
  C:0C59H         LINE#         1963
  C:0C5BH         LINE#         1964
  C:0C5DH         LINE#         1965
  C:0C5FH         LINE#         1966
  C:0C61H         LINE#         1967
  C:0C63H         LINE#         1968
  C:0C65H         LINE#         1969
  C:0C67H         LINE#         1970
  C:0C8CH         LINE#         1973
  C:0C92H         LINE#         1974
  C:0C94H         LINE#         1975
  C:0C96H         LINE#         1976
  C:0C9CH         LINE#         1977
  C:0CA0H         LINE#         1978
  C:0CA3H         LINE#         1979
  C:0CC8H         LINE#         1980
  C:0CCEH         LINE#         1981
  C:0CD0H         LINE#         1982
  C:0CD2H         LINE#         1983
  C:0CD4H         LINE#         1984
  C:0CD6H         LINE#         1985
  C:0CD8H         LINE#         1986
  C:0CDBH         LINE#         1987
  C:0CDFH         LINE#         1988
  C:0CE4H         LINE#         1989
  C:0CE6H         LINE#         1990
  C:0CE8H         LINE#         1991
  C:0CEAH         LINE#         1992
  C:0CECH         LINE#         1993
  C:0CEEH         LINE#         1994
  C:0CF2H         LINE#         1995
  C:0CF5H         LINE#         1996
  C:0D1AH         LINE#         1999
  C:0D20H         LINE#         2000
  C:0D22H         LINE#         2001
  C:0D24H         LINE#         2002
  C:0D2AH         LINE#         2003
BL51 BANKED LINKER/LOCATER V6.22            06/01/2016  09:49:50  PAGE 55


  C:0D2EH         LINE#         2004
  C:0D30H         LINE#         2005
  C:0D55H         LINE#         2006
  C:0D5BH         LINE#         2007
  C:0D5DH         LINE#         2008
  C:0D5FH         LINE#         2009
  C:0D61H         LINE#         2010
  C:0D63H         LINE#         2011
  C:0D65H         LINE#         2012
  C:0D68H         LINE#         2013
  C:0D6CH         LINE#         2014
  C:0D71H         LINE#         2015
  C:0D73H         LINE#         2016
  C:0D75H         LINE#         2017
  C:0D77H         LINE#         2018
  C:0D79H         LINE#         2019
  C:0D7BH         LINE#         2020
  C:0D7FH         LINE#         2021
  C:0D82H         LINE#         2022
  C:0DA7H         LINE#         2025
  C:0DADH         LINE#         2026
  C:0DAFH         LINE#         2027
  C:0DB1H         LINE#         2028
  C:0DB7H         LINE#         2029
  C:0DBBH         LINE#         2030
  C:0DBFH         LINE#         2031
  C:0DE4H         LINE#         2032
  C:0DEAH         LINE#         2033
  C:0DECH         LINE#         2034
  C:0DEEH         LINE#         2035
  C:0DF0H         LINE#         2036
  C:0DF2H         LINE#         2037
  C:0DF4H         LINE#         2038
  C:0DF7H         LINE#         2039
  C:0DFBH         LINE#         2040
  C:0E00H         LINE#         2041
  C:0E02H         LINE#         2042
  C:0E04H         LINE#         2043
  C:0E06H         LINE#         2044
  C:0E08H         LINE#         2045
  C:0E0AH         LINE#         2046
  C:0E0EH         LINE#         2047
  C:0E11H         LINE#         2048
  C:0E36H         LINE#         2051
  C:0E3CH         LINE#         2052
  C:0E3EH         LINE#         2053
  C:0E40H         LINE#         2054
  C:0E46H         LINE#         2055
  C:0E4AH         LINE#         2056
  C:0E4EH         LINE#         2057
  C:0E73H         LINE#         2058
  C:0E79H         LINE#         2059
  C:0E7BH         LINE#         2060
  C:0E7DH         LINE#         2061
  C:0E7FH         LINE#         2062
  C:0E81H         LINE#         2063
  C:0E83H         LINE#         2064
  C:0E86H         LINE#         2065
  C:0E8AH         LINE#         2066
  C:0E8FH         LINE#         2067
  C:0E91H         LINE#         2068
  C:0E93H         LINE#         2069
  C:0E95H         LINE#         2070
  C:0E97H         LINE#         2071
  C:0E99H         LINE#         2072
BL51 BANKED LINKER/LOCATER V6.22            06/01/2016  09:49:50  PAGE 56


  C:0E9DH         LINE#         2073
  C:0EA0H         LINE#         2074
  C:0EC5H         LINE#         2077
  C:0ECBH         LINE#         2078
  C:0ECDH         LINE#         2079
  C:0ECFH         LINE#         2080
  C:0ED5H         LINE#         2081
  C:0ED9H         LINE#         2082
  C:0EDDH         LINE#         2083
  C:0F02H         LINE#         2084
  C:0F08H         LINE#         2085
  C:0F0AH         LINE#         2086
  C:0F0CH         LINE#         2087
  C:0F0EH         LINE#         2088
  C:0F10H         LINE#         2089
  C:0F12H         LINE#         2090
  C:0F15H         LINE#         2091
  C:0F19H         LINE#         2092
  C:0F1EH         LINE#         2093
  C:0F20H         LINE#         2094
  C:0F22H         LINE#         2095
  C:0F24H         LINE#         2096
  C:0F26H         LINE#         2097
  C:0F28H         LINE#         2098
  C:0F2CH         LINE#         2099
  C:0F2FH         LINE#         2100
  C:0F54H         LINE#         2103
  C:0F5EH         LINE#         2111
  C:0F61H         LINE#         2112
  C:0F63H         LINE#         2114
  C:0F72H         LINE#         2115
  C:0F72H         LINE#         2117
  C:0F75H         LINE#         2118
  C:0F75H         LINE#         2119
  C:0F95H         LINE#         2121
  C:0F9CH         LINE#         2122
  C:0F9CH         LINE#         2123
  C:0FA3H         LINE#         2124
  C:0FB5H         LINE#         2125
  C:0FB5H         LINE#         2126
  C:0FB7H         LINE#         2127
  C:0FB7H         LINE#         2128
  C:0FBDH         LINE#         2129
  C:0FBDH         LINE#         2130
  C:0FC2H         LINE#         2132
  C:0FC5H         LINE#         2133
  C:0FC8H         LINE#         2134
  C:0FCDH         LINE#         2135
  C:0FD4H         LINE#         2136
  C:0FD9H         LINE#         2137
  C:0FE0H         LINE#         2138
  C:0FEAH         LINE#         2139
  C:0FEAH         LINE#         2140
  C:0FECH         LINE#         2141
  C:100BH         LINE#         2143
  C:1010H         LINE#         2144
  C:1019H         LINE#         2145
  C:101EH         LINE#         2146
  C:1027H         LINE#         2147
  C:1027H         LINE#         2150
  C:1029H         LINE#         2151
  C:102BH         LINE#         2152
  C:102DH         LINE#         2154
  C:1034H         LINE#         2155
  C:1034H         LINE#         2156
BL51 BANKED LINKER/LOCATER V6.22            06/01/2016  09:49:50  PAGE 57


  C:103BH         LINE#         2157
  C:103BH         LINE#         2158
  C:1042H         LINE#         2159
  C:1042H         LINE#         2160
  C:1049H         LINE#         2161
  C:1049H         LINE#         2162
  C:1049H         LINE#         2164
  C:106CH         LINE#         2165
  C:106CH         LINE#         2166
  C:1078H         LINE#         2167
  C:107DH         LINE#         2169
  C:10A7H         LINE#         2170
  C:10B1H         LINE#         2171
  C:10B1H         LINE#         2172
  C:10CFH         LINE#         2173
  C:10EDH         LINE#         2174
  C:110BH         LINE#         2175
  C:111DH         LINE#         2176
  C:1131H         LINE#         2177
  C:1145H         LINE#         2178
  C:115BH         LINE#         2179
  C:1171H         LINE#         2180
  C:119DH         LINE#         2181
  C:119DH         LINE#         2184
  C:11C7H         LINE#         2185
  C:11D1H         LINE#         2186
  C:11D1H         LINE#         2187
  C:11E6H         LINE#         2188
  C:11E6H         LINE#         2189
  C:11E6H         LINE#         2190
  C:11F7H         LINE#         2191
  C:11F9H         LINE#         2192
  C:1226H         LINE#         2193
  C:1226H         LINE#         2194
  C:1226H         LINE#         2195
  C:1238H         LINE#         2196
  C:123BH         LINE#         2197
  C:1267H         LINE#         2198
  C:1267H         LINE#         2199
  C:1267H         LINE#         2200
  C:1279H         LINE#         2201
  C:127CH         LINE#         2202
  C:12A6H         LINE#         2203
  C:12A9H         LINE#         2204
  C:12A9H         LINE#         2205
  C:12A9H         LINE#         2206
  C:12D4H         LINE#         2207
  C:12D4H         LINE#         2209
  C:12DEH         LINE#         2210
  C:12DEH         LINE#         2211
  C:1308H         LINE#         2212
  C:130FH         LINE#         2213
  C:130FH         LINE#         2214
  C:1324H         LINE#         2215
  C:1351H         LINE#         2216
  C:1354H         LINE#         2217
  C:1354H         LINE#         2218
  C:1354H         LINE#         2219
  C:1354H         LINE#         2222
  C:135AH         LINE#         2223
  C:135DH         LINE#         2226
  C:136EH         LINE#         2227
  C:136EH         LINE#         2228
  C:1371H         LINE#         2230
  C:137AH         LINE#         2231
BL51 BANKED LINKER/LOCATER V6.22            06/01/2016  09:49:50  PAGE 58


  C:137AH         LINE#         2234
  C:1385H         LINE#         2235
  C:1385H         LINE#         2237
  C:1388H         LINE#         2238
  C:13A2H         LINE#         2239
  C:13A2H         LINE#         2240
  C:13D2H         LINE#         2241
  C:13E6H         LINE#         2243
  C:13FDH         LINE#         2244
  C:13FDH         LINE#         2245
  C:1405H         LINE#         2247
  C:142FH         LINE#         2248
  C:1439H         LINE#         2249
  C:1439H         LINE#         2250
  C:143BH         LINE#         2251
  C:147BH         LINE#         2252
  C:147BH         LINE#         2253
  C:147BH         LINE#         2255
  C:148CH         LINE#         2256
  C:149EH         LINE#         2257
  C:14C9H         LINE#         2260
  C:14DAH         LINE#         2261
  C:14EBH         LINE#         2262
  C:14FCH         LINE#         2263
  C:150DH         LINE#         2264
  C:151EH         LINE#         2265
  C:152FH         LINE#         2266
  C:1540H         LINE#         2267
  C:1551H         LINE#         2268
  C:157CH         LINE#         2269
  C:157EH         LINE#         2270
  C:1581H         LINE#         2271
  C:1581H         LINE#         2273
  C:1592H         LINE#         2274
  C:1592H         LINE#         2275
  C:1592H         LINE#         2278
  C:1592H         LINE#         2279
  C:1592H         LINE#         2280
  C:1592H         LINE#         2281
  C:1592H         LINE#         2282
  C:1592H         LINE#         2283
  C:1592H         LINE#         2284
  C:1592H         LINE#         2285
  C:1592H         LINE#         2286
  C:1592H         LINE#         2287
  C:1594H         LINE#         2288
  C:1594H         LINE#         2290
  C:15A6H         LINE#         2291
  C:15B8H         LINE#         2292
  C:15E3H         LINE#         2295
  C:15F4H         LINE#         2296
  C:1605H         LINE#         2297
  C:1616H         LINE#         2298
  C:1626H         LINE#         2299
  C:1626H         LINE#         2300
  C:1626H         LINE#         2301
  C:1626H         LINE#         2302
  C:1626H         LINE#         2303
  C:1626H         LINE#         2304
  C:1629H         LINE#         2305
  C:1629H         LINE#         2307
  C:163BH         LINE#         2308
  C:164DH         LINE#         2309
  C:1678H         LINE#         2312
  C:1689H         LINE#         2313
BL51 BANKED LINKER/LOCATER V6.22            06/01/2016  09:49:50  PAGE 59


  C:169AH         LINE#         2314
  C:16ACH         LINE#         2315
  C:16BDH         LINE#         2316
  C:16BDH         LINE#         2317
  C:16BDH         LINE#         2318
  C:16BDH         LINE#         2319
  C:16BDH         LINE#         2320
  C:16BDH         LINE#         2321
  C:16C0H         LINE#         2322
  C:16C0H         LINE#         2324
  C:16D2H         LINE#         2325
  C:16E4H         LINE#         2326
  C:170FH         LINE#         2329
  C:1720H         LINE#         2330
  C:1731H         LINE#         2331
  C:1743H         LINE#         2332
  C:1755H         LINE#         2333
  C:1767H         LINE#         2334
  C:1778H         LINE#         2335
  C:178AH         LINE#         2336
  C:179CH         LINE#         2337
  C:17C1H         LINE#         2338
  C:17C4H         LINE#         2339
  C:17C4H         LINE#         2341
  C:17D6H         LINE#         2342
  C:17E8H         LINE#         2343
  C:1813H         LINE#         2346
  C:1824H         LINE#         2347
  C:1835H         LINE#         2348
  C:1846H         LINE#         2349
  C:1857H         LINE#         2350
  C:1882H         LINE#         2351
  C:1882H         LINE#         2352
  C:1882H         LINE#         2353
  C:1882H         LINE#         2354
  C:1882H         LINE#         2355
  C:1882H         LINE#         2356
  C:1882H         LINE#         2358
  C:1894H         LINE#         2359
  C:1894H         LINE#         2360
  C:1894H         LINE#         2362
  C:1897H         LINE#         2363
  -------         ENDPROC       USER2
  -------         PROC          USER3
  -------         DO            
  D:002FH         SYMBOL        cnt
  -------         ENDDO         
  C:54E6H         LINE#         2364
  C:54E6H         LINE#         2365
  C:54E6H         LINE#         2366
  C:54E9H         LINE#         2368
  C:54F4H         LINE#         2369
  C:54F4H         LINE#         2370
  C:54F6H         LINE#         2371
  C:54F6H         LINE#         2372
  C:54FBH         LINE#         2373
  C:5502H         LINE#         2374
  C:550BH         LINE#         2375
  C:5512H         LINE#         2376
  C:5514H         LINE#         2377
  -------         ENDPROC       USER3
  -------         PROC          USER4
  -------         DO            
  D:002FH         SYMBOL        cnt
  -------         ENDDO         
BL51 BANKED LINKER/LOCATER V6.22            06/01/2016  09:49:50  PAGE 60


  C:5515H         LINE#         2378
  C:5515H         LINE#         2379
  C:5515H         LINE#         2380
  C:5518H         LINE#         2382
  C:5523H         LINE#         2383
  C:5523H         LINE#         2384
  C:5525H         LINE#         2385
  C:5525H         LINE#         2386
  C:552AH         LINE#         2387
  C:5531H         LINE#         2388
  C:553AH         LINE#         2389
  C:5541H         LINE#         2390
  C:5543H         LINE#         2391
  -------         ENDPROC       USER4
  -------         PROC          USER5
  -------         DO            
  D:002FH         SYMBOL        cnt
  -------         ENDDO         
  C:5544H         LINE#         2392
  C:5544H         LINE#         2393
  C:5544H         LINE#         2394
  C:5547H         LINE#         2396
  C:5552H         LINE#         2397
  C:5552H         LINE#         2398
  C:5554H         LINE#         2399
  C:5554H         LINE#         2400
  C:5559H         LINE#         2401
  C:5560H         LINE#         2402
  C:5569H         LINE#         2403
  C:5570H         LINE#         2404
  C:5572H         LINE#         2405
  -------         ENDPROC       USER5
  -------         PROC          USER6
  -------         DO            
  D:002FH         SYMBOL        cnt
  -------         ENDDO         
  C:5573H         LINE#         2406
  C:5573H         LINE#         2407
  C:5573H         LINE#         2408
  C:5576H         LINE#         2410
  C:5581H         LINE#         2411
  C:5581H         LINE#         2412
  C:5583H         LINE#         2413
  C:5583H         LINE#         2414
  C:5588H         LINE#         2415
  C:558FH         LINE#         2416
  C:5598H         LINE#         2417
  C:559FH         LINE#         2418
  C:55A1H         LINE#         2419
  -------         ENDPROC       USER6
  -------         PROC          USER7
  -------         DO            
  D:002FH         SYMBOL        cnt
  -------         ENDDO         
  C:55A2H         LINE#         2420
  C:55A2H         LINE#         2421
  C:55A2H         LINE#         2422
  C:55A5H         LINE#         2424
  C:55B0H         LINE#         2425
  C:55B0H         LINE#         2426
  C:55B2H         LINE#         2427
  C:55B2H         LINE#         2428
  C:55B7H         LINE#         2429
  C:55BEH         LINE#         2430
  C:55C7H         LINE#         2431
BL51 BANKED LINKER/LOCATER V6.22            06/01/2016  09:49:50  PAGE 61


  C:55CEH         LINE#         2432
  C:55D0H         LINE#         2433
  -------         ENDPROC       USER7
  -------         PROC          USER8
  C:0072H         LINE#         2435
  C:0072H         LINE#         2436
  C:0072H         LINE#         2437
  -------         ENDPROC       USER8
  -------         ENDMOD        USER

  -------         MODULE        ?C?COPY
  C:38ABH         PUBLIC        ?C?COPY
  -------         ENDMOD        ?C?COPY

  -------         MODULE        ?C?CLDPTR
  C:38D1H         PUBLIC        ?C?CLDPTR
  -------         ENDMOD        ?C?CLDPTR

  -------         MODULE        ?C?CLDOPTR
  C:38EAH         PUBLIC        ?C?CLDOPTR
  -------         ENDMOD        ?C?CLDOPTR

  -------         MODULE        ?C?CSTPTR
  C:3917H         PUBLIC        ?C?CSTPTR
  -------         ENDMOD        ?C?CSTPTR

  -------         MODULE        ?C?IILDX
  C:3929H         PUBLIC        ?C?IILDX
  -------         ENDMOD        ?C?IILDX

  -------         MODULE        ?C?SLDIV
  C:540BH         PUBLIC        ?C?SLDIV
  -------         ENDMOD        ?C?SLDIV

  -------         MODULE        ?C?LNOT
  C:393FH         PUBLIC        ?C?LNOT
  -------         ENDMOD        ?C?LNOT

  -------         MODULE        ?C?ULCMP
  C:394CH         PUBLIC        ?C?ULCMP
  -------         ENDMOD        ?C?ULCMP

  -------         MODULE        ?C?ULSHR
  C:395DH         PUBLIC        ?C?ULSHR
  -------         ENDMOD        ?C?ULSHR

  -------         MODULE        ?C?LSHL
  C:3970H         PUBLIC        ?C?LSHL
  -------         ENDMOD        ?C?LSHL

  -------         MODULE        ?C?LLDOPTR
  C:3983H         PUBLIC        ?C?LLDOPTR
  -------         ENDMOD        ?C?LLDOPTR

  -------         MODULE        ?C?LSTOPTR
  C:39B3H         PUBLIC        ?C?LSTOPTR
  -------         ENDMOD        ?C?LSTOPTR

  -------         MODULE        ?C?LSTXDATA
  C:39D7H         PUBLIC        ?C?LSTXDATA
  -------         ENDMOD        ?C?LSTXDATA

  -------         MODULE        ?C?LSTKXDATA
  C:39E3H         PUBLIC        ?C?LSTKXDATA
  -------         ENDMOD        ?C?LSTKXDATA
BL51 BANKED LINKER/LOCATER V6.22            06/01/2016  09:49:50  PAGE 62



  -------         MODULE        ?C?OFFXADD
  C:3A14H         PUBLIC        ?C?OFFXADD
  -------         ENDMOD        ?C?OFFXADD

  -------         MODULE        ?C?LCASE
  C:3A20H         PUBLIC        ?C?LCASE
  -------         ENDMOD        ?C?LCASE

  -------         MODULE        ?C?ULDIV
  C:3A96H         PUBLIC        ?C?ULDIV
  -------         ENDMOD        ?C?ULDIV

  -------         MODULE        ?C?LLDIDATA
  C:3B28H         PUBLIC        ?C?LLDIDATA
  -------         ENDMOD        ?C?LLDIDATA

  -------         MODULE        ?C?LLDXDATA
  C:3B34H         PUBLIC        ?C?LLDXDATA
  -------         ENDMOD        ?C?LLDXDATA

  -------         MODULE        ?C?LLDPDATA
  C:3B40H         PUBLIC        ?C?LLDPDATA
  -------         ENDMOD        ?C?LLDPDATA

  -------         MODULE        ?C?LLDCODE
  C:3B4CH         PUBLIC        ?C?LLDCODE
  -------         ENDMOD        ?C?LLDCODE

  -------         MODULE        ?C?LSTIDATA
  C:3B5CH         PUBLIC        ?C?LSTIDATA
  -------         ENDMOD        ?C?LSTIDATA

  -------         MODULE        ?C?LSTPDATA
  C:3B68H         PUBLIC        ?C?LSTPDATA
  -------         ENDMOD        ?C?LSTPDATA

Program Size: data=101.0 xdata=809 code=22433
LINK/LOCATE RUN COMPLETE.  0 WARNING(S),  0 ERROR(S)
