BL51 BANKED LINKER/LOCATER V6.22              06/02/2016  08:16:07  PAGE 1


BL51 BANKED LINKER/LOCATER V6.22, INVOKED BY:
C:\KEIL\C51\BIN\BL51.EXE D:\Work Files\C Code\New Hardware\Multiple Profiles\m
>> aincode.obj, D:\Work Files\C Code\New Hardware\Multiple Profiles\can.obj, D
>> :\Work Files\C Code\New Hardware\Multiple Profiles\spi.obj, D:\Work Files\C
>>  Code\New Hardware\Multiple Profiles\timers.obj, D:\Work Files\C Code\New H
>> ardware\Multiple Profiles\user.obj TO D:\Work Files\C Code\New Hardware\Mul
>> tiple Profiles\maincodeOMF RS (256) PL (68) PW (78)


MEMORY MODEL: SMALL


INPUT MODULES INCLUDED:
  D:\Work Files\C Code\New Hardware\Multiple Profiles\maincode.obj (MAINCODE)
  D:\Work Files\C Code\New Hardware\Multiple Profiles\can.obj (CAN)
  D:\Work Files\C Code\New Hardware\Multiple Profiles\spi.obj (SPI)
  D:\Work Files\C Code\New Hardware\Multiple Profiles\timers.obj (TIMERS)
  D:\Work Files\C Code\New Hardware\Multiple Profiles\user.obj (USER)
  C:\KEIL\C51\LIB\C51S.LIB (?C_STARTUP)
  C:\KEIL\C51\LIB\C51S.LIB (?C?COPY)
  C:\KEIL\C51\LIB\C51S.LIB (?C?CLDPTR)
  C:\KEIL\C51\LIB\C51S.LIB (?C?CLDOPTR)
  C:\KEIL\C51\LIB\C51S.LIB (?C?CSTPTR)
  C:\KEIL\C51\LIB\C51S.LIB (?C?IILDX)
  C:\KEIL\C51\LIB\C51S.LIB (?C?SLDIV)
  C:\KEIL\C51\LIB\C51S.LIB (?C?LNOT)
  C:\KEIL\C51\LIB\C51S.LIB (?C?ULCMP)
  C:\KEIL\C51\LIB\C51S.LIB (?C?ULSHR)
  C:\KEIL\C51\LIB\C51S.LIB (?C?LSHL)
  C:\KEIL\C51\LIB\C51S.LIB (?C?LLDOPTR)
  C:\KEIL\C51\LIB\C51S.LIB (?C?LSTOPTR)
  C:\KEIL\C51\LIB\C51S.LIB (?C?LSTXDATA)
  C:\KEIL\C51\LIB\C51S.LIB (?C?LSTKXDATA)
  C:\KEIL\C51\LIB\C51S.LIB (?C?OFFXADD)
  C:\KEIL\C51\LIB\C51S.LIB (?C?LCASE)
  C:\KEIL\C51\LIB\C51S.LIB (?C?ULDIV)
  C:\KEIL\C51\LIB\C51S.LIB (?C?LLDIDATA)
  C:\KEIL\C51\LIB\C51S.LIB (?C?LLDXDATA)
  C:\KEIL\C51\LIB\C51S.LIB (?C?LLDPDATA)
  C:\KEIL\C51\LIB\C51S.LIB (?C?LLDCODE)
  C:\KEIL\C51\LIB\C51S.LIB (?C?LSTIDATA)
  C:\KEIL\C51\LIB\C51S.LIB (?C?LSTPDATA)


LINK MAP OF MODULE:  D:\Work Files\C Code\New Hardware\Multiple Profiles\mainc
>> odeOMF (MAINCODE)


            TYPE    BASE      LENGTH    RELOCATION   SEGMENT NAME
            -----------------------------------------------------

            * * * * * * *   D A T A   M E M O R Y   * * * * * * *
            REG     0000H     0008H     ABSOLUTE     "REG BANK 0"
            DATA    0008H     000EH     UNIT         ?DT?MAINCODE
            DATA    0016H     0004H     UNIT         ?DT?TIMERS
            DATA    001AH     0001H     UNIT         ?DT?SPI
                    001BH     0005H                  *** GAP ***
            BIT     0020H.0   0000H.5   UNIT         ?BI?MAINCODE
            BIT     0020H.5   0000H.3   UNIT         _BIT_GROUP_
            BIT     0021H.0   0000H.1   UNIT         ?BI?TIMERS
                    0021H.1   0000H.7                *** GAP ***
            DATA    0022H     0048H     UNIT         _DATA_GROUP_
            IDATA   006AH     0001H     UNIT         ?STACK

            * * * * * * *  X D A T A   M E M O R Y  * * * * * * *
            XDATA   0000H     0326H     UNIT         ?XD?MAINCODE
BL51 BANKED LINKER/LOCATER V6.22            06/02/2016  08:16:07  PAGE 2


            XDATA   0326H     0003H     UNIT         ?XD?CAN

            * * * * * * *   C O D E   M E M O R Y   * * * * * * *
            CODE    0000H     0003H     ABSOLUTE     
            CODE    0003H     0003H     ABSOLUTE     
            CODE    0006H     0060H     UNIT         ?PR?_INIT_MSG_OBJECT_RX?C
>> AN
            CODE    0066H     000CH     UNIT         ?C_C51STARTUP
            CODE    0072H     0001H     UNIT         ?PR?USER8?USER
            CODE    0073H     0003H     ABSOLUTE     
            CODE    0076H     0022H     UNIT         ?PR?_CAN1START_TRANSMIT?S
>> PI
            CODE    0098H     0003H     UNIT         ?CO?SPI
            CODE    009BH     0003H     ABSOLUTE     
            CODE    009EH     1A03H     UNIT         ?PR?USER2?USER
            CODE    1AA1H     1771H     UNIT         ?PR?USER1?USER
            CODE    3212H     040EH     UNIT         ?PR?CHECKBUTTS?MAINCODE
            CODE    3620H     03C8H     UNIT         ?PR?_PROCESSRX?MAINCODE
            CODE    39E8H     0399H     UNIT         ?C?LIB_CODE
            CODE    3D81H     033EH     UNIT         ?PR?CHECKMESGS?TIMERS
            CODE    40BFH     01C7H     UNIT         ?PR?_RX_CAN_FRAME?CAN
            CODE    4286H     0199H     UNIT         ?PR?_CAN1READ_CANMSG?SPI
            CODE    441FH     0164H     UNIT         ?PR?READINPUTS?TIMERS
            CODE    4583H     015AH     UNIT         ?PR?_ADDMESSAGE?MAINCODE
            CODE    46DDH     012BH     UNIT         ?PR?MAIN?MAINCODE
            CODE    4808H     0125H     UNIT         ?PR?_ALTERMESSAGEBYTE?MAI
>> NCODE
            CODE    492DH     010FH     UNIT         ?PR?_INITRXFRAMEID?CAN
            CODE    4A3CH     0100H     UNIT         ?PR?_SIMPLEBUTTONCONFIG?M
>> AINCODE
            CODE    4B3CH     00EEH     UNIT         ?PR?_RXMESSAGECONFIG2?MAI
>> NCODE
            CODE    4C2AH     00EDH     UNIT         ?PR?CAN1INITCANBUFFERS?SP
>> I
            CODE    4D17H     00E7H     UNIT         ?PR?_TX_CAN_FRAME?CAN
            CODE    4DFEH     00E3H     UNIT         ?PR?_RXMESSAGECONFIG1?MAI
>> NCODE
            CODE    4EE1H     00E3H     UNIT         ?PR?_CAN1WRITE_CANMSG?SPI
>> 
            CODE    4FC4H     00DEH     UNIT         ?PR?CHECKRELAY?MAINCODE
            CODE    50A2H     00BDH     UNIT         ?PR?_CAN1INIT_FILTERSNMAS
>> KS?SPI
            CODE    515FH     0099H     UNIT         ?PR?CLEARUSERVARS?MAINCOD
>> E
            CODE    51F8H     0092H     UNIT         ?PR?_CLEAR_MESSAGE_OBJECT
>> ?CAN
            CODE    528AH     0087H     UNIT         ?PR?_CAN1WRITE_ID?SPI
            CODE    5311H     007FH     UNIT         ?PR?_RELAYCTRL?MAINCODE
            CODE    5390H     007BH     UNIT         ?PR?INT_CAN?CAN
            CODE    540BH     006FH     UNIT         ?PR?_MEMMANAGE?MAINCODE
            CODE    547AH     0060H     UNIT         ?PR?_CAN1INIT?SPI
            CODE    54DAH     0055H     UNIT         ?PR?INT_T3_OV?TIMERS
            CODE    552FH     0052H     UNIT         ?PR?_CAN1CONFIGRATE?SPI
            CODE    5581H     0051H     UNIT         ?PR?_ROTARY2VALUE?TIMERS
            CODE    55D2H     0049H     UNIT         ?PR?_CAN1GETNEXTFREETXBUF
>> ?SPI
            CODE    561BH     0044H     UNIT         ?C?LDIV
            CODE    565FH     0039H     UNIT         ?PR?_START_TIMER3?TIMERS
            CODE    5698H     002FH     UNIT         ?PR?_TXFRAME?CAN
            CODE    56C7H     002FH     UNIT         ?PR?_CAN1SETREGISTERS?SPI
>> 
            CODE    56F6H     002FH     UNIT         ?PR?USER3?USER
            CODE    5725H     002FH     UNIT         ?PR?USER4?USER
            CODE    5754H     002FH     UNIT         ?PR?USER5?USER
            CODE    5783H     002FH     UNIT         ?PR?USER6?USER
BL51 BANKED LINKER/LOCATER V6.22            06/02/2016  08:16:07  PAGE 3


            CODE    57B2H     002FH     UNIT         ?PR?USER7?USER
            CODE    57E1H     002AH     UNIT         ?PR?_CONFIG_CAN_TIMING?CA
>> N
            CODE    580BH     0029H     UNIT         ?PR?CONFIG_IO?MAINCODE
            CODE    5834H     0022H     UNIT         ?CO?USER
            CODE    5856H     0021H     UNIT         ?PR?_MSECDELAY?TIMERS
            CODE    5877H     001EH     UNIT         ?PR?_CAN1READREGISTER?SPI
>> 
            CODE    5895H     001DH     UNIT         ?PR?_CAN1MODIFYREGISTER?S
>> PI
            CODE    58B2H     001DH     UNIT         ?PR?_CAN1SETCANCTRL_MODE?
>> SPI
            CODE    58CFH     001CH     UNIT         ?PR?OSCILLATOR_INIT?TIMER
>> S
            CODE    58EBH     0019H     UNIT         ?PR?SPI_RXBYTE?SPI
            CODE    5904H     0017H     UNIT         ?PR?_CAN1SETREGISTER?SPI
            CODE    591BH     0017H     UNIT         ?PR?CAN1READSTATUS?SPI
            CODE    5932H     0017H     UNIT         ?PR?CAN1READRXSTAT?SPI
            CODE    5949H     0016H     UNIT         ?PR?_SPICAN?SPI
            CODE    595FH     0016H     UNIT         ?PR?CAN1RESET?SPI
            CODE    5975H     000FH     UNIT         ?PR?_SPI_TXBYTE?SPI
            CODE    5984H     000FH     UNIT         ?PR?_CODEDELAY?TIMERS
            CODE    5993H     000EH     UNIT         ?PR?SPI_INIT?SPI
            CODE    59A1H     000BH     UNIT         ?PR?_CAN1BEGIN?SPI
            CODE    59ACH     0005H     UNIT         ?PR?INT_CAN1?SPI



OVERLAY MAP OF MODULE:   D:\Work Files\C Code\New Hardware\Multiple Profiles\m
>> aincodeOMF (MAINCODE)


SEGMENT                                     BIT_GROUP          DATA_GROUP 
  +--> CALLED SEGMENT                    START    LENGTH     START    LENGTH
----------------------------------------------------------------------------
?PR?INT_CAN?CAN                          -----    -----      0022H    0002H
  +--> ?PR?_RX_CAN_FRAME?CAN

?PR?_RX_CAN_FRAME?CAN                    -----    -----      0024H    0001H

*** NEW ROOT ***************************************************

?PR?INT_T3_OV?TIMERS                     -----    -----      -----    -----
  +--> ?PR?READINPUTS?TIMERS
  +--> ?PR?CHECKMESGS?TIMERS

?PR?READINPUTS?TIMERS                    -----    -----      0025H    000AH
  +--> ?PR?_CODEDELAY?TIMERS
  +--> ?PR?_ROTARY2VALUE?TIMERS

?PR?_ROTARY2VALUE?TIMERS                 -----    -----      002FH    0001H

?PR?CHECKMESGS?TIMERS                    0020H.5  0000H.1    0025H    0003H
  +--> ?PR?_TXFRAME?CAN

?PR?_TXFRAME?CAN                         -----    -----      0028H    0002H
  +--> ?PR?_TX_CAN_FRAME?CAN
  +--> ?PR?_CAN1GETNEXTFREETXBUF?SPI
  +--> ?PR?_CAN1WRITE_CANMSG?SPI
  +--> ?PR?_CAN1START_TRANSMIT?SPI

?PR?_CAN1GETNEXTFREETXBUF?SPI            -----    -----      002AH    0006H
  +--> ?CO?SPI
  +--> ?PR?_CAN1READREGISTER?SPI

BL51 BANKED LINKER/LOCATER V6.22            06/02/2016  08:16:07  PAGE 4


?PR?_CAN1READREGISTER?SPI                -----    -----      -----    -----
  +--> ?PR?_SPICAN?SPI
  +--> ?PR?_SPI_TXBYTE?SPI
  +--> ?PR?SPI_RXBYTE?SPI

?PR?_CAN1WRITE_CANMSG?SPI                -----    -----      002AH    0004H
  +--> ?PR?_SPICAN?SPI
  +--> ?PR?_SPI_TXBYTE?SPI

?PR?_CAN1START_TRANSMIT?SPI              -----    -----      -----    -----
  +--> ?PR?_SPICAN?SPI
  +--> ?PR?_SPI_TXBYTE?SPI

*** NEW ROOT ***************************************************

?C_C51STARTUP                            -----    -----      -----    -----
  +--> ?PR?MAIN?MAINCODE

?PR?MAIN?MAINCODE                        -----    -----      -----    -----
  +--> ?PR?CONFIG_IO?MAINCODE
  +--> ?PR?OSCILLATOR_INIT?TIMERS
  +--> ?PR?SPI_INIT?SPI
  +--> ?PR?_CAN1BEGIN?SPI
  +--> ?PR?_CONFIG_CAN_TIMING?CAN
  +--> ?PR?CLEARUSERVARS?MAINCODE
  +--> ?PR?_START_TIMER3?TIMERS
  +--> ?PR?_MSECDELAY?TIMERS
  +--> ?PR?USER1?USER
  +--> ?PR?USER2?USER
  +--> ?PR?USER3?USER
  +--> ?PR?USER4?USER
  +--> ?PR?USER5?USER
  +--> ?PR?USER6?USER
  +--> ?PR?USER7?USER
  +--> ?PR?USER8?USER

?PR?OSCILLATOR_INIT?TIMERS               -----    -----      0030H    0001H
  +--> ?PR?_CODEDELAY?TIMERS

?PR?_CAN1BEGIN?SPI                       -----    -----      -----    -----
  +--> ?PR?_CAN1INIT?SPI

?PR?_CAN1INIT?SPI                        -----    -----      0030H    0001H
  +--> ?PR?CAN1RESET?SPI
  +--> ?PR?_CAN1SETCANCTRL_MODE?SPI
  +--> ?PR?_CAN1CONFIGRATE?SPI
  +--> ?PR?CAN1INITCANBUFFERS?SPI
  +--> ?PR?_CAN1SETREGISTER?SPI
  +--> ?PR?_CAN1MODIFYREGISTER?SPI
  +--> ?PR?_CAN1INIT_FILTERSNMASKS?SPI

?PR?CAN1RESET?SPI                        -----    -----      -----    -----
  +--> ?PR?_SPICAN?SPI
  +--> ?PR?_SPI_TXBYTE?SPI
  +--> ?PR?_CODEDELAY?TIMERS

?PR?_CAN1SETCANCTRL_MODE?SPI             -----    -----      -----    -----
  +--> ?PR?_CAN1MODIFYREGISTER?SPI
  +--> ?PR?_CAN1READREGISTER?SPI

?PR?_CAN1MODIFYREGISTER?SPI              -----    -----      -----    -----
  +--> ?PR?_SPICAN?SPI
  +--> ?PR?_SPI_TXBYTE?SPI

?PR?_CAN1CONFIGRATE?SPI                  -----    -----      -----    -----
BL51 BANKED LINKER/LOCATER V6.22            06/02/2016  08:16:07  PAGE 5


  +--> ?PR?_CAN1SETREGISTER?SPI

?PR?_CAN1SETREGISTER?SPI                 -----    -----      -----    -----
  +--> ?PR?_SPICAN?SPI
  +--> ?PR?_SPI_TXBYTE?SPI

?PR?CAN1INITCANBUFFERS?SPI               -----    -----      0031H    0008H
  +--> ?PR?_CAN1WRITE_ID?SPI
  +--> ?PR?_CAN1SETREGISTER?SPI

?PR?_CAN1WRITE_ID?SPI                    -----    -----      0039H    0009H
  +--> ?PR?_CAN1SETREGISTERS?SPI

?PR?_CAN1SETREGISTERS?SPI                -----    -----      0042H    0005H
  +--> ?PR?_SPICAN?SPI
  +--> ?PR?_SPI_TXBYTE?SPI

?PR?_CAN1INIT_FILTERSNMASKS?SPI          -----    -----      0031H    0005H
  +--> ?PR?_CAN1SETCANCTRL_MODE?SPI
  +--> ?PR?_CAN1WRITE_ID?SPI

?PR?CLEARUSERVARS?MAINCODE               -----    -----      -----    -----
  +--> ?PR?_CLEAR_MESSAGE_OBJECT?CAN

?PR?_CLEAR_MESSAGE_OBJECT?CAN            -----    -----      0030H    0001H

?PR?USER1?USER                           0020H.6  0000H.1    0030H    001CH
  +--> ?CO?USER
  +--> ?PR?_MEMMANAGE?MAINCODE
  +--> ?PR?_ADDMESSAGE?MAINCODE
  +--> ?PR?_SIMPLEBUTTONCONFIG?MAINCODE
  +--> ?PR?_RXMESSAGECONFIG1?MAINCODE
  +--> ?PR?_RXMESSAGECONFIG2?MAINCODE
  +--> ?PR?_PROCESSRX?MAINCODE
  +--> ?PR?CAN1READSTATUS?SPI
  +--> ?PR?_CAN1READ_CANMSG?SPI
  +--> ?PR?_CAN1READREGISTER?SPI
  +--> ?PR?_ALTERMESSAGEBYTE?MAINCODE
  +--> ?PR?_CAN1MODIFYREGISTER?SPI
  +--> ?PR?CAN1READRXSTAT?SPI
  +--> ?PR?CHECKRELAY?MAINCODE
  +--> ?PR?CHECKBUTTS?MAINCODE

?PR?_MEMMANAGE?MAINCODE                  -----    -----      004CH    0005H

?PR?_ADDMESSAGE?MAINCODE                 -----    -----      004CH    000CH

?PR?_SIMPLEBUTTONCONFIG?MAINCODE         -----    -----      004CH    000FH

?PR?_RXMESSAGECONFIG1?MAINCODE           -----    -----      004CH    000DH
  +--> ?PR?_INITRXFRAMEID?CAN

?PR?_INITRXFRAMEID?CAN                   -----    -----      0059H    000AH
  +--> ?PR?_INIT_MSG_OBJECT_RX?CAN

?PR?_INIT_MSG_OBJECT_RX?CAN              -----    -----      0063H    0005H

?PR?_RXMESSAGECONFIG2?MAINCODE           -----    -----      004CH    000FH

?PR?_PROCESSRX?MAINCODE                  0020H.7  0000H.1    004CH    0011H
  +--> ?PR?_ALTERMESSAGEBYTE?MAINCODE

?PR?_ALTERMESSAGEBYTE?MAINCODE           -----    -----      005DH    000DH

?PR?CAN1READSTATUS?SPI                   -----    -----      -----    -----
BL51 BANKED LINKER/LOCATER V6.22            06/02/2016  08:16:07  PAGE 6


  +--> ?PR?_SPICAN?SPI
  +--> ?PR?_SPI_TXBYTE?SPI
  +--> ?PR?SPI_RXBYTE?SPI

?PR?_CAN1READ_CANMSG?SPI                 -----    -----      004CH    0006H
  +--> ?PR?_SPICAN?SPI
  +--> ?PR?_SPI_TXBYTE?SPI
  +--> ?PR?SPI_RXBYTE?SPI

?PR?CAN1READRXSTAT?SPI                   -----    -----      -----    -----
  +--> ?PR?_SPICAN?SPI
  +--> ?PR?_SPI_TXBYTE?SPI
  +--> ?PR?SPI_RXBYTE?SPI

?PR?CHECKRELAY?MAINCODE                  0020H.7  0000H.1    004CH    0001H
  +--> ?PR?_RELAYCTRL?MAINCODE

?PR?_RELAYCTRL?MAINCODE                  -----    -----      -----    -----
  +--> ?PR?_CAN1MODIFYREGISTER?SPI

?PR?CHECKBUTTS?MAINCODE                  -----    -----      004CH    0010H
  +--> ?PR?_ALTERMESSAGEBYTE?MAINCODE

?PR?USER2?USER                           0020H.6  0000H.1    0030H    001CH
  +--> ?CO?USER
  +--> ?PR?_MEMMANAGE?MAINCODE
  +--> ?PR?_ADDMESSAGE?MAINCODE
  +--> ?PR?_SIMPLEBUTTONCONFIG?MAINCODE
  +--> ?PR?_RXMESSAGECONFIG1?MAINCODE
  +--> ?PR?_RXMESSAGECONFIG2?MAINCODE
  +--> ?PR?_PROCESSRX?MAINCODE
  +--> ?PR?CAN1READSTATUS?SPI
  +--> ?PR?_CAN1READ_CANMSG?SPI
  +--> ?PR?_CAN1READREGISTER?SPI
  +--> ?PR?_ALTERMESSAGEBYTE?MAINCODE
  +--> ?PR?_CAN1MODIFYREGISTER?SPI
  +--> ?PR?CAN1READRXSTAT?SPI
  +--> ?PR?CHECKRELAY?MAINCODE
  +--> ?PR?CHECKBUTTS?MAINCODE

?PR?USER3?USER                           -----    -----      0030H    0001H
  +--> ?PR?_MSECDELAY?TIMERS

?PR?USER4?USER                           -----    -----      0030H    0001H
  +--> ?PR?_MSECDELAY?TIMERS

?PR?USER5?USER                           -----    -----      0030H    0001H
  +--> ?PR?_MSECDELAY?TIMERS

?PR?USER6?USER                           -----    -----      0030H    0001H
  +--> ?PR?_MSECDELAY?TIMERS

?PR?USER7?USER                           -----    -----      0030H    0001H
  +--> ?PR?_MSECDELAY?TIMERS



SYMBOL TABLE OF MODULE:  D:\Work Files\C Code\New Hardware\Multiple Profiles\m
>> aincodeOMF (MAINCODE)

  VALUE           TYPE          NAME
  ----------------------------------

  -------         MODULE        MAINCODE
  C:0000H         SYMBOL        _ICE_DUMMY_
BL51 BANKED LINKER/LOCATER V6.22            06/02/2016  08:16:07  PAGE 7


  D:0080H         PUBLIC        P0
  X:0000H         PUBLIC        MaxRxTraps
  D:0008H         PUBLIC        Mesgs
  D:00FFH         PUBLIC        WDTCN
  D:00A0H         PUBLIC        P2
  D:00B0H         PUBLIC        P3
  B:00A8H.7       PUBLIC        EA
  D:00E7H         PUBLIC        EIE2
  B:00A0H.3       PUBLIC        LED1
  D:00E8H         PUBLIC        ADC0CN
  D:0084H         PUBLIC        SFRPAGE
  D:00A4H         PUBLIC        P0MDOUT
  D:00E8H         PUBLIC        ADC2CN
  D:00A5H         PUBLIC        P1MDOUT
  D:00A8H         PUBLIC        IE
  D:00A6H         PUBLIC        P2MDOUT
  D:00A7H         PUBLIC        P3MDOUT
  D:00F7H         PUBLIC        EIP2
  D:000AH         PUBLIC        keyChange
  D:00F8H         PUBLIC        CAN0CN
  D:00D8H         PUBLIC        PCA0CN
  C:5311H         PUBLIC        _RelayCtrl
  X:0001H         PUBLIC        RelayCnf
  D:00B8H         PUBLIC        IP
  D:00E1H         PUBLIC        XBR0
  D:00E2H         PUBLIC        XBR1
  D:00E3H         PUBLIC        XBR2
  D:00E4H         PUBLIC        XBR3
  C:4DFEH         PUBLIC        _RxMessageConfig1
  C:4B3CH         PUBLIC        _RxMessageConfig2
  D:00C0H         PUBLIC        SMB0CN
  C:46DDH         PUBLIC        main
  B:0020H.2       PUBLIC        CANintMode
  X:0009H         PUBLIC        MaxMesgs
  X:000AH         PUBLIC        rxframe0
  D:0088H         PUBLIC        CPT0CN
  X:01CAH         PUBLIC        rxframe1
  C:515FH         PUBLIC        ClearUserVars
  D:00ADH         PUBLIC        P1MDIN
  D:0088H         PUBLIC        CPT1CN
  D:00AEH         PUBLIC        P2MDIN
  D:0088H         PUBLIC        CPT2CN
  D:00AFH         PUBLIC        P3MDIN
  C:3620H         PUBLIC        _ProcessRx
  D:00F8H         PUBLIC        SPI0CN
  B:00B0H.4       PUBLIC        RELAY1
  B:00B0H.5       PUBLIC        RELAY2
  X:02AAH         PUBLIC        MesgCnt
  X:02ABH         PUBLIC        OneTime
  D:0088H         PUBLIC        TCON
  D:00C8H         PUBLIC        TMR2CN
  D:00C8H         PUBLIC        TMR3CN
  D:00C8H         PUBLIC        TMR4CN
  B:00A0H.2       PUBLIC        SEL_CAN_C
  D:000EH         PUBLIC        keys
  X:02D5H         PUBLIC        ButtCnt
  C:4A3CH         PUBLIC        _SimpleButtonConfig
  X:02D6H         PUBLIC        RelayChange
  B:0020H.3       PUBLIC        RxCAN0
  B:0020H.4       PUBLIC        RxCAN1
  X:02D7H         PUBLIC        RxCAN1IDs
  C:4583H         PUBLIC        _AddMessage
  D:0012H         PUBLIC        RxMesg
  C:4808H         PUBLIC        _AlterMessageByte
  C:4FC4H         PUBLIC        CheckRelay
BL51 BANKED LINKER/LOCATER V6.22            06/02/2016  08:16:07  PAGE 8


  D:0098H         PUBLIC        SCON0
  D:0098H         PUBLIC        SCON1
  D:00C0H         PUBLIC        CAN0STA
  C:540BH         PUBLIC        _MemManage
  X:0317H         PUBLIC        RxCnt
  C:580BH         PUBLIC        config_IO
  D:0014H         PUBLIC        Buttons
  C:3212H         PUBLIC        CheckButts
  D:00D0H         PUBLIC        PSW
  X:0318H         PUBLIC        txframe
  -------         PROC          MAIN
  C:46DDH         LINE#         30
  C:46DDH         LINE#         31
  C:46DDH         LINE#         32
  C:46E0H         LINE#         33
  C:46E3H         LINE#         35
  C:46E6H         LINE#         36
  C:46E9H         LINE#         40
  C:46ECH         LINE#         41
  C:46F1H         LINE#         45
  C:46F3H         LINE#         46
  C:46FAH         LINE#         48
  C:46FDH         LINE#         49
  C:4700H         LINE#         52
  C:4703H         LINE#         53
  C:4706H         LINE#         56
  C:4709H         LINE#         60
  C:4710H         LINE#         64
  C:4712H         LINE#         65
  C:4719H         LINE#         66
  C:471BH         LINE#         68
  C:471BH         LINE#         69
  C:471BH         LINE#         70
  C:475BH         LINE#         71
  C:475BH         LINE#         72
  C:475BH         LINE#         73
  C:475EH         LINE#         74
  C:4760H         LINE#         75
  C:4760H         LINE#         76
  C:4763H         LINE#         77
  C:4765H         LINE#         78
  C:4765H         LINE#         79
  C:4768H         LINE#         80
  C:476AH         LINE#         81
  C:476AH         LINE#         82
  C:476DH         LINE#         83
  C:476FH         LINE#         84
  C:476FH         LINE#         85
  C:4772H         LINE#         86
  C:4774H         LINE#         87
  C:4774H         LINE#         88
  C:4777H         LINE#         89
  C:4779H         LINE#         90
  C:4779H         LINE#         91
  C:477CH         LINE#         92
  C:477EH         LINE#         93
  C:477EH         LINE#         94
  C:4781H         LINE#         95
  C:4781H         LINE#         96
  C:4781H         LINE#         99
  C:4790H         LINE#         100
  C:47A8H         LINE#         101
  C:47CEH         LINE#         102
  C:47F0H         LINE#         104
  C:4802H         LINE#         106
BL51 BANKED LINKER/LOCATER V6.22            06/02/2016  08:16:07  PAGE 9


  C:4805H         LINE#         107
  -------         ENDPROC       MAIN
  -------         PROC          _MEMMANAGE
  D:0004H         SYMBOL        Bcnt
  D:0001H         SYMBOL        Mcnt
  D:0003H         SYMBOL        Rcnt
  D:004FH         SYMBOL        FirstAddress
  C:540BH         LINE#         110
  C:540FH         LINE#         111
  C:540FH         LINE#         112
  C:5446H         LINE#         113
  C:5446H         LINE#         114
  C:544CH         LINE#         115
  C:545EH         LINE#         116
  C:5474H         LINE#         117
  C:5477H         LINE#         118
  C:5477H         LINE#         120
  C:5479H         LINE#         121
  -------         ENDPROC       _MEMMANAGE
  -------         PROC          CLEARUSERVARS
  -------         DO            
  D:0003H         SYMBOL        i
  D:0007H         SYMBOL        j
  -------         ENDDO         
  C:515FH         LINE#         123
  C:515FH         LINE#         124
  C:515FH         LINE#         127
  C:5161H         LINE#         128
  C:5161H         LINE#         129
  C:5171H         LINE#         130
  C:5186H         LINE#         131
  C:5196H         LINE#         132
  C:5197H         LINE#         133
  C:51B5H         LINE#         134
  C:51B9H         LINE#         136
  C:51BBH         LINE#         137
  C:51BDH         LINE#         139
  C:51BFH         LINE#         140
  C:51C1H         LINE#         141
  C:51C6H         LINE#         142
  C:51C6H         LINE#         143
  C:51D0H         LINE#         145
  C:51D9H         LINE#         146
  C:51E2H         LINE#         148
  C:51E7H         LINE#         149
  C:51EBH         LINE#         150
  C:51EFH         LINE#         151
  C:51F4H         LINE#         152
  C:51F7H         LINE#         153
  -------         ENDPROC       CLEARUSERVARS
  -------         PROC          CONFIG_IO
  -------         DO            
  D:0007H         SYMBOL        SFRPAGE_SAVE
  -------         ENDDO         
  C:580BH         LINE#         155
  C:580BH         LINE#         156
  C:580BH         LINE#         157
  C:580DH         LINE#         159
  C:5810H         LINE#         161
  C:5813H         LINE#         162
  C:5816H         LINE#         163
  C:5819H         LINE#         164
  C:581CH         LINE#         166
  C:581FH         LINE#         168
  C:5822H         LINE#         169
BL51 BANKED LINKER/LOCATER V6.22            06/02/2016  08:16:07  PAGE 10


  C:5825H         LINE#         171
  C:5828H         LINE#         172
  C:582BH         LINE#         174
  C:582EH         LINE#         175
  C:5831H         LINE#         177
  C:5833H         LINE#         178
  -------         ENDPROC       CONFIG_IO
  -------         PROC          CHECKRELAY
  -------         DO            
  D:004CH         SYMBOL        i
  B:0020H.7       SYMBOL        Invert
  -------         ENDDO         
  C:4FC4H         LINE#         180
  C:4FC4H         LINE#         181
  C:4FC4H         LINE#         185
  C:4FC7H         LINE#         186
  C:4FC7H         LINE#         187
  C:4FDEH         LINE#         189
  C:4FF4H         LINE#         190
  C:4FF4H         LINE#         191
  C:5000H         LINE#         192
  C:5018H         LINE#         193
  C:5018H         LINE#         194
  C:502BH         LINE#         195
  C:502BH         LINE#         196
  C:503DH         LINE#         197
  C:5048H         LINE#         199
  C:5048H         LINE#         200
  C:5055H         LINE#         201
  C:5066H         LINE#         202
  C:507DH         LINE#         203
  C:507DH         LINE#         204
  C:5095H         LINE#         205
  C:5095H         LINE#         206
  C:50A1H         LINE#         207
  -------         ENDPROC       CHECKRELAY
  -------         PROC          CHECKBUTTS
  -------         DO            
  D:004CH         SYMBOL        button
  D:004DH         SYMBOL        i
  D:004EH         SYMBOL        j
  D:004FH         SYMBOL        x
  D:0050H         SYMBOL        value
  D:0058H         SYMBOL        changebits
  -------         ENDDO         
  C:3212H         LINE#         209
  C:3212H         LINE#         210
  C:3212H         LINE#         216
  C:3227H         LINE#         218
  C:3234H         LINE#         219
  C:3250H         LINE#         221
  C:3275H         LINE#         223
  C:327EH         LINE#         224
  C:327EH         LINE#         226
  C:3281H         LINE#         227
  C:329FH         LINE#         228
  C:32A7H         LINE#         229
  C:32D4H         LINE#         230
  C:32F3H         LINE#         232
  C:333FH         LINE#         234
  C:334DH         LINE#         235
  C:334DH         LINE#         236
  C:3368H         LINE#         237
  C:3368H         LINE#         238
  C:338FH         LINE#         239
BL51 BANKED LINKER/LOCATER V6.22            06/02/2016  08:16:07  PAGE 11


  C:340FH         LINE#         240
  C:3454H         LINE#         241
  C:3457H         LINE#         243
  C:3457H         LINE#         244
  C:3477H         LINE#         245
  C:3477H         LINE#         246
  C:349AH         LINE#         247
  C:34EAH         LINE#         248
  C:3505H         LINE#         249
  C:3505H         LINE#         250
  C:3505H         LINE#         252
  C:3505H         LINE#         253
  C:3508H         LINE#         255
  C:3508H         LINE#         256
  C:3523H         LINE#         257
  C:3523H         LINE#         258
  C:3564H         LINE#         259
  C:356EH         LINE#         260
  C:356EH         LINE#         261
  C:3571H         LINE#         262
  C:35BAH         LINE#         263
  C:35CCH         LINE#         264
  C:35F9H         LINE#         266
  C:361FH         LINE#         267
  C:361FH         LINE#         268
  C:361FH         LINE#         269
  C:361FH         LINE#         270
  C:361FH         LINE#         271
  -------         ENDPROC       CHECKBUTTS
  -------         PROC          _PROCESSRX
  D:004CH         SYMBOL        port
  D:004DH         SYMBOL        index
  -------         DO            
  D:004EH         SYMBOL        i
  D:004FH         SYMBOL        j
  D:0050H         SYMBOL        x
  D:0051H         SYMBOL        value
  D:0059H         SYMBOL        RxMsg
  D:005AH         SYMBOL        rx
  B:0020H.7       SYMBOL        test
  -------         ENDDO         
  C:3620H         LINE#         276
  C:3624H         LINE#         277
  C:3624H         LINE#         282
  C:3626H         LINE#         284
  C:362AH         LINE#         285
  C:3635H         LINE#         287
  C:363EH         LINE#         289
  C:3641H         LINE#         290
  C:3645H         LINE#         291
  C:3648H         LINE#         294
  C:366DH         LINE#         296
  C:3676H         LINE#         297
  C:3676H         LINE#         299
  C:3676H         LINE#         300
  C:3679H         LINE#         301
  C:3679H         LINE#         303
  C:369DH         LINE#         304
  C:36A5H         LINE#         305
  C:36A5H         LINE#         307
  C:36CCH         LINE#         308
  C:3735H         LINE#         309
  C:373CH         LINE#         311
  C:374DH         LINE#         313
  C:3753H         LINE#         314
BL51 BANKED LINKER/LOCATER V6.22            06/02/2016  08:16:07  PAGE 12


  C:3753H         LINE#         315
  C:3756H         LINE#         316
  C:3770H         LINE#         317
  C:3774H         LINE#         318
  C:3792H         LINE#         320
  C:37E7H         LINE#         322
  C:37F5H         LINE#         323
  C:37F5H         LINE#         324
  C:381CH         LINE#         325
  C:389CH         LINE#         326
  C:38EBH         LINE#         327
  C:38EBH         LINE#         329
  C:38EBH         LINE#         330
  C:392CH         LINE#         331
  C:3936H         LINE#         332
  C:3936H         LINE#         333
  C:395AH         LINE#         334
  C:39A0H         LINE#         335
  C:39B1H         LINE#         336
  C:39E7H         LINE#         337
  C:39E7H         LINE#         338
  C:39E7H         LINE#         339
  C:39E7H         LINE#         340
  C:39E7H         LINE#         341
  -------         ENDPROC       _PROCESSRX
  -------         PROC          _ADDMESSAGE
  D:0007H         SYMBOL        port
  D:004DH         SYMBOL        ID
  D:0051H         SYMBOL        Rate
  D:0053H         SYMBOL        cnt
  D:0054H         SYMBOL        dat
  -------         DO            
  D:0057H         SYMBOL        i
  -------         ENDDO         
  C:4583H         LINE#         349
  C:4583H         LINE#         350
  C:4583H         LINE#         353
  C:4598H         LINE#         355
  C:45BCH         LINE#         356
  C:45DBH         LINE#         357
  C:45F7H         LINE#         358
  C:4612H         LINE#         359
  C:461FH         LINE#         360
  C:461FH         LINE#         361
  C:465FH         LINE#         362
  C:4699H         LINE#         363
  C:469EH         LINE#         364
  C:46C4H         LINE#         366
  C:46CEH         LINE#         367
  C:46D4H         LINE#         369
  C:46DCH         LINE#         370
  -------         ENDPROC       _ADDMESSAGE
  -------         PROC          _ALTERMESSAGEBYTE
  D:0007H         SYMBOL        port
  D:005EH         SYMBOL        ID
  D:0062H         SYMBOL        index
  D:0063H         SYMBOL        value
  D:0066H         SYMBOL        numbytes
  D:0067H         SYMBOL        count
  -------         DO            
  D:0068H         SYMBOL        i
  D:0069H         SYMBOL        j
  -------         ENDDO         
  C:4808H         LINE#         379
  C:4808H         LINE#         380
BL51 BANKED LINKER/LOCATER V6.22            06/02/2016  08:16:07  PAGE 13


  C:4808H         LINE#         383
  C:481DH         LINE#         385
  C:4856H         LINE#         387
  C:4864H         LINE#         388
  C:4864H         LINE#         389
  C:4887H         LINE#         390
  C:4887H         LINE#         391
  C:48C6H         LINE#         392
  C:48CAH         LINE#         393
  C:48E8H         LINE#         395
  C:4927H         LINE#         396
  C:492CH         LINE#         397
  C:492CH         LINE#         398
  -------         ENDPROC       _ALTERMESSAGEBYTE
  -------         PROC          _SIMPLEBUTTONCONFIG
  D:0003H         SYMBOL        button
  D:0005H         SYMBOL        port
  D:004EH         SYMBOL        ID
  D:0052H         SYMBOL        mask
  D:0055H         SYMBOL        value
  D:0058H         SYMBOL        count
  -------         DO            
  D:005AH         SYMBOL        i
  -------         ENDDO         
  C:4A3CH         LINE#         407
  C:4A3EH         LINE#         408
  C:4A3EH         LINE#         411
  C:4A53H         LINE#         413
  C:4A6EH         LINE#         414
  C:4A88H         LINE#         415
  C:4A99H         LINE#         416
  C:4A9CH         LINE#         417
  C:4A9CH         LINE#         418
  C:4ADCH         LINE#         419
  C:4B1CH         LINE#         420
  C:4B27H         LINE#         421
  C:4B30H         LINE#         422
  C:4B33H         LINE#         424
  C:4B3BH         LINE#         425
  -------         ENDPROC       _SIMPLEBUTTONCONFIG
  -------         PROC          _RXMESSAGECONFIG1
  D:0007H         SYMBOL        port
  D:004DH         SYMBOL        ID
  D:0051H         SYMBOL        mask
  D:0054H         SYMBOL        value
  D:0057H         SYMBOL        count
  -------         DO            
  D:0058H         SYMBOL        i
  -------         ENDDO         
  C:4DFEH         LINE#         434
  C:4DFEH         LINE#         435
  C:4DFEH         LINE#         438
  C:4E28H         LINE#         440
  C:4E43H         LINE#         441
  C:4E4DH         LINE#         442
  C:4E4DH         LINE#         443
  C:4E83H         LINE#         444
  C:4EC3H         LINE#         445
  C:4EC8H         LINE#         447
  C:4ED5H         LINE#         448
  C:4ED8H         LINE#         450
  C:4EE0H         LINE#         451
  -------         ENDPROC       _RXMESSAGECONFIG1
  -------         PROC          _RXMESSAGECONFIG2
  D:004CH         SYMBOL        index
BL51 BANKED LINKER/LOCATER V6.22            06/02/2016  08:16:07  PAGE 14


  D:0005H         SYMBOL        outport
  D:004EH         SYMBOL        outID
  D:0052H         SYMBOL        outmask
  D:0055H         SYMBOL        outvalue
  D:0058H         SYMBOL        count
  D:0059H         SYMBOL        altercount
  -------         DO            
  D:005AH         SYMBOL        i
  -------         ENDDO         
  C:4B3CH         LINE#         460
  C:4B3EH         LINE#         461
  C:4B3EH         LINE#         464
  C:4B53H         LINE#         465
  C:4B77H         LINE#         466
  C:4B93H         LINE#         467
  C:4BAFH         LINE#         468
  C:4BB9H         LINE#         469
  C:4BB9H         LINE#         470
  C:4BEFH         LINE#         471
  C:4C25H         LINE#         472
  C:4C29H         LINE#         473
  -------         ENDPROC       _RXMESSAGECONFIG2
  -------         PROC          _RELAYCTRL
  D:0007H         SYMBOL        num
  D:0003H         SYMBOL        type
  -------         DO            
  D:0005H         SYMBOL        relay
  B:0020H.0       SYMBOL        R3
  B:0020H.1       SYMBOL        R4
  -------         ENDDO         
  C:5311H         LINE#         480
  C:5313H         LINE#         481
  C:5313H         LINE#         482
  C:5315H         LINE#         485
  C:5324H         LINE#         486
  C:5324H         LINE#         487
  C:5324H         LINE#         488
  C:532AH         LINE#         489
  C:5331H         LINE#         491
  C:5336H         LINE#         492
  C:5338H         LINE#         493
  C:5338H         LINE#         494
  C:533EH         LINE#         495
  C:5345H         LINE#         497
  C:534AH         LINE#         498
  C:534CH         LINE#         499
  C:534CH         LINE#         500
  C:5352H         LINE#         501
  C:5359H         LINE#         503
  C:535EH         LINE#         505
  C:5360H         LINE#         506
  C:5368H         LINE#         507
  C:536AH         LINE#         508
  C:536AH         LINE#         509
  C:5370H         LINE#         510
  C:5377H         LINE#         512
  C:537CH         LINE#         514
  C:537EH         LINE#         515
  C:5387H         LINE#         516
  C:5387H         LINE#         517
  C:5387H         LINE#         519
  C:538AH         LINE#         520
  C:538FH         LINE#         521
  -------         ENDPROC       _RELAYCTRL
  -------         ENDMOD        MAINCODE
BL51 BANKED LINKER/LOCATER V6.22            06/02/2016  08:16:07  PAGE 15



  -------         MODULE        CAN
  C:0000H         SYMBOL        _ICE_DUMMY_
  C:492DH         PUBLIC        _initRxFrameID
  D:0080H         PUBLIC        P0
  D:00A0H         PUBLIC        P2
  D:00B0H         PUBLIC        P3
  D:00E7H         PUBLIC        EIE2
  C:0006H         PUBLIC        _init_msg_object_rx
  D:00E8H         PUBLIC        ADC0CN
  D:0084H         PUBLIC        SFRPAGE
  D:00E8H         PUBLIC        ADC2CN
  D:00A8H         PUBLIC        IE
  D:00F8H         PUBLIC        CAN0CN
  D:00D8H         PUBLIC        PCA0CN
  D:00B8H         PUBLIC        IP
  C:57E1H         PUBLIC        _config_CAN_timing
  C:5390H         PUBLIC        INT_CAN
  D:00C0H         PUBLIC        SMB0CN
  D:00D9H         PUBLIC        CAN0DATH
  D:00D8H         PUBLIC        CAN0DATL
  D:0088H         PUBLIC        CPT0CN
  D:0088H         PUBLIC        CPT1CN
  D:0088H         PUBLIC        CPT2CN
  D:00F8H         PUBLIC        SPI0CN
  C:51F8H         PUBLIC        _clear_message_object
  D:0088H         PUBLIC        TCON
  D:00C8H         PUBLIC        TMR2CN
  D:00C8H         PUBLIC        TMR3CN
  D:00C8H         PUBLIC        TMR4CN
  C:5698H         PUBLIC        _TxFrame
  X:0326H         PUBLIC        IntReg
  B:00A8H.0       PUBLIC        EX0
  D:00DAH         PUBLIC        CAN0ADR
  D:00D8H         PUBLIC        CAN0DAT
  D:0098H         PUBLIC        SCON0
  D:0098H         PUBLIC        SCON1
  D:00C0H         PUBLIC        CAN0STA
  C:40BFH         PUBLIC        _rx_can_frame
  C:4D17H         PUBLIC        _tx_can_frame
  X:0327H         PUBLIC        RxBuffCnt
  D:00D0H         PUBLIC        PSW
  -------         PROC          _TXFRAME
  D:0028H         SYMBOL        port
  -------         DO            
  D:0029H         SYMBOL        TxBuff
  -------         ENDDO         
  C:5698H         LINE#         26
  C:569AH         LINE#         27
  C:569AH         LINE#         30
  C:569EH         LINE#         31
  C:569EH         LINE#         32
  C:56A4H         LINE#         33
  C:56A9H         LINE#         34
  C:56A9H         LINE#         35
  C:56AEH         LINE#         36
  C:56AEH         LINE#         37
  C:56BCH         LINE#         38
  C:56BCH         LINE#         39
  C:56C1H         LINE#         40
  C:56C6H         LINE#         41
  C:56C6H         LINE#         42
  C:56C6H         LINE#         43
  -------         ENDPROC       _TXFRAME
  -------         PROC          _INITRXFRAMEID
BL51 BANKED LINKER/LOCATER V6.22            06/02/2016  08:16:07  PAGE 16


  D:0059H         SYMBOL        port
  D:005AH         SYMBOL        arbID
  -------         DO            
  D:005EH         SYMBOL        i
  D:005FH         SYMBOL        rx
  D:0062H         SYMBOL        BuffSize
  -------         ENDDO         
  C:492DH         LINE#         55
  C:492FH         LINE#         56
  C:492FH         LINE#         61
  C:4933H         LINE#         62
  C:4933H         LINE#         63
  C:493CH         LINE#         64
  C:493FH         LINE#         65
  C:4941H         LINE#         67
  C:4941H         LINE#         68
  C:494AH         LINE#         69
  C:494DH         LINE#         70
  C:494DH         LINE#         72
  C:4994H         LINE#         74
  C:49C2H         LINE#         75
  C:49C2H         LINE#         76
  C:49E8H         LINE#         77
  C:49ECH         LINE#         78
  C:49ECH         LINE#         79
  C:49FDH         LINE#         80
  C:49FDH         LINE#         81
  C:4A02H         LINE#         82
  C:4A02H         LINE#         83
  C:4A1CH         LINE#         84
  C:4A1EH         LINE#         85
  C:4A1EH         LINE#         86
  C:4A2CH         LINE#         87
  C:4A2CH         LINE#         89
  C:4A39H         LINE#         90
  C:4A3BH         LINE#         91
  -------         ENDPROC       _INITRXFRAMEID
  -------         PROC          _CLEAR_MESSAGE_OBJECT
  D:0001H         SYMBOL        port
  D:0002H         SYMBOL        mesgobj
  D:0003H         SYMBOL        count
  -------         DO            
  D:0030H         SYMBOL        BuffSize
  -------         ENDDO         
  C:51F8H         LINE#         104
  C:51FCH         LINE#         105
  C:51FCH         LINE#         108
  C:51FFH         LINE#         109
  C:51FFH         LINE#         110
  C:5202H         LINE#         111
  C:5205H         LINE#         112
  C:5208H         LINE#         113
  C:520BH         LINE#         114
  C:520DH         LINE#         116
  C:5210H         LINE#         118
  C:5219H         LINE#         119
  C:5219H         LINE#         120
  C:521CH         LINE#         121
  C:521CH         LINE#         122
  C:521FH         LINE#         123
  C:5221H         LINE#         124
  C:5237H         LINE#         125
  C:5248H         LINE#         126
  C:5248H         LINE#         127
  C:524BH         LINE#         128
BL51 BANKED LINKER/LOCATER V6.22            06/02/2016  08:16:07  PAGE 17


  C:524BH         LINE#         129
  C:5260H         LINE#         130
  C:5275H         LINE#         131
  C:5285H         LINE#         132
  C:5285H         LINE#         134
  C:5286H         LINE#         135
  C:5287H         LINE#         136
  C:5289H         LINE#         137
  -------         ENDPROC       _CLEAR_MESSAGE_OBJECT
  -------         PROC          _CONFIG_CAN_TIMING
  D:0006H         SYMBOL        CANbaud
  C:57E1H         LINE#         149
  C:57E1H         LINE#         150
  C:57E1H         LINE#         151
  C:57E4H         LINE#         152
  C:57E7H         LINE#         153
  C:57EAH         LINE#         155
  C:57EAH         LINE#         156
  C:57EAH         LINE#         157
  C:57F6H         LINE#         158
  C:57F6H         LINE#         159
  C:57F6H         LINE#         160
  C:57F9H         LINE#         161
  C:57FCH         LINE#         162
  C:57FDH         LINE#         163
  C:57FDH         LINE#         164
  C:5800H         LINE#         165
  C:5803H         LINE#         166
  C:5804H         LINE#         167
  C:5804H         LINE#         168
  C:5804H         LINE#         169
  C:5807H         LINE#         170
  C:580AH         LINE#         171
  C:580AH         LINE#         172
  C:580AH         LINE#         173
  C:580AH         LINE#         174
  C:580AH         LINE#         175
  C:580AH         LINE#         178
  C:580AH         LINE#         179
  C:580AH         LINE#         180
  C:580AH         LINE#         183
  -------         ENDPROC       _CONFIG_CAN_TIMING
  -------         PROC          _RX_CAN_FRAME
  D:0024H         SYMBOL        IntReg
  C:40BFH         LINE#         197
  C:40C1H         LINE#         198
  C:40C1H         LINE#         199
  C:40C4H         LINE#         201
  C:40D7H         LINE#         203
  C:40DAH         LINE#         204
  C:40DDH         LINE#         205
  C:40E0H         LINE#         206
  C:40F3H         LINE#         208
  C:4101H         LINE#         212
  C:4104H         LINE#         215
  C:410CH         LINE#         216
  C:410CH         LINE#         218
  C:410FH         LINE#         219
  C:4135H         LINE#         220
  C:4138H         LINE#         221
  C:4195H         LINE#         222
  C:4197H         LINE#         225
  C:41B9H         LINE#         229
  C:41BCH         LINE#         230
  C:41D3H         LINE#         233
BL51 BANKED LINKER/LOCATER V6.22            06/02/2016  08:16:07  PAGE 18


  C:41D6H         LINE#         234
  C:41E9H         LINE#         235
  C:41ECH         LINE#         236
  C:41FFH         LINE#         238
  C:4202H         LINE#         239
  C:4215H         LINE#         240
  C:4218H         LINE#         241
  C:422BH         LINE#         243
  C:422EH         LINE#         244
  C:4241H         LINE#         245
  C:4244H         LINE#         246
  C:4257H         LINE#         248
  C:425AH         LINE#         249
  C:426DH         LINE#         250
  C:4270H         LINE#         251
  C:4283H         LINE#         253
  C:4285H         LINE#         254
  -------         ENDPROC       _RX_CAN_FRAME
  -------         PROC          INT_CAN
  -------         DO            
  D:0007H         SYMBOL        IntReg
  D:0022H         SYMBOL        hldSFRpage
  D:0023H         SYMBOL        status
  -------         ENDDO         
  C:5390H         LINE#         264
  C:53ADH         LINE#         267
  C:53B0H         LINE#         270
  C:53B3H         LINE#         272
  C:53B6H         LINE#         274
  C:53B8H         LINE#         275
  C:53BBH         LINE#         276
  C:53BBH         LINE#         277
  C:53BDH         LINE#         278
  C:53C0H         LINE#         281
  C:53C3H         LINE#         284
  C:53C5H         LINE#         286
  C:53C5H         LINE#         288
  C:53C7H         LINE#         289
  C:53CFH         LINE#         290
  C:53CFH         LINE#         291
  C:53D1H         LINE#         293
  C:53D1H         LINE#         299
  C:53D4H         LINE#         301
  C:53DAH         LINE#         302
  C:53DAH         LINE#         303
  C:53DDH         LINE#         304
  C:53E0H         LINE#         305
  C:53E0H         LINE#         308
  C:53E3H         LINE#         309
  C:53E3H         LINE#         311
  C:53E6H         LINE#         312
  C:53E8H         LINE#         314
  C:53E8H         LINE#         315
  C:53EBH         LINE#         316
  C:53EDH         LINE#         317
  C:53EDH         LINE#         319
  C:53F0H         LINE#         320
  -------         ENDPROC       INT_CAN
  -------         PROC          _TX_CAN_FRAME
  D:0001H         SYMBOL        KWPopts
  -------         DO            
  D:0002H         SYMBOL        timeout
  -------         ENDDO         
  C:4D17H         LINE#         331
  C:4D19H         LINE#         332
BL51 BANKED LINKER/LOCATER V6.22            06/02/2016  08:16:07  PAGE 19


  C:4D19H         LINE#         333
  C:4D1DH         LINE#         335
  C:4D20H         LINE#         337
  C:4D23H         LINE#         338
  C:4D26H         LINE#         340
  C:4D29H         LINE#         341
  C:4D2FH         LINE#         342
  C:4D32H         LINE#         345
  C:4D3CH         LINE#         346
  C:4D3CH         LINE#         348
  C:4D4AH         LINE#         349
  C:4D63H         LINE#         350
  C:4D65H         LINE#         352
  C:4D65H         LINE#         354
  C:4D6AH         LINE#         355
  C:4D84H         LINE#         356
  C:4D84H         LINE#         358
  C:4D87H         LINE#         360
  C:4D94H         LINE#         361
  C:4D98H         LINE#         362
  C:4D9AH         LINE#         364
  C:4D9DH         LINE#         365
  C:4DADH         LINE#         366
  C:4DBDH         LINE#         367
  C:4DCDH         LINE#         368
  C:4DDDH         LINE#         370
  C:4DE0H         LINE#         371
  C:4DE6H         LINE#         373
  C:4DE9H         LINE#         375
  C:4DEDH         LINE#         376
  C:4DEDH         LINE#         377
  C:4DF4H         LINE#         378
  C:4DFBH         LINE#         379
  C:4DFBH         LINE#         381
  C:4DFDH         LINE#         382
  -------         ENDPROC       _TX_CAN_FRAME
  -------         PROC          _INIT_MSG_OBJECT_RX
  D:0003H         SYMBOL        MsgNum
  D:0064H         SYMBOL        arbID
  C:0006H         LINE#         421
  C:0008H         LINE#         422
  C:0008H         LINE#         423
  C:000BH         LINE#         424
  C:000EH         LINE#         425
  C:0014H         LINE#         426
  C:0017H         LINE#         428
  C:001DH         LINE#         429
  C:001DH         LINE#         431
  C:0028H         LINE#         432
  C:003EH         LINE#         433
  C:0040H         LINE#         435
  C:0040H         LINE#         437
  C:0045H         LINE#         438
  C:005AH         LINE#         439
  C:005AH         LINE#         442
  C:0060H         LINE#         443
  C:0063H         LINE#         444
  C:0065H         LINE#         446
  -------         ENDPROC       _INIT_MSG_OBJECT_RX
  -------         ENDMOD        CAN

  -------         MODULE        SPI
  C:0000H         SYMBOL        _ICE_DUMMY_
  D:009DH         PUBLIC        SPI0CKR
  D:0080H         PUBLIC        P0
BL51 BANKED LINKER/LOCATER V6.22            06/02/2016  08:16:07  PAGE 20


  B:00F8H.0       PUBLIC        SPIEN
  D:00A0H         PUBLIC        P2
  D:00B0H         PUBLIC        P3
  C:5993H         PUBLIC        SPI_init
  D:00E8H         PUBLIC        ADC0CN
  D:0084H         PUBLIC        SFRPAGE
  C:59A1H         PUBLIC        _CAN1begin
  D:00E8H         PUBLIC        ADC2CN
  C:552FH         PUBLIC        _CAN1configRate
  C:5932H         PUBLIC        CAN1readRxStat
  D:00A8H         PUBLIC        IE
  C:0076H         PUBLIC        _CAN1start_transmit
  D:00F8H         PUBLIC        CAN0CN
  D:00D8H         PUBLIC        PCA0CN
  D:00B8H         PUBLIC        IP
  C:5904H         PUBLIC        _CAN1setRegister
  C:594DH         PUBLIC        _spiCAN
  D:00C0H         PUBLIC        SMB0CN
  D:0088H         PUBLIC        CPT0CN
  C:595FH         PUBLIC        CAN1reset
  D:0088H         PUBLIC        CPT1CN
  C:591BH         PUBLIC        CAN1readStatus
  D:0088H         PUBLIC        CPT2CN
  D:00F8H         PUBLIC        SPI0CN
  B:00F8H.7       PUBLIC        SPIF
  D:0088H         PUBLIC        TCON
  B:00F8H.2       PUBLIC        NSSMD0
  D:00C8H         PUBLIC        TMR2CN
  D:00C8H         PUBLIC        TMR3CN
  C:55D2H         PUBLIC        _CAN1getNextFreeTXBuf
  D:00C8H         PUBLIC        TMR4CN
  C:547AH         PUBLIC        _CAN1init
  C:0098H         SYMBOL        _?ix1000
  D:001AH         PUBLIC        hldSFRPAGE
  C:58B2H         PUBLIC        _CAN1setCANCTRL_Mode
  C:50A2H         PUBLIC        _CAN1init_FiltersNMasks
  B:00A8H.0       PUBLIC        EX0
  C:58F9H         PUBLIC        SPI_Rxbyte
  C:59ACH         PUBLIC        INT_CAN1
  C:597AH         PUBLIC        _SPI_Txbyte
  C:5895H         PUBLIC        _CAN1modifyRegister
  C:4286H         PUBLIC        _CAN1read_canMsg
  C:4C2AH         PUBLIC        CAN1initCANBuffers
  C:528AH         PUBLIC        _CAN1write_id
  D:0098H         PUBLIC        SCON0
  D:0098H         PUBLIC        SCON1
  D:00C0H         PUBLIC        CAN0STA
  C:5877H         PUBLIC        _CAN1readRegister
  D:009AH         PUBLIC        SPI0CFG
  C:4EE1H         PUBLIC        _CAN1write_canMsg
  C:56C7H         PUBLIC        _CAN1setRegisterS
  D:009BH         PUBLIC        SPI0DAT
  D:00D0H         PUBLIC        PSW
  -------         PROC          SPI_INIT
  C:5993H         LINE#         20
  C:5993H         LINE#         21
  C:5993H         LINE#         22
  C:5996H         LINE#         24
  C:5998H         LINE#         26
  C:599BH         LINE#         28
  C:599DH         LINE#         30
  C:59A0H         LINE#         31
  -------         ENDPROC       SPI_INIT
  -------         PROC          L?0115
  -------         ENDPROC       L?0115
BL51 BANKED LINKER/LOCATER V6.22            06/02/2016  08:16:07  PAGE 21


  -------         PROC          SPI_RXBYTE
  C:58F9H         LINE#         35
  C:58F9H         LINE#         36
  C:58F9H         LINE#         39
  C:58FBH         LINE#         40
  C:58FEH         LINE#         41
  C:5901H         LINE#         42
  C:5903H         LINE#         44
  -------         ENDPROC       SPI_RXBYTE
  C:5975H         SYMBOL        L?0119
  -------         PROC          L?0118
  -------         ENDPROC       L?0118
  C:5975H         SYMBOL        L?0119
  -------         PROC          _SPI_TXBYTE
  D:0007H         SYMBOL        value
  C:597AH         LINE#         47
  C:597AH         LINE#         48
  C:597AH         LINE#         51
  C:597CH         LINE#         52
  C:597EH         LINE#         53
  C:5981H         LINE#         54
  C:5983H         LINE#         55
  -------         ENDPROC       _SPI_TXBYTE
  C:5949H         SYMBOL        L?0117
  -------         PROC          L?0116
  -------         ENDPROC       L?0116
  C:5949H         SYMBOL        L?0117
  -------         PROC          _SPICAN
  D:0007H         SYMBOL        Enable
  C:594DH         LINE#         58
  C:594DH         LINE#         59
  C:594DH         LINE#         60
  C:5950H         LINE#         61
  C:5950H         LINE#         62
  C:5953H         LINE#         63
  C:5956H         LINE#         64
  C:5958H         LINE#         65
  C:5959H         LINE#         67
  C:5959H         LINE#         68
  C:595BH         LINE#         69
  C:595EH         LINE#         70
  C:595EH         LINE#         71
  -------         ENDPROC       _SPICAN
  -------         PROC          CAN1RESET
  C:595FH         LINE#         80
  C:595FH         LINE#         81
  C:595FH         LINE#         82
  C:5964H         LINE#         83
  C:5969H         LINE#         84
  C:596EH         LINE#         86
  -------         ENDPROC       CAN1RESET
  -------         PROC          _CAN1READREGISTER
  D:0006H         SYMBOL        address
  -------         DO            
  D:0005H         SYMBOL        ret
  -------         ENDDO         
  C:5877H         LINE#         93
  C:5877H         LINE#         94
  C:5877H         LINE#         97
  C:587AH         LINE#         98
  C:587CH         LINE#         99
  C:5881H         LINE#         100
  C:5883H         LINE#         101
  C:5888H         LINE#         102
  C:588DH         LINE#         104
BL51 BANKED LINKER/LOCATER V6.22            06/02/2016  08:16:07  PAGE 22


  C:5892H         LINE#         105
  C:5894H         LINE#         106
  -------         ENDPROC       _CAN1READREGISTER
  -------         PROC          _CAN1SETREGISTER
  D:0005H         SYMBOL        address
  D:0006H         SYMBOL        value
  C:5904H         LINE#         133
  C:5908H         LINE#         134
  C:5908H         LINE#         135
  C:590DH         LINE#         136
  C:5911H         LINE#         137
  C:5913H         LINE#         138
  C:5916H         LINE#         140
  -------         ENDPROC       _CAN1SETREGISTER
  -------         PROC          _CAN1SETREGISTERS
  D:0006H         SYMBOL        address
  D:0043H         SYMBOL        values
  D:0046H         SYMBOL        n
  -------         DO            
  D:0006H         SYMBOL        i
  -------         ENDDO         
  C:56C7H         LINE#         147
  C:56CDH         LINE#         148
  C:56CDH         LINE#         151
  C:56D0H         LINE#         152
  C:56D1H         LINE#         153
  C:56D4H         LINE#         155
  C:56DCH         LINE#         156
  C:56DCH         LINE#         157
  C:56EEH         LINE#         158
  C:56F1H         LINE#         160
  -------         ENDPROC       _CAN1SETREGISTERS
  -------         PROC          _CAN1MODIFYREGISTER
  D:0006H         SYMBOL        address
  D:0005H         SYMBOL        mask
  D:0004H         SYMBOL        value
  C:5895H         LINE#         167
  C:5899H         LINE#         168
  C:5899H         LINE#         169
  C:589EH         LINE#         170
  C:58A0H         LINE#         171
  C:58A3H         LINE#         172
  C:58A8H         LINE#         173
  C:58ADH         LINE#         175
  -------         ENDPROC       _CAN1MODIFYREGISTER
  -------         PROC          CAN1READSTATUS
  -------         DO            
  D:0006H         SYMBOL        ret
  -------         ENDDO         
  C:591BH         LINE#         182
  C:591BH         LINE#         183
  C:591BH         LINE#         185
  C:5920H         LINE#         186
  C:5925H         LINE#         187
  C:592AH         LINE#         189
  C:592FH         LINE#         190
  C:5931H         LINE#         191
  -------         ENDPROC       CAN1READSTATUS
  -------         PROC          CAN1READRXSTAT
  -------         DO            
  D:0006H         SYMBOL        ret
  -------         ENDDO         
  C:5932H         LINE#         197
  C:5932H         LINE#         198
  C:5932H         LINE#         200
BL51 BANKED LINKER/LOCATER V6.22            06/02/2016  08:16:07  PAGE 23


  C:5937H         LINE#         201
  C:593CH         LINE#         202
  C:5941H         LINE#         204
  C:5946H         LINE#         205
  C:5948H         LINE#         206
  -------         ENDPROC       CAN1READRXSTAT
  -------         PROC          _CAN1SETCANCTRL_MODE
  D:0002H         SYMBOL        newmode
  -------         DO            
  D:0007H         SYMBOL        i
  -------         ENDDO         
  C:58B2H         LINE#         212
  C:58B4H         LINE#         213
  C:58B4H         LINE#         216
  C:58BDH         LINE#         218
  C:58C2H         LINE#         219
  C:58C5H         LINE#         221
  C:58C9H         LINE#         222
  C:58C9H         LINE#         223
  C:58CCH         LINE#         224
  C:58CCH         LINE#         226
  C:58CEH         LINE#         227
  -------         ENDPROC       _CAN1SETCANCTRL_MODE
  -------         PROC          _CAN1CONFIGRATE
  D:0007H         SYMBOL        canSpeed
  -------         DO            
  D:0001H         SYMBOL        set
  D:0002H         SYMBOL        cfg1
  D:0003H         SYMBOL        cfg2
  D:0004H         SYMBOL        cfg3
  -------         ENDDO         
  C:552FH         LINE#         233
  C:552FH         LINE#         234
  C:552FH         LINE#         236
  C:5531H         LINE#         237
  C:5541H         LINE#         238
  C:5541H         LINE#         239
  C:5541H         LINE#         240
  C:5543H         LINE#         241
  C:5545H         LINE#         242
  C:5547H         LINE#         243
  C:5549H         LINE#         245
  C:5549H         LINE#         246
  C:554BH         LINE#         247
  C:554BH         LINE#         248
  C:554BH         LINE#         249
  C:554DH         LINE#         251
  C:554DH         LINE#         252
  C:554FH         LINE#         253
  C:554FH         LINE#         254
  C:554FH         LINE#         255
  C:5551H         LINE#         257
  C:5551H         LINE#         258
  C:5553H         LINE#         259
  C:5555H         LINE#         260
  C:5557H         LINE#         261
  C:5559H         LINE#         263
  C:5559H         LINE#         264
  C:555BH         LINE#         265
  C:555DH         LINE#         266
  C:555FH         LINE#         267
  C:5561H         LINE#         270
  C:5561H         LINE#         271
  C:5563H         LINE#         272
  C:5563H         LINE#         273
BL51 BANKED LINKER/LOCATER V6.22            06/02/2016  08:16:07  PAGE 24


  C:5563H         LINE#         275
  C:5566H         LINE#         276
  C:556DH         LINE#         277
  C:5574H         LINE#         278
  C:557BH         LINE#         279
  C:557EH         LINE#         280
  C:557EH         LINE#         281
  C:557EH         LINE#         282
  C:5580H         LINE#         283
  C:5580H         LINE#         284
  -------         ENDPROC       _CAN1CONFIGRATE
  -------         PROC          _CAN1WRITE_ID
  D:0001H         SYMBOL        mcp_addr
  D:003AH         SYMBOL        id
  -------         DO            
  D:0002H         SYMBOL        canid
  D:003EH         SYMBOL        tbufdata
  -------         ENDDO         
  C:528AH         LINE#         290
  C:528CH         LINE#         291
  C:528CH         LINE#         295
  C:5297H         LINE#         297
  C:52A0H         LINE#         298
  C:52A0H         LINE#         299
  C:52A5H         LINE#         300
  C:52A7H         LINE#         301
  C:52B6H         LINE#         302
  C:52BBH         LINE#         303
  C:52CDH         LINE#         304
  C:52D0H         LINE#         305
  C:52DEH         LINE#         306
  C:52E0H         LINE#         308
  C:52E0H         LINE#         309
  C:52EEH         LINE#         310
  C:52FEH         LINE#         311
  C:5301H         LINE#         312
  C:5303H         LINE#         313
  C:5303H         LINE#         314
  -------         ENDPROC       _CAN1WRITE_ID
  -------         PROC          CAN1INITCANBUFFERS
  -------         DO            
  D:0001H         SYMBOL        i
  D:0004H         SYMBOL        a1
  D:0003H         SYMBOL        a2
  D:0002H         SYMBOL        a3
  D:0031H         SYMBOL        ulMask
  D:0035H         SYMBOL        ulFilt
  -------         ENDDO         
  C:4C2AH         LINE#         343
  C:4C2AH         LINE#         344
  C:4C2AH         LINE#         348
  C:4C3EH         LINE#         351
  C:4C55H         LINE#         352
  C:4C6CH         LINE#         355
  C:4C83H         LINE#         356
  C:4C94H         LINE#         357
  C:4CABH         LINE#         358
  C:4CBCH         LINE#         359
  C:4CD3H         LINE#         360
  C:4CE4H         LINE#         361
  C:4CEBH         LINE#         362
  C:4CF2H         LINE#         367
  C:4CF4H         LINE#         368
  C:4CF6H         LINE#         369
  C:4CF8H         LINE#         370
BL51 BANKED LINKER/LOCATER V6.22            06/02/2016  08:16:07  PAGE 25


  C:4CFAH         LINE#         371
  C:4D01H         LINE#         372
  C:4D08H         LINE#         373
  C:4D0FH         LINE#         374
  C:4D10H         LINE#         375
  C:4D11H         LINE#         376
  C:4D12H         LINE#         377
  C:4D16H         LINE#         378
  -------         ENDPROC       CAN1INITCANBUFFERS
  -------         PROC          _CAN1INIT
  D:0030H         SYMBOL        canSpeed
  -------         DO            
  D:0007H         SYMBOL        res
  -------         ENDDO         
  C:547AH         LINE#         384
  C:547CH         LINE#         385
  C:547CH         LINE#         389
  C:547FH         LINE#         393
  C:5487H         LINE#         394
  C:5488H         LINE#         396
  C:5490H         LINE#         397
  C:5491H         LINE#         400
  C:5494H         LINE#         401
  C:549BH         LINE#         403
  C:54A2H         LINE#         407
  C:54ABH         LINE#         410
  C:54B4H         LINE#         413
  C:54C2H         LINE#         414
  C:54D0H         LINE#         416
  C:54D8H         LINE#         417
  C:54D9H         LINE#         419
  C:54D9H         LINE#         420
  -------         ENDPROC       _CAN1INIT
  -------         PROC          _CAN1BEGIN
  D:0007H         SYMBOL        speedset
  C:59A1H         LINE#         426
  C:59A1H         LINE#         427
  C:59A1H         LINE#         429
  C:59A7H         LINE#         430
  C:59A9H         LINE#         432
  C:59ABH         LINE#         433
  -------         ENDPROC       _CAN1BEGIN
  -------         PROC          _CAN1INIT_FILTERSNMASKS
  D:0001H         SYMBOL        num
  D:0032H         SYMBOL        ulData
  -------         DO            
  D:0007H         SYMBOL        res
  -------         ENDDO         
  C:50A2H         LINE#         439
  C:50A4H         LINE#         440
  C:50A4H         LINE#         441
  C:50A4H         LINE#         443
  C:50AFH         LINE#         444
  C:50B0H         LINE#         446
  C:50D8H         LINE#         447
  C:50D8H         LINE#         448
  C:50D8H         LINE#         449
  C:50E6H         LINE#         450
  C:50E8H         LINE#         452
  C:50E8H         LINE#         453
  C:50F6H         LINE#         454
  C:50F8H         LINE#         456
  C:50F8H         LINE#         457
  C:5106H         LINE#         458
  C:5108H         LINE#         460
BL51 BANKED LINKER/LOCATER V6.22            06/02/2016  08:16:07  PAGE 26


  C:5108H         LINE#         461
  C:5116H         LINE#         462
  C:5118H         LINE#         464
  C:5118H         LINE#         465
  C:5126H         LINE#         466
  C:5128H         LINE#         468
  C:5128H         LINE#         469
  C:5136H         LINE#         470
  C:5138H         LINE#         472
  C:5138H         LINE#         473
  C:5146H         LINE#         474
  C:5148H         LINE#         476
  C:5148H         LINE#         477
  C:5159H         LINE#         478
  C:5159H         LINE#         479
  C:5159H         LINE#         481
  C:515EH         LINE#         482
  -------         ENDPROC       _CAN1INIT_FILTERSNMASKS
  -------         PROC          _CAN1READ_CANMSG
  D:0006H         SYMBOL        RxBuff
  -------         DO            
  D:004CH         SYMBOL        i
  D:004DH         SYMBOL        j
  D:004EH         SYMBOL        canID
  -------         ENDDO         
  C:4286H         LINE#         488
  C:4286H         LINE#         489
  C:4286H         LINE#         493
  C:4289H         LINE#         494
  C:428EH         LINE#         496
  C:4293H         LINE#         497
  C:4298H         LINE#         498
  C:42CAH         LINE#         500
  C:42D2H         LINE#         501
  C:42D2H         LINE#         503
  C:42F2H         LINE#         504
  C:4315H         LINE#         505
  C:4349H         LINE#         506
  C:435BH         LINE#         507
  C:435DH         LINE#         509
  C:435DH         LINE#         510
  C:4362H         LINE#         511
  C:4367H         LINE#         512
  C:4367H         LINE#         514
  C:43A1H         LINE#         517
  C:43ACH         LINE#         518
  C:43ACH         LINE#         519
  C:43C6H         LINE#         520
  C:43DAH         LINE#         521
  C:43F4H         LINE#         522
  C:4417H         LINE#         523
  C:4417H         LINE#         526
  C:441CH         LINE#         528
  C:441EH         LINE#         529
  -------         ENDPROC       _CAN1READ_CANMSG
  -------         PROC          _CAN1GETNEXTFREETXBUF
  D:002AH         SYMBOL        txbuf_n
  -------         DO            
  D:0004H         SYMBOL        i
  D:0007H         SYMBOL        ctrlval
  D:002DH         SYMBOL        ctrlregs
  -------         ENDDO         
  C:55D2H         LINE#         536
  C:55D8H         LINE#         537
  C:55D8H         LINE#         540
BL51 BANKED LINKER/LOCATER V6.22            06/02/2016  08:16:07  PAGE 27


  C:55EBH         LINE#         542
  C:55F5H         LINE#         545
  C:55F6H         LINE#         546
  C:55F6H         LINE#         547
  C:55FFH         LINE#         548
  C:5603H         LINE#         549
  C:5603H         LINE#         550
  C:5611H         LINE#         552
  C:5614H         LINE#         553
  C:5614H         LINE#         554
  C:5618H         LINE#         555
  C:561AH         LINE#         556
  -------         ENDPROC       _CAN1GETNEXTFREETXBUF
  -------         PROC          _CAN1WRITE_CANMSG
  D:0001H         SYMBOL        buffer_sidh_addr
  -------         DO            
  D:0002H         SYMBOL        canid
  D:002AH         SYMBOL        tbufdata
  D:0006H         SYMBOL        i
  -------         ENDDO         
  C:4EE1H         LINE#         563
  C:4EE3H         LINE#         564
  C:4EE3H         LINE#         569
  C:4EF3H         LINE#         570
  C:4F02H         LINE#         571
  C:4F02H         LINE#         572
  C:4F05H         LINE#         573
  C:4F07H         LINE#         574
  C:4F1EH         LINE#         575
  C:4F23H         LINE#         576
  C:4F35H         LINE#         577
  C:4F38H         LINE#         578
  C:4F46H         LINE#         579
  C:4F48H         LINE#         581
  C:4F48H         LINE#         582
  C:4F56H         LINE#         583
  C:4F66H         LINE#         584
  C:4F69H         LINE#         585
  C:4F6BH         LINE#         586
  C:4F6BH         LINE#         588
  C:4F70H         LINE#         589
  C:4F7DH         LINE#         590
  C:4F7DH         LINE#         591
  C:4F7DH         LINE#         592
  C:4F7FH         LINE#         593
  C:4F81H         LINE#         594
  C:4F81H         LINE#         595
  C:4F83H         LINE#         596
  C:4F85H         LINE#         597
  C:4F85H         LINE#         598
  C:4F8AH         LINE#         599
  C:4F8AH         LINE#         600
  C:4F8AH         LINE#         601
  C:4F8CH         LINE#         602
  C:4F99H         LINE#         603
  C:4FA1H         LINE#         604
  C:4FADH         LINE#         605
  C:4FBFH         LINE#         607
  -------         ENDPROC       _CAN1WRITE_CANMSG
  -------         PROC          _CAN1START_TRANSMIT
  D:0006H         SYMBOL        mcp_addr
  C:0076H         LINE#         615
  C:0076H         LINE#         616
  C:0076H         LINE#         617
  C:0079H         LINE#         619
BL51 BANKED LINKER/LOCATER V6.22            06/02/2016  08:16:07  PAGE 28


  C:0086H         LINE#         620
  C:0086H         LINE#         621
  C:0086H         LINE#         622
  C:0088H         LINE#         623
  C:008AH         LINE#         624
  C:008AH         LINE#         625
  C:008CH         LINE#         626
  C:008EH         LINE#         627
  C:008EH         LINE#         628
  C:0093H         LINE#         629
  C:0093H         LINE#         630
  C:0093H         LINE#         632
  -------         ENDPROC       _CAN1START_TRANSMIT
  -------         PROC          INT_CAN1
  C:59ACH         LINE#         644
  C:59ACH         LINE#         646
  C:59AEH         LINE#         647
  C:59B0H         LINE#         648
  -------         ENDPROC       INT_CAN1
  -------         ENDMOD        SPI

  -------         MODULE        TIMERS
  C:0000H         SYMBOL        _ICE_DUMMY_
  D:0080H         PUBLIC        P0
  D:0090H         PUBLIC        P1
  B:00B0H.7       PUBLIC        ROTARY_SOFT
  D:00A0H         PUBLIC        P2
  D:0016H         PUBLIC        msticks
  D:00B0H         PUBLIC        P3
  C:441FH         PUBLIC        ReadInputs
  D:00E7H         PUBLIC        EIE2
  D:00E8H         PUBLIC        ADC0CN
  D:0084H         PUBLIC        SFRPAGE
  D:00E8H         PUBLIC        ADC2CN
  D:00A8H         PUBLIC        IE
  D:00F8H         PUBLIC        CAN0CN
  D:00D8H         PUBLIC        PCA0CN
  D:00B8H         PUBLIC        IP
  C:58CFH         PUBLIC        Oscillator_Init
  B:00B0H.6       PUBLIC        ROTARY_IGN
  D:00C0H         PUBLIC        SMB0CN
  D:00CCH         PUBLIC        TMR3
  C:565FH         PUBLIC        _Start_Timer3
  B:0080H.5       PUBLIC        ROW1
  D:0088H         PUBLIC        CPT0CN
  B:0080H.6       PUBLIC        ROW2
  D:0088H         PUBLIC        CPT1CN
  D:0088H         PUBLIC        CPT2CN
  D:00F8H         PUBLIC        SPI0CN
  C:5984H         PUBLIC        _codedelay
  D:00C9H         PUBLIC        TMR3CF
  D:0088H         PUBLIC        TCON
  D:00C8H         PUBLIC        TMR2CN
  D:00C8H         PUBLIC        TMR3CN
  D:00C8H         PUBLIC        TMR4CN
  D:0097H         PUBLIC        CLKSEL
  B:00C8H.7       PUBLIC        TF3
  D:008CH         PUBLIC        OSCXCN
  B:0021H.0       PUBLIC        IGN_OFF_FLG
  C:5581H         PUBLIC        _Rotary2value
  C:54DAH         PUBLIC        INT_T3_OV
  B:00C8H.2       PUBLIC        TR3
  D:00CAH         PUBLIC        RCAP3
  C:3D81H         PUBLIC        CheckMesgs
  D:0098H         PUBLIC        SCON0
BL51 BANKED LINKER/LOCATER V6.22            06/02/2016  08:16:07  PAGE 29


  D:0098H         PUBLIC        SCON1
  D:00C0H         PUBLIC        CAN0STA
  D:00D0H         PUBLIC        PSW
  C:5856H         PUBLIC        _mSecDelay
  -------         PROC          OSCILLATOR_INIT
  -------         DO            
  D:0030H         SYMBOL        SFPRPAGE_SAVE
  -------         ENDDO         
  C:58CFH         LINE#         19
  C:58CFH         LINE#         20
  C:58CFH         LINE#         21
  C:58D2H         LINE#         26
  C:58D5H         LINE#         28
  C:58D8H         LINE#         29
  C:58DFH         LINE#         31
  C:58E4H         LINE#         33
  C:58E7H         LINE#         35
  C:58EAH         LINE#         36
  -------         ENDPROC       OSCILLATOR_INIT
  -------         PROC          _MSECDELAY
  D:0006H         SYMBOL        delay
  C:5856H         LINE#         39
  C:5856H         LINE#         40
  C:5856H         LINE#         41
  C:585EH         LINE#         44
  C:586AH         LINE#         47
  C:5876H         LINE#         49
  -------         ENDPROC       _MSECDELAY
  -------         PROC          _CODEDELAY
  D:0006H         SYMBOL        delay
  C:5984H         LINE#         51
  C:5984H         LINE#         52
  C:5984H         LINE#         53
  C:598BH         LINE#         54
  C:598BH         LINE#         55
  C:5990H         LINE#         56
  C:5992H         LINE#         57
  -------         ENDPROC       _CODEDELAY
  -------         PROC          _START_TIMER3
  D:0006H         SYMBOL        OneSecConst
  -------         DO            
  D:0006H         SYMBOL        Reload
  -------         ENDDO         
  C:565FH         LINE#         61
  C:565FH         LINE#         62
  C:565FH         LINE#         67
  C:5662H         LINE#         69
  C:5674H         LINE#         71
  C:5677H         LINE#         72
  C:567AH         LINE#         74
  C:5683H         LINE#         75
  C:5689H         LINE#         80
  C:568CH         LINE#         81
  C:568EH         LINE#         87
  C:5697H         LINE#         88
  -------         ENDPROC       _START_TIMER3
  -------         PROC          INT_T3_OV
  C:54DAH         LINE#         91
  C:54F7H         LINE#         93
  C:54F9H         LINE#         94
  C:550EH         LINE#         96
  C:5511H         LINE#         98
  C:5514H         LINE#         99
  -------         ENDPROC       INT_T3_OV
  -------         PROC          _ROTARY2VALUE
BL51 BANKED LINKER/LOCATER V6.22            06/02/2016  08:16:07  PAGE 30


  D:002FH         SYMBOL        inbits
  D:0005H         SYMBOL        old
  C:5581H         LINE#         102
  C:5583H         LINE#         103
  C:5583H         LINE#         104
  C:55A5H         LINE#         105
  C:55A5H         LINE#         106
  C:55A5H         LINE#         107
  C:55A8H         LINE#         108
  C:55AAH         LINE#         109
  C:55AAH         LINE#         110
  C:55ADH         LINE#         111
  C:55AFH         LINE#         112
  C:55AFH         LINE#         113
  C:55B2H         LINE#         114
  C:55B4H         LINE#         115
  C:55B4H         LINE#         116
  C:55B7H         LINE#         117
  C:55B9H         LINE#         118
  C:55B9H         LINE#         119
  C:55BCH         LINE#         120
  C:55BEH         LINE#         121
  C:55BEH         LINE#         122
  C:55C1H         LINE#         123
  C:55C3H         LINE#         124
  C:55C3H         LINE#         125
  C:55C6H         LINE#         126
  C:55C8H         LINE#         127
  C:55C8H         LINE#         128
  C:55CBH         LINE#         129
  C:55CDH         LINE#         130
  C:55CDH         LINE#         131
  C:55CFH         LINE#         132
  C:55CFH         LINE#         133
  C:55D1H         LINE#         134
  -------         ENDPROC       _ROTARY2VALUE
  -------         PROC          READINPUTS
  -------         DO            
  D:0025H         SYMBOL        Col1
  D:0029H         SYMBOL        Col2
  D:0006H         SYMBOL        col
  D:002DH         SYMBOL        Ign
  D:002EH         SYMBOL        Soft
  D:0001H         SYMBOL        port1
  D:0003H         SYMBOL        port2
  D:0002H         SYMBOL        port3
  D:0005H         SYMBOL        temp
  -------         ENDDO         
  C:441FH         LINE#         136
  C:441FH         LINE#         137
  C:441FH         LINE#         144
  C:4421H         LINE#         145
  C:4423H         LINE#         146
  C:442AH         LINE#         148
  C:442CH         LINE#         149
  C:442EH         LINE#         150
  C:4430H         LINE#         151
  C:4432H         LINE#         152
  C:4434H         LINE#         154
  C:4441H         LINE#         155
  C:4458H         LINE#         157
  C:4460H         LINE#         158
  C:447EH         LINE#         161
  C:4480H         LINE#         162
  C:4482H         LINE#         163
BL51 BANKED LINKER/LOCATER V6.22            06/02/2016  08:16:07  PAGE 31


  C:4489H         LINE#         165
  C:448BH         LINE#         166
  C:448DH         LINE#         167
  C:448FH         LINE#         168
  C:4491H         LINE#         169
  C:4493H         LINE#         171
  C:44A1H         LINE#         172
  C:44B8H         LINE#         174
  C:44C0H         LINE#         175
  C:44D2H         LINE#         177
  C:453AH         LINE#         178
  C:4582H         LINE#         179
  -------         ENDPROC       READINPUTS
  -------         PROC          CHECKMESGS
  -------         DO            
  D:0025H         SYMBOL        i
  D:0026H         SYMBOL        j
  D:0027H         SYMBOL        port
  B:0020H.5       SYMBOL        found
  -------         ENDDO         
  C:3D81H         LINE#         182
  C:3D81H         LINE#         183
  C:3D81H         LINE#         185
  C:3D83H         LINE#         187
  C:3D86H         LINE#         188
  C:3D86H         LINE#         189
  C:3DA9H         LINE#         190
  C:3DA9H         LINE#         191
  C:3DBFH         LINE#         192
  C:3DC4H         LINE#         193
  C:3DC7H         LINE#         194
  C:3DEBH         LINE#         195
  C:3DFFH         LINE#         196
  C:3E0DH         LINE#         197
  C:3E3AH         LINE#         199
  C:3E3FH         LINE#         200
  C:3E55H         LINE#         201
  C:3E57H         LINE#         202
  C:3E57H         LINE#         203
  C:3E63H         LINE#         205
  C:3E74H         LINE#         206
  C:3E74H         LINE#         207
  C:3EBEH         LINE#         208
  C:3EBEH         LINE#         209
  C:3EDBH         LINE#         211
  C:3EF8H         LINE#         212
  C:3F1BH         LINE#         213
  C:3F39H         LINE#         214
  C:3F47H         LINE#         215
  C:3F7EH         LINE#         218
  C:3F81H         LINE#         219
  C:3F81H         LINE#         220
  C:3F86H         LINE#         221
  C:3F88H         LINE#         222
  C:3F88H         LINE#         224
  C:3FA7H         LINE#         225
  C:3FA7H         LINE#         226
  C:3FADH         LINE#         227
  C:3FADH         LINE#         228
  C:3FC9H         LINE#         229
  C:3FE5H         LINE#         230
  C:3FE5H         LINE#         231
  C:4008H         LINE#         232
  C:4058H         LINE#         233
  C:4058H         LINE#         234
BL51 BANKED LINKER/LOCATER V6.22            06/02/2016  08:16:07  PAGE 32


  C:4058H         LINE#         235
  C:4058H         LINE#         237
  C:405BH         LINE#         238
  C:405BH         LINE#         239
  C:4075H         LINE#         240
  C:4075H         LINE#         241
  C:4079H         LINE#         242
  C:4090H         LINE#         243
  C:4090H         LINE#         244
  C:4099H         LINE#         245
  C:4099H         LINE#         247
  C:40B9H         LINE#         248
  C:40BEH         LINE#         249
  -------         ENDPROC       CHECKMESGS
  -------         ENDMOD        TIMERS

  -------         MODULE        USER
  C:0000H         SYMBOL        _ICE_DUMMY_
  D:0080H         PUBLIC        P0
  D:00A0H         PUBLIC        P2
  D:00B0H         PUBLIC        P3
  B:00A0H.3       PUBLIC        LED1
  D:00E8H         PUBLIC        ADC0CN
  D:00E8H         PUBLIC        ADC2CN
  D:00A8H         PUBLIC        IE
  D:00F8H         PUBLIC        CAN0CN
  D:00D8H         PUBLIC        PCA0CN
  D:00B8H         PUBLIC        IP
  D:00C0H         PUBLIC        SMB0CN
  D:0088H         PUBLIC        CPT0CN
[...]
  C:0D83H         LINE#         2021
  C:0D85H         LINE#         2022
  C:0D87H         LINE#         2023
  C:0D89H         LINE#         2024
  C:0D8BH         LINE#         2025
  C:0D8DH         LINE#         2026
  C:0D8FH         LINE#         2027
  C:0D91H         LINE#         2028
  C:0DB6H         LINE#         2031
  C:0DBCH         LINE#         2032
  C:0DBEH         LINE#         2033
  C:0DC0H         LINE#         2034
  C:0DC6H         LINE#         2035
  C:0DCAH         LINE#         2036
  C:0DCDH         LINE#         2037
  C:0DF2H         LINE#         2038
  C:0DF8H         LINE#         2039
  C:0DFAH         LINE#         2040
  C:0DFCH         LINE#         2041
  C:0DFEH         LINE#         2042
  C:0E00H         LINE#         2043
  C:0E02H         LINE#         2044
  C:0E05H         LINE#         2045
  C:0E09H         LINE#         2046
  C:0E0EH         LINE#         2047
  C:0E10H         LINE#         2048
  C:0E12H         LINE#         2049
  C:0E14H         LINE#         2050
  C:0E16H         LINE#         2051
  C:0E18H         LINE#         2052
  C:0E1CH         LINE#         2053
  C:0E1FH         LINE#         2054
  C:0E44H         LINE#         2057
  C:0E4AH         LINE#         2058
  C:0E4CH         LINE#         2059
  C:0E4EH         LINE#         2060
  C:0E54H         LINE#         2061
  C:0E58H         LINE#         2062
  C:0E5AH         LINE#         2063
  C:0E7FH         LINE#         2064
  C:0E85H         LINE#         2065
  C:0E87H         LINE#         2066
  C:0E89H         LINE#         2067
  C:0E8BH         LINE#         2068
  C:0E8DH         LINE#         2069
BL51 BANKED LINKER/LOCATER V6.22            06/02/2016  08:16:07  PAGE 56


  C:0E8FH         LINE#         2070
  C:0E92H         LINE#         2071
  C:0E96H         LINE#         2072
  C:0E9BH         LINE#         2073
  C:0E9DH         LINE#         2074
  C:0E9FH         LINE#         2075
  C:0EA1H         LINE#         2076
  C:0EA3H         LINE#         2077
  C:0EA5H         LINE#         2078
  C:0EA9H         LINE#         2079
  C:0EACH         LINE#         2080
  C:0ED1H         LINE#         2083
  C:0ED7H         LINE#         2084
  C:0ED9H         LINE#         2085
  C:0EDBH         LINE#         2086
  C:0EE1H         LINE#         2087
  C:0EE5H         LINE#         2088
  C:0EE9H         LINE#         2089
  C:0F0EH         LINE#         2090
  C:0F14H         LINE#         2091
  C:0F16H         LINE#         2092
  C:0F18H         LINE#         2093
  C:0F1AH         LINE#         2094
  C:0F1CH         LINE#         2095
  C:0F1EH         LINE#         2096
  C:0F21H         LINE#         2097
  C:0F25H         LINE#         2098
  C:0F2AH         LINE#         2099
  C:0F2CH         LINE#         2100
  C:0F2EH         LINE#         2101
  C:0F30H         LINE#         2102
  C:0F32H         LINE#         2103
  C:0F34H         LINE#         2104
  C:0F38H         LINE#         2105
  C:0F3BH         LINE#         2106
  C:0F60H         LINE#         2109
  C:0F66H         LINE#         2110
  C:0F68H         LINE#         2111
  C:0F6AH         LINE#         2112
  C:0F70H         LINE#         2113
  C:0F74H         LINE#         2114
  C:0F78H         LINE#         2115
  C:0F9DH         LINE#         2116
  C:0FA3H         LINE#         2117
  C:0FA5H         LINE#         2118
  C:0FA7H         LINE#         2119
  C:0FA9H         LINE#         2120
  C:0FABH         LINE#         2121
  C:0FADH         LINE#         2122
  C:0FB0H         LINE#         2123
  C:0FB4H         LINE#         2124
  C:0FB9H         LINE#         2125
  C:0FBBH         LINE#         2126
  C:0FBDH         LINE#         2127
  C:0FBFH         LINE#         2128
  C:0FC1H         LINE#         2129
  C:0FC3H         LINE#         2130
  C:0FC7H         LINE#         2131
  C:0FCAH         LINE#         2132
  C:0FEFH         LINE#         2135
  C:0FF5H         LINE#         2136
  C:0FF7H         LINE#         2137
  C:0FF9H         LINE#         2138
  C:0FFFH         LINE#         2139
  C:1003H         LINE#         2140
BL51 BANKED LINKER/LOCATER V6.22            06/02/2016  08:16:07  PAGE 57


  C:1007H         LINE#         2141
  C:102CH         LINE#         2142
  C:1032H         LINE#         2143
  C:1034H         LINE#         2144
  C:1036H         LINE#         2145
  C:1038H         LINE#         2146
  C:103AH         LINE#         2147
  C:103CH         LINE#         2148
  C:103FH         LINE#         2149
  C:1043H         LINE#         2150
  C:1048H         LINE#         2151
  C:104AH         LINE#         2152
  C:104CH         LINE#         2153
  C:104EH         LINE#         2154
  C:1050H         LINE#         2155
  C:1052H         LINE#         2156
  C:1056H         LINE#         2157
  C:1059H         LINE#         2158
  C:107EH         LINE#         2161
  C:1088H         LINE#         2169
  C:108BH         LINE#         2170
  C:108DH         LINE#         2172
  C:109CH         LINE#         2173
  C:109CH         LINE#         2175
  C:109FH         LINE#         2176
  C:109FH         LINE#         2177
  C:10BFH         LINE#         2179
  C:10C6H         LINE#         2180
  C:10C6H         LINE#         2181
  C:10CDH         LINE#         2182
  C:10DFH         LINE#         2183
  C:10DFH         LINE#         2184
  C:10E1H         LINE#         2185
  C:10E1H         LINE#         2186
  C:10E7H         LINE#         2187
  C:10E7H         LINE#         2188
  C:10ECH         LINE#         2190
  C:10EFH         LINE#         2191
  C:10F2H         LINE#         2192
  C:10F7H         LINE#         2193
  C:10FEH         LINE#         2194
  C:1103H         LINE#         2195
  C:110AH         LINE#         2196
  C:1114H         LINE#         2197
  C:1114H         LINE#         2198
  C:1116H         LINE#         2199
  C:1135H         LINE#         2201
  C:113AH         LINE#         2202
  C:1143H         LINE#         2203
  C:1148H         LINE#         2204
  C:1151H         LINE#         2205
  C:1151H         LINE#         2208
  C:1153H         LINE#         2209
  C:1155H         LINE#         2210
  C:1157H         LINE#         2212
  C:115EH         LINE#         2213
  C:115EH         LINE#         2214
  C:1165H         LINE#         2215
  C:1165H         LINE#         2216
  C:116CH         LINE#         2217
  C:116CH         LINE#         2218
  C:1173H         LINE#         2219
  C:1173H         LINE#         2220
  C:1173H         LINE#         2222
  C:1196H         LINE#         2223
BL51 BANKED LINKER/LOCATER V6.22            06/02/2016  08:16:07  PAGE 58


  C:1196H         LINE#         2224
  C:11A2H         LINE#         2225
  C:11A7H         LINE#         2227
  C:11D1H         LINE#         2228
  C:11DBH         LINE#         2229
  C:11DBH         LINE#         2230
  C:11F9H         LINE#         2231
  C:1217H         LINE#         2232
  C:1235H         LINE#         2233
  C:1247H         LINE#         2234
  C:125BH         LINE#         2235
  C:126FH         LINE#         2236
  C:1285H         LINE#         2237
  C:129BH         LINE#         2238
  C:12C7H         LINE#         2239
  C:12C7H         LINE#         2242
  C:12F1H         LINE#         2243
  C:12FBH         LINE#         2244
  C:12FBH         LINE#         2245
  C:1310H         LINE#         2246
  C:1310H         LINE#         2247
  C:1310H         LINE#         2248
  C:1321H         LINE#         2249
  C:1323H         LINE#         2250
  C:1350H         LINE#         2251
  C:1350H         LINE#         2252
  C:1350H         LINE#         2253
  C:1362H         LINE#         2254
  C:1365H         LINE#         2255
  C:1391H         LINE#         2256
  C:1391H         LINE#         2257
  C:1391H         LINE#         2258
  C:13A3H         LINE#         2259
  C:13A6H         LINE#         2260
  C:13D0H         LINE#         2261
  C:13D3H         LINE#         2262
  C:13D3H         LINE#         2263
  C:13D3H         LINE#         2264
  C:13FEH         LINE#         2265
  C:13FEH         LINE#         2267
  C:1408H         LINE#         2268
  C:1408H         LINE#         2269
  C:1432H         LINE#         2270
  C:1439H         LINE#         2271
  C:1439H         LINE#         2272
  C:144EH         LINE#         2273
  C:147BH         LINE#         2274
  C:147EH         LINE#         2275
  C:147EH         LINE#         2276
  C:147EH         LINE#         2277
  C:147EH         LINE#         2280
  C:1484H         LINE#         2281
  C:1487H         LINE#         2284
  C:1498H         LINE#         2285
  C:1498H         LINE#         2286
  C:149BH         LINE#         2288
  C:14A4H         LINE#         2289
  C:14A4H         LINE#         2292
  C:14AFH         LINE#         2293
  C:14AFH         LINE#         2295
  C:14B2H         LINE#         2296
  C:14CCH         LINE#         2297
  C:14CCH         LINE#         2298
  C:14FCH         LINE#         2299
  C:1510H         LINE#         2301
BL51 BANKED LINKER/LOCATER V6.22            06/02/2016  08:16:07  PAGE 59


  C:1527H         LINE#         2302
  C:1527H         LINE#         2303
  C:152FH         LINE#         2305
  C:1559H         LINE#         2306
  C:1563H         LINE#         2307
  C:1563H         LINE#         2308
  C:1565H         LINE#         2309
  C:15A5H         LINE#         2310
  C:15A5H         LINE#         2311
  C:15A5H         LINE#         2313
  C:15B6H         LINE#         2314
  C:15C8H         LINE#         2315
  C:15F3H         LINE#         2318
  C:1604H         LINE#         2319
  C:1615H         LINE#         2320
  C:1626H         LINE#         2321
  C:1637H         LINE#         2322
  C:1648H         LINE#         2323
  C:1659H         LINE#         2324
  C:166AH         LINE#         2325
  C:167BH         LINE#         2326
  C:16A6H         LINE#         2327
  C:16A8H         LINE#         2328
  C:16AAH         LINE#         2329
  C:16ADH         LINE#         2330
  C:16ADH         LINE#         2332
  C:16BEH         LINE#         2333
  C:16BEH         LINE#         2334
  C:16BEH         LINE#         2337
  C:16BEH         LINE#         2338
  C:16BEH         LINE#         2339
  C:16BEH         LINE#         2340
  C:16BEH         LINE#         2341
  C:16BEH         LINE#         2342
  C:16BEH         LINE#         2343
  C:16BEH         LINE#         2344
  C:16BEH         LINE#         2345
  C:16BEH         LINE#         2346
  C:16BEH         LINE#         2347
  C:16C1H         LINE#         2349
  C:16C1H         LINE#         2351
  C:16D3H         LINE#         2352
  C:16E5H         LINE#         2353
  C:1710H         LINE#         2356
  C:1721H         LINE#         2357
  C:1732H         LINE#         2358
  C:1743H         LINE#         2359
  C:1754H         LINE#         2360
  C:1778H         LINE#         2361
  C:1778H         LINE#         2362
  C:177BH         LINE#         2363
  C:177BH         LINE#         2365
  C:178DH         LINE#         2366
  C:179FH         LINE#         2367
  C:17CAH         LINE#         2370
  C:17DBH         LINE#         2371
  C:17ECH         LINE#         2372
  C:17FDH         LINE#         2373
  C:180EH         LINE#         2374
  C:1820H         LINE#         2375
  C:1831H         LINE#         2376
  C:1843H         LINE#         2377
  C:1855H         LINE#         2378
  C:187AH         LINE#         2379
  C:187AH         LINE#         2380
BL51 BANKED LINKER/LOCATER V6.22            06/02/2016  08:16:07  PAGE 60


  C:187DH         LINE#         2381
  C:187DH         LINE#         2383
  C:188FH         LINE#         2384
  C:18A1H         LINE#         2385
  C:18CCH         LINE#         2388
  C:18DDH         LINE#         2389
  C:18EEH         LINE#         2390
  C:1900H         LINE#         2391
  C:1912H         LINE#         2392
  C:1924H         LINE#         2393
  C:1935H         LINE#         2394
  C:1947H         LINE#         2395
  C:1959H         LINE#         2396
  C:197EH         LINE#         2397
  C:197EH         LINE#         2398
  C:1981H         LINE#         2399
  C:1981H         LINE#         2401
  C:1993H         LINE#         2402
  C:19A5H         LINE#         2403
  C:19D0H         LINE#         2406
  C:19E1H         LINE#         2407
  C:19F2H         LINE#         2408
  C:1A04H         LINE#         2409
  C:1A16H         LINE#         2410
  C:1A28H         LINE#         2411
  C:1A39H         LINE#         2412
  C:1A4BH         LINE#         2413
  C:1A5DH         LINE#         2414
  C:1A89H         LINE#         2415
  C:1A8BH         LINE#         2416
  C:1A8BH         LINE#         2418
  C:1A8BH         LINE#         2419
  C:1A8BH         LINE#         2420
  C:1A8BH         LINE#         2421
  C:1A8BH         LINE#         2422
  C:1A8BH         LINE#         2424
  C:1A9DH         LINE#         2425
  C:1A9DH         LINE#         2426
  C:1A9DH         LINE#         2428
  C:1AA0H         LINE#         2429
  -------         ENDPROC       USER2
  -------         PROC          USER3
  -------         DO            
  D:0030H         SYMBOL        cnt
  -------         ENDDO         
  C:56F6H         LINE#         2430
  C:56F6H         LINE#         2431
  C:56F6H         LINE#         2432
  C:56F9H         LINE#         2434
  C:5704H         LINE#         2435
  C:5704H         LINE#         2436
  C:5706H         LINE#         2437
  C:5706H         LINE#         2438
  C:570BH         LINE#         2439
  C:5712H         LINE#         2440
  C:571BH         LINE#         2441
  C:5722H         LINE#         2442
  C:5724H         LINE#         2443
  -------         ENDPROC       USER3
  -------         PROC          USER4
  -------         DO            
  D:0030H         SYMBOL        cnt
  -------         ENDDO         
  C:5725H         LINE#         2444
  C:5725H         LINE#         2445
BL51 BANKED LINKER/LOCATER V6.22            06/02/2016  08:16:07  PAGE 61


  C:5725H         LINE#         2446
  C:5728H         LINE#         2448
  C:5733H         LINE#         2449
  C:5733H         LINE#         2450
  C:5735H         LINE#         2451
  C:5735H         LINE#         2452
  C:573AH         LINE#         2453
  C:5741H         LINE#         2454
  C:574AH         LINE#         2455
  C:5751H         LINE#         2456
  C:5753H         LINE#         2457
  -------         ENDPROC       USER4
  -------         PROC          USER5
  -------         DO            
  D:0030H         SYMBOL        cnt
  -------         ENDDO         
  C:5754H         LINE#         2458
  C:5754H         LINE#         2459
  C:5754H         LINE#         2460
  C:5757H         LINE#         2462
  C:5762H         LINE#         2463
  C:5762H         LINE#         2464
  C:5764H         LINE#         2465
  C:5764H         LINE#         2466
  C:5769H         LINE#         2467
  C:5770H         LINE#         2468
  C:5779H         LINE#         2469
  C:5780H         LINE#         2470
  C:5782H         LINE#         2471
  -------         ENDPROC       USER5
  -------         PROC          USER6
  -------         DO            
  D:0030H         SYMBOL        cnt
  -------         ENDDO         
  C:5783H         LINE#         2472
  C:5783H         LINE#         2473
  C:5783H         LINE#         2474
  C:5786H         LINE#         2476
  C:5791H         LINE#         2477
  C:5791H         LINE#         2478
  C:5793H         LINE#         2479
  C:5793H         LINE#         2480
  C:5798H         LINE#         2481
  C:579FH         LINE#         2482
  C:57A8H         LINE#         2483
  C:57AFH         LINE#         2484
  C:57B1H         LINE#         2485
  -------         ENDPROC       USER6
  -------         PROC          USER7
  -------         DO            
  D:0030H         SYMBOL        cnt
  -------         ENDDO         
  C:57B2H         LINE#         2486
  C:57B2H         LINE#         2487
  C:57B2H         LINE#         2488
  C:57B5H         LINE#         2490
  C:57C0H         LINE#         2491
  C:57C0H         LINE#         2492
  C:57C2H         LINE#         2493
  C:57C2H         LINE#         2494
  C:57C7H         LINE#         2495
  C:57CEH         LINE#         2496
  C:57D7H         LINE#         2497
  C:57DEH         LINE#         2498
  C:57E0H         LINE#         2499
BL51 BANKED LINKER/LOCATER V6.22            06/02/2016  08:16:07  PAGE 62


  -------         ENDPROC       USER7
  -------         PROC          USER8
  C:0072H         LINE#         2501
  C:0072H         LINE#         2502
  C:0072H         LINE#         2503
  -------         ENDPROC       USER8
  -------         ENDMOD        USER

  -------         MODULE        ?C?COPY
  C:3AB8H         PUBLIC        ?C?COPY
  -------         ENDMOD        ?C?COPY

  -------         MODULE        ?C?CLDPTR
  C:3ADEH         PUBLIC        ?C?CLDPTR
  -------         ENDMOD        ?C?CLDPTR

  -------         MODULE        ?C?CLDOPTR
  C:3AF7H         PUBLIC        ?C?CLDOPTR
  -------         ENDMOD        ?C?CLDOPTR

  -------         MODULE        ?C?CSTPTR
  C:3B24H         PUBLIC        ?C?CSTPTR
  -------         ENDMOD        ?C?CSTPTR

  -------         MODULE        ?C?IILDX
  C:3B36H         PUBLIC        ?C?IILDX
  -------         ENDMOD        ?C?IILDX

  -------         MODULE        ?C?SLDIV
  C:561BH         PUBLIC        ?C?SLDIV
  -------         ENDMOD        ?C?SLDIV

  -------         MODULE        ?C?LNOT
  C:3B4CH         PUBLIC        ?C?LNOT
  -------         ENDMOD        ?C?LNOT

  -------         MODULE        ?C?ULCMP
  C:3B59H         PUBLIC        ?C?ULCMP
  -------         ENDMOD        ?C?ULCMP

  -------         MODULE        ?C?ULSHR
  C:3B6AH         PUBLIC        ?C?ULSHR
  -------         ENDMOD        ?C?ULSHR

  -------         MODULE        ?C?LSHL
  C:3B7DH         PUBLIC        ?C?LSHL
  -------         ENDMOD        ?C?LSHL

  -------         MODULE        ?C?LLDOPTR
  C:3B90H         PUBLIC        ?C?LLDOPTR
  -------         ENDMOD        ?C?LLDOPTR

  -------         MODULE        ?C?LSTOPTR
  C:3BC0H         PUBLIC        ?C?LSTOPTR
  -------         ENDMOD        ?C?LSTOPTR

  -------         MODULE        ?C?LSTXDATA
  C:3BE4H         PUBLIC        ?C?LSTXDATA
  -------         ENDMOD        ?C?LSTXDATA

  -------         MODULE        ?C?LSTKXDATA
  C:3BF0H         PUBLIC        ?C?LSTKXDATA
  -------         ENDMOD        ?C?LSTKXDATA

  -------         MODULE        ?C?OFFXADD
BL51 BANKED LINKER/LOCATER V6.22            06/02/2016  08:16:07  PAGE 63


  C:3C21H         PUBLIC        ?C?OFFXADD
  -------         ENDMOD        ?C?OFFXADD

  -------         MODULE        ?C?LCASE
  C:3C2DH         PUBLIC        ?C?LCASE
  -------         ENDMOD        ?C?LCASE

  -------         MODULE        ?C?ULDIV
  C:3CA3H         PUBLIC        ?C?ULDIV
  -------         ENDMOD        ?C?ULDIV

  -------         MODULE        ?C?LLDIDATA
  C:3D35H         PUBLIC        ?C?LLDIDATA
  -------         ENDMOD        ?C?LLDIDATA

  -------         MODULE        ?C?LLDXDATA
  C:3D41H         PUBLIC        ?C?LLDXDATA
  -------         ENDMOD        ?C?LLDXDATA

  -------         MODULE        ?C?LLDPDATA
  C:3D4DH         PUBLIC        ?C?LLDPDATA
  -------         ENDMOD        ?C?LLDPDATA

  -------         MODULE        ?C?LLDCODE
  C:3D59H         PUBLIC        ?C?LLDCODE
  -------         ENDMOD        ?C?LLDCODE

  -------         MODULE        ?C?LSTIDATA
  C:3D69H         PUBLIC        ?C?LSTIDATA
  -------         ENDMOD        ?C?LSTIDATA

  -------         MODULE        ?C?LSTPDATA
  C:3D75H         PUBLIC        ?C?LSTPDATA
  -------         ENDMOD        ?C?LSTPDATA

Program Size: data=101.1 xdata=809 code=22961
LINK/LOCATE RUN COMPLETE.  0 WARNING(S),  0 ERROR(S)
